lps22hh_reg.c:49:9:lps22hh_read_reg	40	static
lps22hh_reg.c:68:9:lps22hh_write_reg	40	static
lps22hh_reg.c:88:9:lps22hh_from_lsb_to_hpa	16	static
lps22hh_reg.c:93:9:lps22hh_from_lsb_to_celsius	16	static
lps22hh_reg.c:119:9:lps22hh_autozero_rst_set	24	static
lps22hh_reg.c:143:9:lps22hh_autozero_rst_get	24	static
lps22hh_reg.c:161:9:lps22hh_autozero_set	24	static
lps22hh_reg.c:185:9:lps22hh_autozero_get	24	static
lps22hh_reg.c:203:9:lps22hh_pressure_snap_rst_set	24	static
lps22hh_reg.c:227:9:lps22hh_pressure_snap_rst_get	24	static
lps22hh_reg.c:245:9:lps22hh_pressure_snap_set	24	static
lps22hh_reg.c:269:9:lps22hh_pressure_snap_get	24	static
lps22hh_reg.c:287:9:lps22hh_block_data_update_set	24	static
lps22hh_reg.c:309:9:lps22hh_block_data_update_get	24	static
lps22hh_reg.c:326:9:lps22hh_data_rate_set	32	static
lps22hh_reg.c:363:9:lps22hh_data_rate_get	32	static
lps22hh_reg.c:457:9:lps22hh_pressure_ref_set	24	static
lps22hh_reg.c:478:9:lps22hh_pressure_ref_get	24	static
lps22hh_reg.c:498:9:lps22hh_pressure_offset_set	24	static
lps22hh_reg.c:519:9:lps22hh_pressure_offset_get	24	static
lps22hh_reg.c:537:9:lps22hh_all_sources_get	24	static
lps22hh_reg.c:565:9:lps22hh_status_reg_get	24	static
lps22hh_reg.c:581:9:lps22hh_press_flag_data_ready_get	24	static
lps22hh_reg.c:599:9:lps22hh_temp_flag_data_ready_get	24	static
lps22hh_reg.c:629:9:lps22hh_pressure_raw_get	24	static
lps22hh_reg.c:649:9:lps22hh_temperature_raw_get	24	static
lps22hh_reg.c:667:9:lps22hh_fifo_pressure_raw_get	24	static
lps22hh_reg.c:688:9:lps22hh_fifo_temperature_raw_get	24	static
lps22hh_reg.c:719:9:lps22hh_device_id_get	24	static
lps22hh_reg.c:735:9:lps22hh_reset_set	24	static
lps22hh_reg.c:758:9:lps22hh_reset_get	24	static
lps22hh_reg.c:777:9:lps22hh_auto_increment_set	24	static
lps22hh_reg.c:801:9:lps22hh_auto_increment_get	24	static
lps22hh_reg.c:819:9:lps22hh_boot_set	24	static
lps22hh_reg.c:842:9:lps22hh_boot_get	24	static
lps22hh_reg.c:872:9:lps22hh_lp_bandwidth_set	24	static
lps22hh_reg.c:895:9:lps22hh_lp_bandwidth_get	24	static
lps22hh_reg.c:944:9:lps22hh_i2c_interface_set	24	static
lps22hh_reg.c:967:9:lps22hh_i2c_interface_get	24	static
lps22hh_reg.c:999:9:lps22hh_i3c_interface_set	24	static
lps22hh_reg.c:1023:9:lps22hh_i3c_interface_get	24	static
lps22hh_reg.c:1059:9:lps22hh_sdo_sa0_mode_set	24	static
lps22hh_reg.c:1082:9:lps22hh_sdo_sa0_mode_get	24	static
lps22hh_reg.c:1114:9:lps22hh_sda_mode_set	24	static
lps22hh_reg.c:1136:9:lps22hh_sda_mode_get	24	static
lps22hh_reg.c:1167:9:lps22hh_spi_mode_set	24	static
lps22hh_reg.c:1189:9:lps22hh_spi_mode_get	24	static
lps22hh_reg.c:1233:9:lps22hh_int_notification_set	24	static
lps22hh_reg.c:1258:9:lps22hh_int_notification_get	24	static
lps22hh_reg.c:1291:9:lps22hh_pin_mode_set	24	static
lps22hh_reg.c:1313:9:lps22hh_pin_mode_get	24	static
lps22hh_reg.c:1344:9:lps22hh_pin_polarity_set	24	static
lps22hh_reg.c:1367:9:lps22hh_pin_polarity_get	24	static
lps22hh_reg.c:1399:9:lps22hh_pin_int_route_set	24	static
lps22hh_reg.c:1415:9:lps22hh_pin_int_route_get	24	static
lps22hh_reg.c:1444:9:lps22hh_int_on_threshold_set	24	static
lps22hh_reg.c:1478:9:lps22hh_int_on_threshold_get	24	static
lps22hh_reg.c:1519:9:lps22hh_int_treshold_set	32	static
lps22hh_reg.c:1545:9:lps22hh_int_treshold_get	32	static
lps22hh_reg.c:1583:9:lps22hh_fifo_mode_set	24	static
lps22hh_reg.c:1605:9:lps22hh_fifo_mode_get	24	static
lps22hh_reg.c:1658:9:lps22hh_fifo_stop_on_wtm_set	24	static
lps22hh_reg.c:1681:9:lps22hh_fifo_stop_on_wtm_get	24	static
lps22hh_reg.c:1698:9:lps22hh_fifo_watermark_set	24	static
lps22hh_reg.c:1720:9:lps22hh_fifo_watermark_get	24	static
lps22hh_reg.c:1737:9:lps22hh_fifo_data_level_get	24	static
lps22hh_reg.c:1752:9:lps22hh_fifo_src_get	24	static
lps22hh_reg.c:1769:9:lps22hh_fifo_full_flag_get	24	static
lps22hh_reg.c:1787:9:lps22hh_fifo_ovr_flag_get	24	static
lps22hh_reg.c:1805:9:lps22hh_fifo_wtm_flag_get	24	static
lps22hh_reg.c:1821:9:lps22hh_fifo_ovr_on_int_set	24	static
lps22hh_reg.c:1842:9:lps22hh_fifo_ovr_on_int_get	24	static
lps22hh_reg.c:1858:9:lps22hh_fifo_threshold_on_int_set	24	static
lps22hh_reg.c:1880:9:lps22hh_fifo_threshold_on_int_get	24	static
lps22hh_reg.c:1897:9:lps22hh_fifo_full_on_int_set	24	static
lps22hh_reg.c:1918:9:lps22hh_fifo_full_on_int_get	24	static
