lsm9ds1_reg.c:49:9:lsm9ds1_read_reg	40	static
lsm9ds1_reg.c:67:9:lsm9ds1_write_reg	40	static
lsm9ds1_reg.c:87:9:lsm9ds1_from_fs2g_to_mg	16	static
lsm9ds1_reg.c:92:9:lsm9ds1_from_fs4g_to_mg	16	static
lsm9ds1_reg.c:97:9:lsm9ds1_from_fs8g_to_mg	16	static
lsm9ds1_reg.c:102:9:lsm9ds1_from_fs16g_to_mg	16	static
lsm9ds1_reg.c:107:9:lsm9ds1_from_fs245dps_to_mdps	16	static
lsm9ds1_reg.c:112:9:lsm9ds1_from_fs500dps_to_mdps	16	static
lsm9ds1_reg.c:117:9:lsm9ds1_from_fs2000dps_to_mdps	16	static
lsm9ds1_reg.c:122:9:lsm9ds1_from_fs4gauss_to_mG	16	static
lsm9ds1_reg.c:127:9:lsm9ds1_from_fs8gauss_to_mG	16	static
lsm9ds1_reg.c:132:9:lsm9ds1_from_fs12gauss_to_mG	16	static
lsm9ds1_reg.c:137:9:lsm9ds1_from_fs16gauss_to_mG	16	static
lsm9ds1_reg.c:142:9:lsm9ds1_from_lsb_to_celsius	16	static
lsm9ds1_reg.c:168:9:lsm9ds1_gy_full_scale_set	24	static
lsm9ds1_reg.c:190:9:lsm9ds1_gy_full_scale_get	24	static
lsm9ds1_reg.c:222:9:lsm9ds1_imu_data_rate_set	32	static
lsm9ds1_reg.c:266:9:lsm9ds1_imu_data_rate_get	32	static
lsm9ds1_reg.c:375:9:lsm9ds1_gy_orient_set	24	static
lsm9ds1_reg.c:400:9:lsm9ds1_gy_orient_get	24	static
lsm9ds1_reg.c:423:9:lsm9ds1_xl_flag_data_ready_get	24	static
lsm9ds1_reg.c:442:9:lsm9ds1_gy_flag_data_ready_get	24	static
lsm9ds1_reg.c:461:9:lsm9ds1_temp_flag_data_ready_get	24	static
lsm9ds1_reg.c:480:9:lsm9ds1_gy_axis_set	24	static
lsm9ds1_reg.c:503:9:lsm9ds1_gy_axis_get	24	static
lsm9ds1_reg.c:524:9:lsm9ds1_xl_axis_set	24	static
lsm9ds1_reg.c:548:9:lsm9ds1_xl_axis_get	24	static
lsm9ds1_reg.c:570:9:lsm9ds1_xl_decimation_set	24	static
lsm9ds1_reg.c:593:9:lsm9ds1_xl_decimation_get	24	static
lsm9ds1_reg.c:628:9:lsm9ds1_xl_full_scale_set	24	static
lsm9ds1_reg.c:651:9:lsm9ds1_xl_full_scale_get	24	static
lsm9ds1_reg.c:687:9:lsm9ds1_block_data_update_set	40	static
lsm9ds1_reg.c:722:9:lsm9ds1_block_data_update_get	40	static
lsm9ds1_reg.c:747:9:lsm9ds1_mag_offset_set	24	static
lsm9ds1_reg.c:764:9:lsm9ds1_mag_offset_get	24	static
lsm9ds1_reg.c:779:9:lsm9ds1_mag_data_rate_set	32	static
lsm9ds1_reg.c:824:9:lsm9ds1_mag_data_rate_get	32	static
lsm9ds1_reg.c:966:9:lsm9ds1_mag_full_scale_set	24	static
lsm9ds1_reg.c:988:9:lsm9ds1_mag_full_scale_get	24	static
lsm9ds1_reg.c:1022:9:lsm9ds1_mag_flag_data_ready_get	24	static
lsm9ds1_reg.c:1055:9:lsm9ds1_temperature_raw_get	24	static
lsm9ds1_reg.c:1071:9:lsm9ds1_angular_rate_raw_get	24	static
lsm9ds1_reg.c:1087:9:lsm9ds1_acceleration_raw_get	24	static
lsm9ds1_reg.c:1103:9:lsm9ds1_magnetic_raw_get	24	static
lsm9ds1_reg.c:1118:9:lsm9ds1_magnetic_overflow_get	24	static
lsm9ds1_reg.c:1150:9:lsm9ds1_dev_id_get	32	static
lsm9ds1_reg.c:1172:9:lsm9ds1_dev_status_get	32	static
lsm9ds1_reg.c:1196:9:lsm9ds1_dev_reset_set	40	static
lsm9ds1_reg.c:1231:9:lsm9ds1_dev_reset_get	40	static
lsm9ds1_reg.c:1256:9:lsm9ds1_dev_data_format_set	40	static
lsm9ds1_reg.c:1292:9:lsm9ds1_dev_data_format_get	40	static
lsm9ds1_reg.c:1328:9:lsm9ds1_dev_boot_set	40	static
lsm9ds1_reg.c:1363:9:lsm9ds1_dev_boot_get	40	static
lsm9ds1_reg.c:1400:9:lsm9ds1_gy_filter_reference_set	24	static
lsm9ds1_reg.c:1415:9:lsm9ds1_gy_filter_reference_get	24	static
lsm9ds1_reg.c:1430:9:lsm9ds1_gy_filter_lp_bandwidth_set	24	static
lsm9ds1_reg.c:1453:9:lsm9ds1_gy_filter_lp_bandwidth_get	24	static
lsm9ds1_reg.c:1488:9:lsm9ds1_gy_filter_out_path_set	32	static
lsm9ds1_reg.c:1523:9:lsm9ds1_gy_filter_out_path_get	32	static
lsm9ds1_reg.c:1565:9:lsm9ds1_gy_filter_int_path_set	32	static
lsm9ds1_reg.c:1599:9:lsm9ds1_gy_filter_int_path_get	32	static
lsm9ds1_reg.c:1640:9:lsm9ds1_gy_filter_hp_bandwidth_set	24	static
lsm9ds1_reg.c:1663:9:lsm9ds1_gy_filter_hp_bandwidth_get	24	static
lsm9ds1_reg.c:1717:9:lsm9ds1_xl_filter_aalias_bandwidth_set	24	static
lsm9ds1_reg.c:1742:9:lsm9ds1_xl_filter_aalias_bandwidth_get	24	static
lsm9ds1_reg.c:1781:9:lsm9ds1_xl_filter_int_path_set	24	static
lsm9ds1_reg.c:1805:9:lsm9ds1_xl_filter_int_path_get	24	static
lsm9ds1_reg.c:1835:9:lsm9ds1_xl_filter_out_path_set	24	static
lsm9ds1_reg.c:1859:9:lsm9ds1_xl_filter_out_path_get	24	static
lsm9ds1_reg.c:1890:9:lsm9ds1_xl_filter_lp_bandwidth_set	24	static
lsm9ds1_reg.c:1916:9:lsm9ds1_xl_filter_lp_bandwidth_get	24	static
lsm9ds1_reg.c:1956:9:lsm9ds1_xl_filter_hp_bandwidth_set	24	static
lsm9ds1_reg.c:1981:9:lsm9ds1_xl_filter_hp_bandwidth_get	24	static
lsm9ds1_reg.c:2018:9:lsm9ds1_filter_settling_mask_set	24	static
lsm9ds1_reg.c:2039:9:lsm9ds1_filter_settling_mask_get	24	static
lsm9ds1_reg.c:2072:9:lsm9ds1_auto_increment_set	24	static
lsm9ds1_reg.c:2094:9:lsm9ds1_auto_increment_get	24	static
lsm9ds1_reg.c:2113:9:lsm9ds1_spi_mode_set	40	static
lsm9ds1_reg.c:2146:9:lsm9ds1_spi_mode_get	40	static
lsm9ds1_reg.c:2181:9:lsm9ds1_i2c_interface_set	40	static
lsm9ds1_reg.c:2216:9:lsm9ds1_i2c_interface_get	40	static
lsm9ds1_reg.c:2264:9:lsm9ds1_pin_logic_set	32	static
lsm9ds1_reg.c:2298:9:lsm9ds1_pin_logic_get	32	static
lsm9ds1_reg.c:2332:9:lsm9ds1_pin_int1_route_set	24	static
lsm9ds1_reg.c:2361:9:lsm9ds1_pin_int1_route_get	24	static
lsm9ds1_reg.c:2389:9:lsm9ds1_pin_int2_route_set	24	static
lsm9ds1_reg.c:2417:9:lsm9ds1_pin_int2_route_get	24	static
lsm9ds1_reg.c:2444:9:lsm9ds1_pin_notification_set	40	static
lsm9ds1_reg.c:2491:9:lsm9ds1_pin_notification_get	40	static
lsm9ds1_reg.c:2532:9:lsm9ds1_pin_mode_set	24	static
lsm9ds1_reg.c:2553:9:lsm9ds1_pin_mode_get	24	static
lsm9ds1_reg.c:2581:9:lsm9ds1_pin_int_m_route_set	24	static
lsm9ds1_reg.c:2603:9:lsm9ds1_pin_int_m_route_get	24	static
lsm9ds1_reg.c:2624:9:lsm9ds1_pin_polarity_set	40	static
lsm9ds1_reg.c:2661:9:lsm9ds1_pin_polarity_get	40	static
lsm9ds1_reg.c:2710:9:lsm9ds1_xl_trshld_axis_set	24	static
lsm9ds1_reg.c:2740:9:lsm9ds1_xl_trshld_axis_get	24	static
lsm9ds1_reg.c:2766:9:lsm9ds1_xl_trshld_set	24	static
lsm9ds1_reg.c:2781:9:lsm9ds1_xl_trshld_get	24	static
lsm9ds1_reg.c:2796:9:lsm9ds1_xl_trshld_min_sample_set	24	static
lsm9ds1_reg.c:2825:9:lsm9ds1_xl_trshld_min_sample_get	24	static
lsm9ds1_reg.c:2845:9:lsm9ds1_gy_trshld_src_get	24	static
lsm9ds1_reg.c:2872:9:lsm9ds1_xl_trshld_src_get	24	static
lsm9ds1_reg.c:2900:9:lsm9ds1_gy_trshld_axis_set	24	static
lsm9ds1_reg.c:2930:9:lsm9ds1_gy_trshld_axis_get	24	static
lsm9ds1_reg.c:2955:9:lsm9ds1_gy_trshld_mode_set	24	static
lsm9ds1_reg.c:2978:9:lsm9ds1_gy_trshld_mode_get	24	static
lsm9ds1_reg.c:3007:9:lsm9ds1_gy_trshld_x_set	32	static
lsm9ds1_reg.c:3041:9:lsm9ds1_gy_trshld_x_get	32	static
lsm9ds1_reg.c:3068:9:lsm9ds1_gy_trshld_y_set	32	static
lsm9ds1_reg.c:3102:9:lsm9ds1_gy_trshld_y_get	32	static
lsm9ds1_reg.c:3128:9:lsm9ds1_gy_trshld_z_set	32	static
lsm9ds1_reg.c:3162:9:lsm9ds1_gy_trshld_z_get	32	static
lsm9ds1_reg.c:3189:9:lsm9ds1_gy_trshld_min_sample_set	24	static
lsm9ds1_reg.c:3218:9:lsm9ds1_gy_trshld_min_sample_get	24	static
lsm9ds1_reg.c:3238:9:lsm9ds1_mag_trshld_axis_set	24	static
lsm9ds1_reg.c:3263:9:lsm9ds1_mag_trshld_axis_get	24	static
lsm9ds1_reg.c:3285:9:lsm9ds1_mag_trshld_src_get	24	static
lsm9ds1_reg.c:3311:9:lsm9ds1_mag_trshld_get	32	static
lsm9ds1_reg.c:3352:9:lsm9ds1_act_threshold_set	24	static
lsm9ds1_reg.c:3373:9:lsm9ds1_act_threshold_get	24	static
lsm9ds1_reg.c:3392:9:lsm9ds1_act_mode_set	32	static
lsm9ds1_reg.c:3422:9:lsm9ds1_act_mode_get	32	static
lsm9ds1_reg.c:3455:9:lsm9ds1_act_duration_set	24	static
lsm9ds1_reg.c:3470:9:lsm9ds1_act_duration_get	24	static
lsm9ds1_reg.c:3485:9:lsm9ds1_act_src_get	24	static
lsm9ds1_reg.c:3526:9:lsm9ds1_6d_mode_set	32	static
lsm9ds1_reg.c:3560:9:lsm9ds1_6d_mode_get	32	static
lsm9ds1_reg.c:3604:9:lsm9ds1_6d_threshold_set	24	static
lsm9ds1_reg.c:3619:9:lsm9ds1_6d_threshold_get	24	static
lsm9ds1_reg.c:3634:9:lsm9ds1_6d_src_get	24	static
lsm9ds1_reg.c:3674:9:lsm9ds1_fifo_stop_on_wtm_set	24	static
lsm9ds1_reg.c:3696:9:lsm9ds1_fifo_stop_on_wtm_get	24	static
lsm9ds1_reg.c:3715:9:lsm9ds1_fifo_mode_set	32	static
lsm9ds1_reg.c:3744:9:lsm9ds1_fifo_mode_get	32	static
lsm9ds1_reg.c:3789:9:lsm9ds1_fifo_temp_batch_set	24	static
lsm9ds1_reg.c:3810:9:lsm9ds1_fifo_temp_batch_get	24	static
lsm9ds1_reg.c:3829:9:lsm9ds1_fifo_watermark_set	24	static
lsm9ds1_reg.c:3850:9:lsm9ds1_fifo_watermark_get	24	static
lsm9ds1_reg.c:3869:9:lsm9ds1_fifo_full_flag_get	24	static
lsm9ds1_reg.c:3888:9:lsm9ds1_fifo_data_level_get	24	static
lsm9ds1_reg.c:3907:9:lsm9ds1_fifo_ovr_flag_get	24	static
lsm9ds1_reg.c:3926:9:lsm9ds1_fifo_wtm_flag_get	24	static
lsm9ds1_reg.c:3958:9:lsm9ds1_xl_self_test_set	24	static
lsm9ds1_reg.c:3979:9:lsm9ds1_xl_self_test_get	24	static
lsm9ds1_reg.c:3998:9:lsm9ds1_gy_self_test_set	24	static
lsm9ds1_reg.c:4019:9:lsm9ds1_gy_self_test_get	24	static
lsm9ds1_reg.c:4038:9:lsm9ds1_mag_self_test_set	24	static
lsm9ds1_reg.c:4060:9:lsm9ds1_mag_self_test_get	24	static
