main.c:158:5:main	8	static
main.c:240:6:SystemClock_Config	160	static
main.c:286:13:MX_USART2_UART_Init	8	static
main.c:321:13:MX_GPIO_Init	48	static
main.c:366:5:begin	4	static
main.c:370:7:readAltitude	16	static
main.c:381:6:setup	32	static
main.c:417:6:loop	24	static
main.c:522:5:XTENDSerial_Begin	16	static
main.c:525:5:bmp_Begin	4	static
main.c:528:5:bno_Begin	4	static
main.c:532:5:myGPS_Begin	4	static
main.c:536:5:SD_Begin	16	static
main.c:539:5:RTC_Begin	4	static
main.c:542:5:RTC_initialized	4	static
main.c:546:5:SD_Exist	16	static
main.c:549:6:SD_remove	16	static
main.c:552:8:SD_Open	16	static
main.c:555:6:RTC_Adjust	4	static
main.c:559:8:getDateTime	4	static
main.c:563:7:bno_getAccelerometer_getX	4	static
main.c:566:7:bno_getAccelerometer_getY	4	static
main.c:569:7:bno_getAccelerometer_getZ	4	static
main.c:573:7:bno_getEuler_getX	4	static
main.c:576:7:bno_getEuler_getY	4	static
main.c:579:7:bno_getEuler_getZ	4	static
main.c:583:7:bmp_readTemperature	4	static
main.c:586:7:bmp_readPressure	4	static
main.c:590:7:GPS_getLatitude	4	static
main.c:593:7:GPS_getLongitude	4	static
main.c:596:7:GPS_getAltitude	4	static
main.c:600:6:XTENDSerial_print	16	static
main.c:612:6:StartEjection	16	static
main.c:632:6:StartTelemetry	680	static
main.c:757:6:HAL_TIM_PeriodElapsedCallback	16	static
main.c:774:6:Error_Handler	4	static,ignoring_inline_asm
