main.c:158:5:main	8	static
main.c:240:6:SystemClock_Config	160	static
main.c:286:13:MX_USART2_UART_Init	8	static
main.c:321:13:MX_GPIO_Init	48	static
main.c:366:5:begin	4	static
main.c:370:7:readAltitude	16	static
main.c:381:6:setup	32	static
main.c:419:6:loop	48	static
main.c:516:5:XTENDSerial_Begin	16	static
main.c:519:5:bmp_Begin	4	static
main.c:522:5:bno_Begin	4	static
main.c:526:5:myGPS_Begin	4	static
main.c:530:5:SD_Begin	16	static
main.c:533:5:RTC_Begin	4	static
main.c:536:5:RTC_initialized	4	static
main.c:540:5:SD_Exist	16	static
main.c:543:6:SD_remove	16	static
main.c:546:8:SD_Open	16	static
main.c:549:6:RTC_Adjust	4	static
main.c:553:8:getDateTime	4	static
main.c:557:7:bno_getAccelerometer_getX	4	static
main.c:560:7:bno_getAccelerometer_getY	4	static
main.c:563:7:bno_getAccelerometer_getZ	4	static
main.c:567:7:bno_getEuler_getX	4	static
main.c:570:7:bno_getEuler_getY	4	static
main.c:573:7:bno_getEuler_getZ	4	static
main.c:577:7:bmp_readTemperature	4	static
main.c:580:7:bmp_readPressure	4	static
main.c:584:7:GPS_getLatitude	4	static
main.c:587:7:GPS_getLongitude	4	static
main.c:590:7:GPS_getAltitude	4	static
main.c:594:6:XTENDSerial_print	16	static
main.c:606:6:StartEjection	16	static
main.c:627:6:StartTelemetry	648	static
main.c:754:6:HAL_TIM_PeriodElapsedCallback	16	static
main.c:771:6:Error_Handler	4	static,ignoring_inline_asm
