Archive member included to satisfy reference by file (symbol)

c:/st/stm32cubeide_1.3.0/stm32cubeide/plugins/com.st.stm32cube.ide.mcu.externaltools.gnu-tools-for-stm32.7-2018-q2-update.win32_1.0.0.201904181610/tools/bin/../lib/gcc/arm-none-eabi/7.3.1/../../../../arm-none-eabi/lib/thumb/v7e-m/fpv4-sp/hard\libc_nano.a(lib_a-errno.o)
                              Core/Src/syscalls.o (__errno)
c:/st/stm32cubeide_1.3.0/stm32cubeide/plugins/com.st.stm32cube.ide.mcu.externaltools.gnu-tools-for-stm32.7-2018-q2-update.win32_1.0.0.201904181610/tools/bin/../lib/gcc/arm-none-eabi/7.3.1/../../../../arm-none-eabi/lib/thumb/v7e-m/fpv4-sp/hard\libc_nano.a(lib_a-exit.o)
                              c:/st/stm32cubeide_1.3.0/stm32cubeide/plugins/com.st.stm32cube.ide.mcu.externaltools.gnu-tools-for-stm32.7-2018-q2-update.win32_1.0.0.201904181610/tools/bin/../lib/gcc/arm-none-eabi/7.3.1/../../../../arm-none-eabi/lib/thumb/v7e-m/fpv4-sp/hard/crt0.o (exit)
c:/st/stm32cubeide_1.3.0/stm32cubeide/plugins/com.st.stm32cube.ide.mcu.externaltools.gnu-tools-for-stm32.7-2018-q2-update.win32_1.0.0.201904181610/tools/bin/../lib/gcc/arm-none-eabi/7.3.1/../../../../arm-none-eabi/lib/thumb/v7e-m/fpv4-sp/hard\libc_nano.a(lib_a-impure.o)
                              c:/st/stm32cubeide_1.3.0/stm32cubeide/plugins/com.st.stm32cube.ide.mcu.externaltools.gnu-tools-for-stm32.7-2018-q2-update.win32_1.0.0.201904181610/tools/bin/../lib/gcc/arm-none-eabi/7.3.1/../../../../arm-none-eabi/lib/thumb/v7e-m/fpv4-sp/hard\libc_nano.a(lib_a-exit.o) (_global_impure_ptr)
c:/st/stm32cubeide_1.3.0/stm32cubeide/plugins/com.st.stm32cube.ide.mcu.externaltools.gnu-tools-for-stm32.7-2018-q2-update.win32_1.0.0.201904181610/tools/bin/../lib/gcc/arm-none-eabi/7.3.1/../../../../arm-none-eabi/lib/thumb/v7e-m/fpv4-sp/hard\libc_nano.a(lib_a-init.o)
                              c:/st/stm32cubeide_1.3.0/stm32cubeide/plugins/com.st.stm32cube.ide.mcu.externaltools.gnu-tools-for-stm32.7-2018-q2-update.win32_1.0.0.201904181610/tools/bin/../lib/gcc/arm-none-eabi/7.3.1/../../../../arm-none-eabi/lib/thumb/v7e-m/fpv4-sp/hard/crt0.o (__libc_init_array)
c:/st/stm32cubeide_1.3.0/stm32cubeide/plugins/com.st.stm32cube.ide.mcu.externaltools.gnu-tools-for-stm32.7-2018-q2-update.win32_1.0.0.201904181610/tools/bin/../lib/gcc/arm-none-eabi/7.3.1/../../../../arm-none-eabi/lib/thumb/v7e-m/fpv4-sp/hard\libc_nano.a(lib_a-memcpy-stub.o)
                              Middlewares/Third_Party/FreeRTOS/Source/CMSIS_RTOS_V2/cmsis_os2.o (memcpy)
c:/st/stm32cubeide_1.3.0/stm32cubeide/plugins/com.st.stm32cube.ide.mcu.externaltools.gnu-tools-for-stm32.7-2018-q2-update.win32_1.0.0.201904181610/tools/bin/../lib/gcc/arm-none-eabi/7.3.1/../../../../arm-none-eabi/lib/thumb/v7e-m/fpv4-sp/hard\libc_nano.a(lib_a-memset.o)
                              c:/st/stm32cubeide_1.3.0/stm32cubeide/plugins/com.st.stm32cube.ide.mcu.externaltools.gnu-tools-for-stm32.7-2018-q2-update.win32_1.0.0.201904181610/tools/bin/../lib/gcc/arm-none-eabi/7.3.1/../../../../arm-none-eabi/lib/thumb/v7e-m/fpv4-sp/hard/crt0.o (memset)
c:/st/stm32cubeide_1.3.0/stm32cubeide/plugins/com.st.stm32cube.ide.mcu.externaltools.gnu-tools-for-stm32.7-2018-q2-update.win32_1.0.0.201904181610/tools/bin/../lib/gcc/arm-none-eabi/7.3.1/../../../../arm-none-eabi/lib/thumb/v7e-m/fpv4-sp/hard\libc_nano.a(lib_a-strlen.o)
                              Core/Src/main.o (strlen)
c:/st/stm32cubeide_1.3.0/stm32cubeide/plugins/com.st.stm32cube.ide.mcu.externaltools.gnu-tools-for-stm32.7-2018-q2-update.win32_1.0.0.201904181610/tools/bin/../lib/gcc/arm-none-eabi/7.3.1/../../../../arm-none-eabi/lib/thumb/v7e-m/fpv4-sp/hard\libc_nano.a(lib_a-vsnprintf.o)
                              Core/Src/main.o (vsnprintf)
c:/st/stm32cubeide_1.3.0/stm32cubeide/plugins/com.st.stm32cube.ide.mcu.externaltools.gnu-tools-for-stm32.7-2018-q2-update.win32_1.0.0.201904181610/tools/bin/../lib/gcc/arm-none-eabi/7.3.1/../../../../arm-none-eabi/lib/thumb/v7e-m/fpv4-sp/hard\libc_nano.a(lib_a-nano-svfprintf.o)
                              c:/st/stm32cubeide_1.3.0/stm32cubeide/plugins/com.st.stm32cube.ide.mcu.externaltools.gnu-tools-for-stm32.7-2018-q2-update.win32_1.0.0.201904181610/tools/bin/../lib/gcc/arm-none-eabi/7.3.1/../../../../arm-none-eabi/lib/thumb/v7e-m/fpv4-sp/hard\libc_nano.a(lib_a-vsnprintf.o) (_svfprintf_r)
c:/st/stm32cubeide_1.3.0/stm32cubeide/plugins/com.st.stm32cube.ide.mcu.externaltools.gnu-tools-for-stm32.7-2018-q2-update.win32_1.0.0.201904181610/tools/bin/../lib/gcc/arm-none-eabi/7.3.1/../../../../arm-none-eabi/lib/thumb/v7e-m/fpv4-sp/hard\libc_nano.a(lib_a-nano-vfprintf_i.o)
                              c:/st/stm32cubeide_1.3.0/stm32cubeide/plugins/com.st.stm32cube.ide.mcu.externaltools.gnu-tools-for-stm32.7-2018-q2-update.win32_1.0.0.201904181610/tools/bin/../lib/gcc/arm-none-eabi/7.3.1/../../../../arm-none-eabi/lib/thumb/v7e-m/fpv4-sp/hard\libc_nano.a(lib_a-nano-svfprintf.o) (_printf_i)
[...]
Memory Configuration

Name             Origin             Length             Attributes
CCMRAM           0x0000000010000000 0x0000000000004000 xrw
RAM              0x0000000020000000 0x0000000000010000 xrw
FLASH            0x0000000008000000 0x0000000000080000 xr
*default*        0x0000000000000000 0xffffffffffffffff

Linker script and memory map

LOAD c:/st/stm32cubeide_1.3.0/stm32cubeide/plugins/com.st.stm32cube.ide.mcu.externaltools.gnu-tools-for-stm32.7-2018-q2-update.win32_1.0.0.201904181610/tools/bin/../lib/gcc/arm-none-eabi/7.3.1/thumb/v7e-m/fpv4-sp/hard/crti.o
LOAD c:/st/stm32cubeide_1.3.0/stm32cubeide/plugins/com.st.stm32cube.ide.mcu.externaltools.gnu-tools-for-stm32.7-2018-q2-update.win32_1.0.0.201904181610/tools/bin/../lib/gcc/arm-none-eabi/7.3.1/thumb/v7e-m/fpv4-sp/hard/crtbegin.o
LOAD c:/st/stm32cubeide_1.3.0/stm32cubeide/plugins/com.st.stm32cube.ide.mcu.externaltools.gnu-tools-for-stm32.7-2018-q2-update.win32_1.0.0.201904181610/tools/bin/../lib/gcc/arm-none-eabi/7.3.1/../../../../arm-none-eabi/lib/thumb/v7e-m/fpv4-sp/hard/crt0.o
LOAD Core/Src/freertos.o
LOAD Core/Src/main.o
LOAD Core/Src/stm32f3xx_hal_msp.o
LOAD Core/Src/stm32f3xx_hal_timebase_tim.o
LOAD Core/Src/stm32f3xx_it.o
LOAD Core/Src/syscalls.o
LOAD Core/Src/sysmem.o
LOAD Core/Src/system_stm32f3xx.o
LOAD Core/Startup/startup_stm32f303retx.o
LOAD Drivers/STM32F3xx_HAL_Driver/Src/stm32f3xx_hal.o
LOAD Drivers/STM32F3xx_HAL_Driver/Src/stm32f3xx_hal_cortex.o
LOAD Drivers/STM32F3xx_HAL_Driver/Src/stm32f3xx_hal_dma.o
LOAD Drivers/STM32F3xx_HAL_Driver/Src/stm32f3xx_hal_exti.o
LOAD Drivers/STM32F3xx_HAL_Driver/Src/stm32f3xx_hal_flash.o
LOAD Drivers/STM32F3xx_HAL_Driver/Src/stm32f3xx_hal_flash_ex.o
LOAD Drivers/STM32F3xx_HAL_Driver/Src/stm32f3xx_hal_gpio.o
LOAD Drivers/STM32F3xx_HAL_Driver/Src/stm32f3xx_hal_i2c.o
LOAD Drivers/STM32F3xx_HAL_Driver/Src/stm32f3xx_hal_i2c_ex.o
LOAD Drivers/STM32F3xx_HAL_Driver/Src/stm32f3xx_hal_pwr.o
LOAD Drivers/STM32F3xx_HAL_Driver/Src/stm32f3xx_hal_pwr_ex.o
LOAD Drivers/STM32F3xx_HAL_Driver/Src/stm32f3xx_hal_rcc.o
LOAD Drivers/STM32F3xx_HAL_Driver/Src/stm32f3xx_hal_rcc_ex.o
LOAD Drivers/STM32F3xx_HAL_Driver/Src/stm32f3xx_hal_spi.o
LOAD Drivers/STM32F3xx_HAL_Driver/Src/stm32f3xx_hal_spi_ex.o
LOAD Drivers/STM32F3xx_HAL_Driver/Src/stm32f3xx_hal_tim.o
LOAD Drivers/STM32F3xx_HAL_Driver/Src/stm32f3xx_hal_tim_ex.o
LOAD Drivers/STM32F3xx_HAL_Driver/Src/stm32f3xx_hal_uart.o
LOAD Drivers/STM32F3xx_HAL_Driver/Src/stm32f3xx_hal_uart_ex.o
LOAD FATFS/App/fatfs.o
LOAD FATFS/Target/user_diskio.o
LOAD FATFS/Target/user_diskio_spi.o
LOAD Middlewares/Third_Party/FatFs/src/diskio.o
LOAD Middlewares/Third_Party/FatFs/src/ff.o
LOAD Middlewares/Third_Party/FatFs/src/ff_gen_drv.o
LOAD Middlewares/Third_Party/FatFs/src/option/syscall.o
LOAD Middlewares/Third_Party/FreeRTOS/Source/CMSIS_RTOS_V2/cmsis_os2.o
LOAD Middlewares/Third_Party/FreeRTOS/Source/croutine.o
LOAD Middlewares/Third_Party/FreeRTOS/Source/event_groups.o
LOAD Middlewares/Third_Party/FreeRTOS/Source/list.o
LOAD Middlewares/Third_Party/FreeRTOS/Source/queue.o
LOAD Middlewares/Third_Party/FreeRTOS/Source/stream_buffer.o
LOAD Middlewares/Third_Party/FreeRTOS/Source/tasks.o
LOAD Middlewares/Third_Party/FreeRTOS/Source/timers.o
LOAD Middlewares/Third_Party/FreeRTOS/Source/portable/GCC/ARM_CM4F/port.o
LOAD Middlewares/Third_Party/FreeRTOS/Source/portable/MemMang/heap_4.o
START GROUP
LOAD c:/st/stm32cubeide_1.3.0/stm32cubeide/plugins/com.st.stm32cube.ide.mcu.externaltools.gnu-tools-for-stm32.7-2018-q2-update.win32_1.0.0.201904181610/tools/bin/../lib/gcc/arm-none-eabi/7.3.1/../../../../arm-none-eabi/lib/thumb/v7e-m/fpv4-sp/hard\libc_nano.a
LOAD c:/st/stm32cubeide_1.3.0/stm32cubeide/plugins/com.st.stm32cube.ide.mcu.externaltools.gnu-tools-for-stm32.7-2018-q2-update.win32_1.0.0.201904181610/tools/bin/../lib/gcc/arm-none-eabi/7.3.1/../../../../arm-none-eabi/lib/thumb/v7e-m/fpv4-sp/hard\libm.a
END GROUP
START GROUP
LOAD c:/st/stm32cubeide_1.3.0/stm32cubeide/plugins/com.st.stm32cube.ide.mcu.externaltools.gnu-tools-for-stm32.7-2018-q2-update.win32_1.0.0.201904181610/tools/bin/../lib/gcc/arm-none-eabi/7.3.1/thumb/v7e-m/fpv4-sp/hard\libgcc.a
LOAD c:/st/stm32cubeide_1.3.0/stm32cubeide/plugins/com.st.stm32cube.ide.mcu.externaltools.gnu-tools-for-stm32.7-2018-q2-update.win32_1.0.0.201904181610/tools/bin/../lib/gcc/arm-none-eabi/7.3.1/../../../../arm-none-eabi/lib/thumb/v7e-m/fpv4-sp/hard\libc_nano.a
END GROUP
START GROUP
LOAD c:/st/stm32cubeide_1.3.0/stm32cubeide/plugins/com.st.stm32cube.ide.mcu.externaltools.gnu-tools-for-stm32.7-2018-q2-update.win32_1.0.0.201904181610/tools/bin/../lib/gcc/arm-none-eabi/7.3.1/thumb/v7e-m/fpv4-sp/hard\libgcc.a
LOAD c:/st/stm32cubeide_1.3.0/stm32cubeide/plugins/com.st.stm32cube.ide.mcu.externaltools.gnu-tools-for-stm32.7-2018-q2-update.win32_1.0.0.201904181610/tools/bin/../lib/gcc/arm-none-eabi/7.3.1/../../../../arm-none-eabi/lib/thumb/v7e-m/fpv4-sp/hard\libc_nano.a
LOAD c:/st/stm32cubeide_1.3.0/stm32cubeide/plugins/com.st.stm32cube.ide.mcu.externaltools.gnu-tools-for-stm32.7-2018-q2-update.win32_1.0.0.201904181610/tools/bin/../lib/gcc/arm-none-eabi/7.3.1/../../../../arm-none-eabi/lib/thumb/v7e-m/fpv4-sp/hard\libnosys.a
END GROUP
START GROUP
LOAD c:/st/stm32cubeide_1.3.0/stm32cubeide/plugins/com.st.stm32cube.ide.mcu.externaltools.gnu-tools-for-stm32.7-2018-q2-update.win32_1.0.0.201904181610/tools/bin/../lib/gcc/arm-none-eabi/7.3.1/thumb/v7e-m/fpv4-sp/hard\libgcc.a
LOAD c:/st/stm32cubeide_1.3.0/stm32cubeide/plugins/com.st.stm32cube.ide.mcu.externaltools.gnu-tools-for-stm32.7-2018-q2-update.win32_1.0.0.201904181610/tools/bin/../lib/gcc/arm-none-eabi/7.3.1/../../../../arm-none-eabi/lib/thumb/v7e-m/fpv4-sp/hard\libc_nano.a
LOAD c:/st/stm32cubeide_1.3.0/stm32cubeide/plugins/com.st.stm32cube.ide.mcu.externaltools.gnu-tools-for-stm32.7-2018-q2-update.win32_1.0.0.201904181610/tools/bin/../lib/gcc/arm-none-eabi/7.3.1/../../../../arm-none-eabi/lib/thumb/v7e-m/fpv4-sp/hard\libnosys.a
END GROUP
LOAD c:/st/stm32cubeide_1.3.0/stm32cubeide/plugins/com.st.stm32cube.ide.mcu.externaltools.gnu-tools-for-stm32.7-2018-q2-update.win32_1.0.0.201904181610/tools/bin/../lib/gcc/arm-none-eabi/7.3.1/thumb/v7e-m/fpv4-sp/hard/crtend.o
LOAD c:/st/stm32cubeide_1.3.0/stm32cubeide/plugins/com.st.stm32cube.ide.mcu.externaltools.gnu-tools-for-stm32.7-2018-q2-update.win32_1.0.0.201904181610/tools/bin/../lib/gcc/arm-none-eabi/7.3.1/thumb/v7e-m/fpv4-sp/hard/crtn.o
                0x0000000020010000                _estack = (ORIGIN (RAM) + LENGTH (RAM))
                0x0000000000000200                _Min_Heap_Size = 0x200
                0x0000000000000400                _Min_Stack_Size = 0x400

.isr_vector     0x0000000008000000      0x194
                0x0000000008000000                . = ALIGN (0x4)
 *(.isr_vector)
 .isr_vector    0x0000000008000000      0x194 Core/Startup/startup_stm32f303retx.o
                0x0000000008000000                g_pfnVectors
                0x0000000008000194                . = ALIGN (0x4)

.text           0x00000000080001a0     0xb67c
                0x00000000080001a0                . = ALIGN (0x4)
 *(.text)
 .text          0x00000000080001a0       0x40 c:/st/stm32cubeide_1.3.0/stm32cubeide/plugins/com.st.stm32cube.ide.mcu.externaltools.gnu-tools-for-stm32.7-2018-q2-update.win32_1.0.0.201904181610/tools/bin/../lib/gcc/arm-none-eabi/7.3.1/thumb/v7e-m/fpv4-sp/hard/crtbegin.o
 .text          0x00000000080001e0       0x10 c:/st/stm32cubeide_1.3.0/stm32cubeide/plugins/com.st.stm32cube.ide.mcu.externaltools.gnu-tools-for-stm32.7-2018-q2-update.win32_1.0.0.201904181610/tools/bin/../lib/gcc/arm-none-eabi/7.3.1/../../../../arm-none-eabi/lib/thumb/v7e-m/fpv4-sp/hard\libc_nano.a(lib_a-strlen.o)
                0x00000000080001e0                strlen
 .text          0x00000000080001f0       0xa0 c:/st/stm32cubeide_1.3.0/stm32cubeide/plugins/com.st.stm32cube.ide.mcu.externaltools.gnu-tools-for-stm32.7-2018-q2-update.win32_1.0.0.201904181610/tools/bin/../lib/gcc/arm-none-eabi/7.3.1/../../../../arm-none-eabi/lib/thumb/v7e-m/fpv4-sp/hard\libc_nano.a(lib_a-memchr.o)
                0x00000000080001f0                memchr
 *(.text*)
 .text.myprintf
                0x0000000008000290       0x4c Core/Src/main.o
                0x0000000008000290                myprintf
 .text.main     0x00000000080002dc       0x74 Core/Src/main.o
                0x00000000080002dc                main
 .text.SystemClock_Config
                0x0000000008000350       0xbc Core/Src/main.o
                0x0000000008000350                SystemClock_Config
 .text.MX_SPI2_Init
                0x000000000800040c       0x7c Core/Src/main.o
 .text.MX_USART2_UART_Init
                0x0000000008000488       0x60 Core/Src/main.o
 .text.MX_GPIO_Init
                0x00000000080004e8       0xf8 Core/Src/main.o
 .text.StartDefaultTask
                0x00000000080005e0      0x210 Core/Src/main.o
                0x00000000080005e0                StartDefaultTask
 .text.StartTask02
                0x00000000080007f0       0x10 Core/Src/main.o
                0x00000000080007f0                StartTask02
 .text.HAL_TIM_PeriodElapsedCallback
                0x0000000008000800       0x24 Core/Src/main.o
                0x0000000008000800                HAL_TIM_PeriodElapsedCallback
 .text.Error_Handler
                0x0000000008000824        0x8 Core/Src/main.o
                0x0000000008000824                Error_Handler
 .text.HAL_MspInit
                0x000000000800082c       0x50 Core/Src/stm32f3xx_hal_msp.o
                0x000000000800082c                HAL_MspInit
 .text.HAL_SPI_MspInit
                0x000000000800087c       0x88 Core/Src/stm32f3xx_hal_msp.o
                0x000000000800087c                HAL_SPI_MspInit
 .text.HAL_UART_MspInit
                0x0000000008000904       0x84 Core/Src/stm32f3xx_hal_msp.o
                0x0000000008000904                HAL_UART_MspInit
 .text.HAL_InitTick
                0x0000000008000988       0xb0 Core/Src/stm32f3xx_hal_timebase_tim.o
                0x0000000008000988                HAL_InitTick
 .text.NMI_Handler
                0x0000000008000a38        0x6 Core/Src/stm32f3xx_it.o
                0x0000000008000a38                NMI_Handler
 .text.HardFault_Handler
                0x0000000008000a3e        0x6 Core/Src/stm32f3xx_it.o
                0x0000000008000a3e                HardFault_Handler
 .text.MemManage_Handler
                0x0000000008000a44        0x6 Core/Src/stm32f3xx_it.o
                0x0000000008000a44                MemManage_Handler
 .text.BusFault_Handler
                0x0000000008000a4a        0x6 Core/Src/stm32f3xx_it.o
                0x0000000008000a4a                BusFault_Handler
 .text.UsageFault_Handler
                0x0000000008000a50        0x6 Core/Src/stm32f3xx_it.o
                0x0000000008000a50                UsageFault_Handler
 .text.DebugMon_Handler
                0x0000000008000a56        0xe Core/Src/stm32f3xx_it.o
                0x0000000008000a56                DebugMon_Handler
 .text.TIM6_DAC_IRQHandler
                0x0000000008000a64       0x14 Core/Src/stm32f3xx_it.o
                0x0000000008000a64                TIM6_DAC_IRQHandler
 .text._sbrk    0x0000000008000a78       0x6c Core/Src/sysmem.o
                0x0000000008000a78                _sbrk
 .text.SystemInit
                0x0000000008000ae4       0x24 Core/Src/system_stm32f3xx.o
                0x0000000008000ae4                SystemInit
 .text.Reset_Handler
                0x0000000008000b08       0x50 Core/Startup/startup_stm32f303retx.o
                0x0000000008000b08                Reset_Handler
 .text.Default_Handler
                0x0000000008000b58        0x2 Core/Startup/startup_stm32f303retx.o
                0x0000000008000b58                RTC_Alarm_IRQHandler
                0x0000000008000b58                TIM8_TRG_COM_IRQHandler
                0x0000000008000b58                TIM8_CC_IRQHandler
                0x0000000008000b58                SPI4_IRQHandler
                0x0000000008000b58                TIM1_CC_IRQHandler
                0x0000000008000b58                USB_HP_IRQHandler
                0x0000000008000b58                PVD_IRQHandler
                0x0000000008000b58                TAMP_STAMP_IRQHandler
                0x0000000008000b58                EXTI3_IRQHandler
                0x0000000008000b58                I2C3_ER_IRQHandler
                0x0000000008000b58                USB_HP_CAN_TX_IRQHandler
                0x0000000008000b58                EXTI0_IRQHandler
                0x0000000008000b58                I2C2_EV_IRQHandler
                0x0000000008000b58                FPU_IRQHandler
                0x0000000008000b58                TIM1_UP_TIM16_IRQHandler
                0x0000000008000b58                ADC1_2_IRQHandler
                0x0000000008000b58                SPI1_IRQHandler
                0x0000000008000b58                CAN_SCE_IRQHandler
                0x0000000008000b58                TIM8_UP_IRQHandler
                0x0000000008000b58                DMA2_Channel2_IRQHandler
                0x0000000008000b58                DMA1_Channel4_IRQHandler
                0x0000000008000b58                TIM20_TRG_COM_IRQHandler
                0x0000000008000b58                USART3_IRQHandler
                0x0000000008000b58                DMA1_Channel7_IRQHandler
                0x0000000008000b58                UART5_IRQHandler
                0x0000000008000b58                ADC3_IRQHandler
                0x0000000008000b58                TIM4_IRQHandler
                0x0000000008000b58                CAN_RX1_IRQHandler
                0x0000000008000b58                DMA2_Channel1_IRQHandler
                0x0000000008000b58                I2C1_EV_IRQHandler
                0x0000000008000b58                DMA1_Channel6_IRQHandler
                0x0000000008000b58                UART4_IRQHandler
                0x0000000008000b58                DMA2_Channel4_IRQHandler
                0x0000000008000b58                TIM3_IRQHandler
                0x0000000008000b58                RCC_IRQHandler
                0x0000000008000b58                TIM20_UP_IRQHandler
                0x0000000008000b58                DMA1_Channel1_IRQHandler
                0x0000000008000b58                Default_Handler
                0x0000000008000b58                USBWakeUp_RMP_IRQHandler
                0x0000000008000b58                EXTI15_10_IRQHandler
                0x0000000008000b58                TIM7_IRQHandler
                0x0000000008000b58                I2C3_EV_IRQHandler
                0x0000000008000b58                EXTI9_5_IRQHandler
                0x0000000008000b58                RTC_WKUP_IRQHandler
                0x0000000008000b58                SPI2_IRQHandler
                0x0000000008000b58                USB_LP_CAN_RX0_IRQHandler
                0x0000000008000b58                DMA2_Channel5_IRQHandler
                0x0000000008000b58                DMA1_Channel5_IRQHandler
                0x0000000008000b58                USB_LP_IRQHandler
                0x0000000008000b58                EXTI4_IRQHandler
                0x0000000008000b58                TIM1_TRG_COM_TIM17_IRQHandler
                0x0000000008000b58                DMA1_Channel3_IRQHandler
                0x0000000008000b58                ADC4_IRQHandler
                0x0000000008000b58                WWDG_IRQHandler
                0x0000000008000b58                TIM2_IRQHandler
                0x0000000008000b58                COMP7_IRQHandler
                0x0000000008000b58                COMP1_2_3_IRQHandler
                0x0000000008000b58                EXTI1_IRQHandler
                0x0000000008000b58                USART2_IRQHandler
                0x0000000008000b58                COMP4_5_6_IRQHandler
                0x0000000008000b58                TIM20_BRK_IRQHandler
                0x0000000008000b58                I2C2_ER_IRQHandler
                0x0000000008000b58                DMA1_Channel2_IRQHandler
                0x0000000008000b58                TIM8_BRK_IRQHandler
                0x0000000008000b58                FLASH_IRQHandler
                0x0000000008000b58                TIM20_CC_IRQHandler
                0x0000000008000b58                USART1_IRQHandler
                0x0000000008000b58                SPI3_IRQHandler
                0x0000000008000b58                I2C1_ER_IRQHandler
                0x0000000008000b58                FMC_IRQHandler
                0x0000000008000b58                USBWakeUp_IRQHandler
                0x0000000008000b58                DMA2_Channel3_IRQHandler
                0x0000000008000b58                EXTI2_TSC_IRQHandler
                0x0000000008000b58                TIM1_BRK_TIM15_IRQHandler
 *fill*         0x0000000008000b5a        0x2 
 .text.HAL_Init
                0x0000000008000b5c       0x2c Drivers/STM32F3xx_HAL_Driver/Src/stm32f3xx_hal.o
                0x0000000008000b5c                HAL_Init
 .text.HAL_IncTick
                0x0000000008000b88       0x28 Drivers/STM32F3xx_HAL_Driver/Src/stm32f3xx_hal.o
                0x0000000008000b88                HAL_IncTick
 .text.HAL_GetTick
                0x0000000008000bb0       0x18 Drivers/STM32F3xx_HAL_Driver/Src/stm32f3xx_hal.o
                0x0000000008000bb0                HAL_GetTick
 .text.__NVIC_SetPriorityGrouping
                0x0000000008000bc8       0x48 Drivers/STM32F3xx_HAL_Driver/Src/stm32f3xx_hal_cortex.o
 .text.__NVIC_GetPriorityGrouping
                0x0000000008000c10       0x1c Drivers/STM32F3xx_HAL_Driver/Src/stm32f3xx_hal_cortex.o
 .text.__NVIC_EnableIRQ
                0x0000000008000c2c       0x3c Drivers/STM32F3xx_HAL_Driver/Src/stm32f3xx_hal_cortex.o
 .text.__NVIC_SetPriority
                0x0000000008000c68       0x54 Drivers/STM32F3xx_HAL_Driver/Src/stm32f3xx_hal_cortex.o
 .text.NVIC_EncodePriority
                0x0000000008000cbc       0x66 Drivers/STM32F3xx_HAL_Driver/Src/stm32f3xx_hal_cortex.o
 .text.HAL_NVIC_SetPriorityGrouping
                0x0000000008000d22       0x16 Drivers/STM32F3xx_HAL_Driver/Src/stm32f3xx_hal_cortex.o
                0x0000000008000d22                HAL_NVIC_SetPriorityGrouping
 .text.HAL_NVIC_SetPriority
                0x0000000008000d38       0x38 Drivers/STM32F3xx_HAL_Driver/Src/stm32f3xx_hal_cortex.o
                0x0000000008000d38                HAL_NVIC_SetPriority
 .text.HAL_NVIC_EnableIRQ
                0x0000000008000d70       0x1c Drivers/STM32F3xx_HAL_Driver/Src/stm32f3xx_hal_cortex.o
                0x0000000008000d70                HAL_NVIC_EnableIRQ
 .text.HAL_GPIO_Init
                0x0000000008000d8c      0x314 Drivers/STM32F3xx_HAL_Driver/Src/stm32f3xx_hal_gpio.o
                0x0000000008000d8c                HAL_GPIO_Init
 .text.HAL_GPIO_WritePin
                0x00000000080010a0       0x30 Drivers/STM32F3xx_HAL_Driver/Src/stm32f3xx_hal_gpio.o
                0x00000000080010a0                HAL_GPIO_WritePin
 .text.HAL_RCC_OscConfig
                0x00000000080010d0      0xe2c Drivers/STM32F3xx_HAL_Driver/Src/stm32f3xx_hal_rcc.o
                0x00000000080010d0                HAL_RCC_OscConfig
 .text.HAL_RCC_ClockConfig
                0x0000000008001efc      0x2f8 Drivers/STM32F3xx_HAL_Driver/Src/stm32f3xx_hal_rcc.o
                0x0000000008001efc                HAL_RCC_ClockConfig
 .text.HAL_RCC_GetSysClockFreq
                0x00000000080021f4       0xd4 Drivers/STM32F3xx_HAL_Driver/Src/stm32f3xx_hal_rcc.o
                0x00000000080021f4                HAL_RCC_GetSysClockFreq
 .text.HAL_RCC_GetHCLKFreq
                0x00000000080022c8       0x18 Drivers/STM32F3xx_HAL_Driver/Src/stm32f3xx_hal_rcc.o
                0x00000000080022c8                HAL_RCC_GetHCLKFreq
 .text.HAL_RCC_GetPCLK1Freq
                0x00000000080022e0       0x44 Drivers/STM32F3xx_HAL_Driver/Src/stm32f3xx_hal_rcc.o
                0x00000000080022e0                HAL_RCC_GetPCLK1Freq
 .text.HAL_RCC_GetPCLK2Freq
                0x0000000008002324       0x44 Drivers/STM32F3xx_HAL_Driver/Src/stm32f3xx_hal_rcc.o
                0x0000000008002324                HAL_RCC_GetPCLK2Freq
 .text.HAL_RCC_GetClockConfig
                0x0000000008002368       0x64 Drivers/STM32F3xx_HAL_Driver/Src/stm32f3xx_hal_rcc.o
                0x0000000008002368                HAL_RCC_GetClockConfig
 .text.HAL_RCCEx_PeriphCLKConfig
                0x00000000080023cc      0x43c Drivers/STM32F3xx_HAL_Driver/Src/stm32f3xx_hal_rcc_ex.o
                0x00000000080023cc                HAL_RCCEx_PeriphCLKConfig
 .text.HAL_SPI_Init
                0x0000000008002808      0x156 Drivers/STM32F3xx_HAL_Driver/Src/stm32f3xx_hal_spi.o
                0x0000000008002808                HAL_SPI_Init
 .text.HAL_SPI_TransmitReceive
                0x000000000800295e      0x426 Drivers/STM32F3xx_HAL_Driver/Src/stm32f3xx_hal_spi.o
                0x000000000800295e                HAL_SPI_TransmitReceive
 .text.SPI_WaitFlagStateUntilTimeout
                0x0000000008002d84      0x110 Drivers/STM32F3xx_HAL_Driver/Src/stm32f3xx_hal_spi.o
 .text.SPI_WaitFifoStateUntilTimeout
                0x0000000008002e94      0x11c Drivers/STM32F3xx_HAL_Driver/Src/stm32f3xx_hal_spi.o
 .text.SPI_EndRxTxTransaction
                0x0000000008002fb0       0x8c Drivers/STM32F3xx_HAL_Driver/Src/stm32f3xx_hal_spi.o
 .text.HAL_TIM_Base_Init
                0x000000000800303c       0xae Drivers/STM32F3xx_HAL_Driver/Src/stm32f3xx_hal_tim.o
                0x000000000800303c                HAL_TIM_Base_Init
 .text.HAL_TIM_Base_MspInit
                0x00000000080030ea       0x14 Drivers/STM32F3xx_HAL_Driver/Src/stm32f3xx_hal_tim.o
                0x00000000080030ea                HAL_TIM_Base_MspInit
 *fill*         0x00000000080030fe        0x2 
 .text.HAL_TIM_Base_Start_IT
                0x0000000008003100       0xe0 Drivers/STM32F3xx_HAL_Driver/Src/stm32f3xx_hal_tim.o
                0x0000000008003100                HAL_TIM_Base_Start_IT
 .text.HAL_TIM_IRQHandler
                0x00000000080031e0      0x23e Drivers/STM32F3xx_HAL_Driver/Src/stm32f3xx_hal_tim.o
                0x00000000080031e0                HAL_TIM_IRQHandler
 .text.HAL_TIM_OC_DelayElapsedCallback
                0x000000000800341e       0x14 Drivers/STM32F3xx_HAL_Driver/Src/stm32f3xx_hal_tim.o
                0x000000000800341e                HAL_TIM_OC_DelayElapsedCallback
 .text.HAL_TIM_IC_CaptureCallback
                0x0000000008003432       0x14 Drivers/STM32F3xx_HAL_Driver/Src/stm32f3xx_hal_tim.o
                0x0000000008003432                HAL_TIM_IC_CaptureCallback
 .text.HAL_TIM_PWM_PulseFinishedCallback
                0x0000000008003446       0x14 Drivers/STM32F3xx_HAL_Driver/Src/stm32f3xx_hal_tim.o
                0x0000000008003446                HAL_TIM_PWM_PulseFinishedCallback
 .text.HAL_TIM_TriggerCallback
                0x000000000800345a       0x14 Drivers/STM32F3xx_HAL_Driver/Src/stm32f3xx_hal_tim.o
                0x000000000800345a                HAL_TIM_TriggerCallback
 *fill*         0x000000000800346e        0x2 
 .text.TIM_Base_SetConfig
                0x0000000008003470      0x13c Drivers/STM32F3xx_HAL_Driver/Src/stm32f3xx_hal_tim.o
                0x0000000008003470                TIM_Base_SetConfig
 .text.HAL_TIMEx_CommutCallback
                0x00000000080035ac       0x14 Drivers/STM32F3xx_HAL_Driver/Src/stm32f3xx_hal_tim_ex.o
                0x00000000080035ac                HAL_TIMEx_CommutCallback
 .text.HAL_TIMEx_BreakCallback
                0x00000000080035c0       0x14 Drivers/STM32F3xx_HAL_Driver/Src/stm32f3xx_hal_tim_ex.o
                0x00000000080035c0                HAL_TIMEx_BreakCallback
 .text.HAL_TIMEx_Break2Callback
                0x00000000080035d4       0x14 Drivers/STM32F3xx_HAL_Driver/Src/stm32f3xx_hal_tim_ex.o
                0x00000000080035d4                HAL_TIMEx_Break2Callback
 .text.HAL_UART_Init
                0x00000000080035e8       0x9c Drivers/STM32F3xx_HAL_Driver/Src/stm32f3xx_hal_uart.o
                0x00000000080035e8                HAL_UART_Init
 .text.HAL_UART_Transmit
                0x0000000008003684      0x128 Drivers/STM32F3xx_HAL_Driver/Src/stm32f3xx_hal_uart.o
                0x0000000008003684                HAL_UART_Transmit
 .text.UART_SetConfig
                0x00000000080037ac      0x3a8 Drivers/STM32F3xx_HAL_Driver/Src/stm32f3xx_hal_uart.o
                0x00000000080037ac                UART_SetConfig
 .text.UART_AdvFeatureConfig
                0x0000000008003b54      0x144 Drivers/STM32F3xx_HAL_Driver/Src/stm32f3xx_hal_uart.o
                0x0000000008003b54                UART_AdvFeatureConfig
 .text.UART_CheckIdleState
                0x0000000008003c98       0x92 Drivers/STM32F3xx_HAL_Driver/Src/stm32f3xx_hal_uart.o
                0x0000000008003c98                UART_CheckIdleState
 .text.UART_WaitOnFlagUntilTimeout
                0x0000000008003d2a       0xf8 Drivers/STM32F3xx_HAL_Driver/Src/stm32f3xx_hal_uart.o
                0x0000000008003d2a                UART_WaitOnFlagUntilTimeout
 *fill*         0x0000000008003e22        0x2 
 .text.MX_FATFS_Init
                0x0000000008003e24       0x24 FATFS/App/fatfs.o
                0x0000000008003e24                MX_FATFS_Init
 .text.get_fattime
                0x0000000008003e48       0x10 FATFS/App/fatfs.o
                0x0000000008003e48                get_fattime
 .text.USER_initialize
                0x0000000008003e58       0x1c FATFS/Target/user_diskio.o
                0x0000000008003e58                USER_initialize
 .text.USER_status
                0x0000000008003e74       0x1c FATFS/Target/user_diskio.o
                0x0000000008003e74                USER_status
 .text.USER_read
                0x0000000008003e90       0x26 FATFS/Target/user_diskio.o
                0x0000000008003e90                USER_read
 .text.USER_write
                0x0000000008003eb6       0x26 FATFS/Target/user_diskio.o
                0x0000000008003eb6                USER_write
 .text.USER_ioctl
                0x0000000008003edc       0x26 FATFS/Target/user_diskio.o
                0x0000000008003edc                USER_ioctl
 *fill*         0x0000000008003f02        0x2 
 .text.SPI_Timer_On
                0x0000000008003f04       0x28 FATFS/Target/user_diskio_spi.o
                0x0000000008003f04                SPI_Timer_On
 .text.SPI_Timer_Status
                0x0000000008003f2c       0x2c FATFS/Target/user_diskio_spi.o
                0x0000000008003f2c                SPI_Timer_Status
 .text.xchg_spi
                0x0000000008003f58       0x2c FATFS/Target/user_diskio_spi.o
 .text.rcvr_spi_multi
                0x0000000008003f84       0x36 FATFS/Target/user_diskio_spi.o
 .text.xmit_spi_multi
                0x0000000008003fba       0x34 FATFS/Target/user_diskio_spi.o
 .text.wait_ready
                0x0000000008003fee       0x46 FATFS/Target/user_diskio_spi.o
 .text.despiselect
                0x0000000008004034       0x1c FATFS/Target/user_diskio_spi.o
 .text.spiselect
                0x0000000008004050       0x34 FATFS/Target/user_diskio_spi.o
 .text.rcvr_datablock
                0x0000000008004084       0x52 FATFS/Target/user_diskio_spi.o
 .text.xmit_datablock
                0x00000000080040d6       0x64 FATFS/Target/user_diskio_spi.o
 .text.send_cmd
                0x000000000800413a       0xde FATFS/Target/user_diskio_spi.o
 .text.USER_SPI_initialize
                0x0000000008004218      0x1d8 FATFS/Target/user_diskio_spi.o
                0x0000000008004218                USER_SPI_initialize
 .text.USER_SPI_status
                0x00000000080043f0       0x2c FATFS/Target/user_diskio_spi.o
                0x00000000080043f0                USER_SPI_status
 .text.USER_SPI_read
                0x000000000800441c       0xcc FATFS/Target/user_diskio_spi.o
                0x000000000800441c                USER_SPI_read
 .text.USER_SPI_write
                0x00000000080044e8       0xf8 FATFS/Target/user_diskio_spi.o
                0x00000000080044e8                USER_SPI_write
 .text.USER_SPI_ioctl
                0x00000000080045e0      0x2e0 FATFS/Target/user_diskio_spi.o
                0x00000000080045e0                USER_SPI_ioctl
 .text.disk_status
                0x00000000080048c0       0x34 Middlewares/Third_Party/FatFs/src/diskio.o
                0x00000000080048c0                disk_status
 .text.disk_initialize
                0x00000000080048f4       0x4c Middlewares/Third_Party/FatFs/src/diskio.o
                0x00000000080048f4                disk_initialize
 .text.disk_read
                0x0000000008004940       0x40 Middlewares/Third_Party/FatFs/src/diskio.o
                0x0000000008004940                disk_read
 .text.disk_write
                0x0000000008004980       0x40 Middlewares/Third_Party/FatFs/src/diskio.o
                0x0000000008004980                disk_write
 .text.disk_ioctl
                0x00000000080049c0       0x3c Middlewares/Third_Party/FatFs/src/diskio.o
                0x00000000080049c0                disk_ioctl
 .text.mem_cpy  0x00000000080049fc       0x3c Middlewares/Third_Party/FatFs/src/ff.o
 .text.mem_set  0x0000000008004a38       0x34 Middlewares/Third_Party/FatFs/src/ff.o
 .text.mem_cmp  0x0000000008004a6c       0x4e Middlewares/Third_Party/FatFs/src/ff.o
 .text.chk_chr  0x0000000008004aba       0x36 Middlewares/Third_Party/FatFs/src/ff.o
 .text.lock_fs  0x0000000008004af0       0x1e Middlewares/Third_Party/FatFs/src/ff.o
 .text.unlock_fs
                0x0000000008004b0e       0x3e Middlewares/Third_Party/FatFs/src/ff.o
 .text.chk_lock
                0x0000000008004b4c       0xdc Middlewares/Third_Party/FatFs/src/ff.o
 .text.enq_lock
                0x0000000008004c28       0x48 Middlewares/Third_Party/FatFs/src/ff.o
 .text.inc_lock
                0x0000000008004c70      0x170 Middlewares/Third_Party/FatFs/src/ff.o
 .text.dec_lock
                0x0000000008004de0       0x88 Middlewares/Third_Party/FatFs/src/ff.o
 .text.clear_lock
                0x0000000008004e68       0x54 Middlewares/Third_Party/FatFs/src/ff.o
 .text.sync_window
                0x0000000008004ebc       0x92 Middlewares/Third_Party/FatFs/src/ff.o
 .text.move_window
                0x0000000008004f4e       0x5c Middlewares/Third_Party/FatFs/src/ff.o
 .text.sync_fs  0x0000000008004faa      0x15a Middlewares/Third_Party/FatFs/src/ff.o
 .text.clust2sect
                0x0000000008005104       0x44 Middlewares/Third_Party/FatFs/src/ff.o
                0x0000000008005104                clust2sect
 .text.get_fat  0x0000000008005148      0x16e Middlewares/Third_Party/FatFs/src/ff.o
                0x0000000008005148                get_fat
 .text.put_fat  0x00000000080052b6      0x216 Middlewares/Third_Party/FatFs/src/ff.o
                0x00000000080052b6                put_fat
 .text.remove_chain
                0x00000000080054cc       0xb4 Middlewares/Third_Party/FatFs/src/ff.o
 .text.create_chain
                0x0000000008005580      0x13a Middlewares/Third_Party/FatFs/src/ff.o
 .text.clmt_clust
                0x00000000080056ba       0x6a Middlewares/Third_Party/FatFs/src/ff.o
 .text.dir_sdi  0x0000000008005724      0x128 Middlewares/Third_Party/FatFs/src/ff.o
 .text.dir_next
                0x000000000800584c      0x1ee Middlewares/Third_Party/FatFs/src/ff.o
 .text.dir_alloc
                0x0000000008005a3a       0x94 Middlewares/Third_Party/FatFs/src/ff.o
 .text.ld_clust
                0x0000000008005ace       0x5c Middlewares/Third_Party/FatFs/src/ff.o
 .text.st_clust
                0x0000000008005b2a       0x4e Middlewares/Third_Party/FatFs/src/ff.o
 .text.dir_find
                0x0000000008005b78       0x9e Middlewares/Third_Party/FatFs/src/ff.o
 .text.dir_register
                0x0000000008005c16       0x72 Middlewares/Third_Party/FatFs/src/ff.o
 .text.create_name
                0x0000000008005c88      0x180 Middlewares/Third_Party/FatFs/src/ff.o
 .text.follow_path
                0x0000000008005e08       0xdc Middlewares/Third_Party/FatFs/src/ff.o
 .text.get_ldnumber
                0x0000000008005ee4       0x88 Middlewares/Third_Party/FatFs/src/ff.o
 .text.check_fs
                0x0000000008005f6c       0xd4 Middlewares/Third_Party/FatFs/src/ff.o
 .text.find_volume
                0x0000000008006040      0x5a4 Middlewares/Third_Party/FatFs/src/ff.o
 .text.validate
                0x00000000080065e4       0x7c Middlewares/Third_Party/FatFs/src/ff.o
 .text.f_mount  0x0000000008006660       0xd0 Middlewares/Third_Party/FatFs/src/ff.o
                0x0000000008006660                f_mount
 .text.f_open   0x0000000008006730      0x42a Middlewares/Third_Party/FatFs/src/ff.o
                0x0000000008006730                f_open
 .text.f_read   0x0000000008006b5a      0x36a Middlewares/Third_Party/FatFs/src/ff.o
                0x0000000008006b5a                f_read
 .text.f_write  0x0000000008006ec4      0x3ee Middlewares/Third_Party/FatFs/src/ff.o
                0x0000000008006ec4                f_write
 .text.f_sync   0x00000000080072b2      0x192 Middlewares/Third_Party/FatFs/src/ff.o
                0x00000000080072b2                f_sync
 .text.f_close  0x0000000008007444       0x60 Middlewares/Third_Party/FatFs/src/ff.o
                0x0000000008007444                f_close
 .text.f_getfree
                0x00000000080074a4      0x1a6 Middlewares/Third_Party/FatFs/src/ff.o
                0x00000000080074a4                f_getfree
 .text.f_gets   0x000000000800764a       0x7a Middlewares/Third_Party/FatFs/src/ff.o
                0x000000000800764a                f_gets
 .text.FATFS_LinkDriverEx
                0x00000000080076c4       0x98 Middlewares/Third_Party/FatFs/src/ff_gen_drv.o
                0x00000000080076c4                FATFS_LinkDriverEx
 .text.FATFS_LinkDriver
                0x000000000800775c       0x1e Middlewares/Third_Party/FatFs/src/ff_gen_drv.o
                0x000000000800775c                FATFS_LinkDriver
 *fill*         0x000000000800777a        0x2 
 .text.ff_cre_syncobj
                0x000000000800777c       0x4c Middlewares/Third_Party/FatFs/src/option/syscall.o
                0x000000000800777c                ff_cre_syncobj
 .text.ff_del_syncobj
                0x00000000080077c8       0x18 Middlewares/Third_Party/FatFs/src/option/syscall.o
                0x00000000080077c8                ff_del_syncobj
 .text.ff_req_grant
                0x00000000080077e0       0x2a Middlewares/Third_Party/FatFs/src/option/syscall.o
                0x00000000080077e0                ff_req_grant
 .text.ff_rel_grant
                0x000000000800780a       0x16 Middlewares/Third_Party/FatFs/src/option/syscall.o
                0x000000000800780a                ff_rel_grant
 .text.osKernelInitialize
                0x0000000008007820       0x68 Middlewares/Third_Party/FreeRTOS/Source/CMSIS_RTOS_V2/cmsis_os2.o
                0x0000000008007820                osKernelInitialize
 .text.osKernelStart
                0x0000000008007888       0x68 Middlewares/Third_Party/FreeRTOS/Source/CMSIS_RTOS_V2/cmsis_os2.o
                0x0000000008007888                osKernelStart
 .text.osThreadNew
                0x00000000080078f0      0x154 Middlewares/Third_Party/FreeRTOS/Source/CMSIS_RTOS_V2/cmsis_os2.o
                0x00000000080078f0                osThreadNew
 .text.osDelay  0x0000000008007a44       0x5c Middlewares/Third_Party/FreeRTOS/Source/CMSIS_RTOS_V2/cmsis_os2.o
                0x0000000008007a44                osDelay
 .text.osMutexNew
                0x0000000008007aa0      0x134 Middlewares/Third_Party/FreeRTOS/Source/CMSIS_RTOS_V2/cmsis_os2.o
                0x0000000008007aa0                osMutexNew
 .text.osSemaphoreNew
                0x0000000008007bd4      0x13c Middlewares/Third_Party/FreeRTOS/Source/CMSIS_RTOS_V2/cmsis_os2.o
                0x0000000008007bd4                osSemaphoreNew
 .text.osSemaphoreAcquire
                0x0000000008007d10       0xcc Middlewares/Third_Party/FreeRTOS/Source/CMSIS_RTOS_V2/cmsis_os2.o
                0x0000000008007d10                osSemaphoreAcquire
 .text.osSemaphoreRelease
                0x0000000008007ddc       0xb0 Middlewares/Third_Party/FreeRTOS/Source/CMSIS_RTOS_V2/cmsis_os2.o
                0x0000000008007ddc                osSemaphoreRelease
 .text.osSemaphoreDelete
                0x0000000008007e8c       0x6c Middlewares/Third_Party/FreeRTOS/Source/CMSIS_RTOS_V2/cmsis_os2.o
                0x0000000008007e8c                osSemaphoreDelete
 .text.vApplicationGetIdleTaskMemory
                0x0000000008007ef8       0x34 Middlewares/Third_Party/FreeRTOS/Source/CMSIS_RTOS_V2/cmsis_os2.o
                0x0000000008007ef8                vApplicationGetIdleTaskMemory
 .text.vApplicationGetTimerTaskMemory
                0x0000000008007f2c       0x34 Middlewares/Third_Party/FreeRTOS/Source/CMSIS_RTOS_V2/cmsis_os2.o
                0x0000000008007f2c                vApplicationGetTimerTaskMemory
 .text.vListInitialise
                0x0000000008007f60       0x40 Middlewares/Third_Party/FreeRTOS/Source/list.o
                0x0000000008007f60                vListInitialise
 .text.vListInitialiseItem
                0x0000000008007fa0       0x1a Middlewares/Third_Party/FreeRTOS/Source/list.o
                0x0000000008007fa0                vListInitialiseItem
 .text.vListInsertEnd
                0x0000000008007fba       0x48 Middlewares/Third_Party/FreeRTOS/Source/list.o
                0x0000000008007fba                vListInsertEnd
 .text.vListInsert
                0x0000000008008002       0x72 Middlewares/Third_Party/FreeRTOS/Source/list.o
                0x0000000008008002                vListInsert
 .text.uxListRemove
                0x0000000008008074       0x54 Middlewares/Third_Party/FreeRTOS/Source/list.o
                0x0000000008008074                uxListRemove
 .text.xQueueGenericReset
                0x00000000080080c8       0xd0 Middlewares/Third_Party/FreeRTOS/Source/queue.o
                0x00000000080080c8                xQueueGenericReset
 .text.xQueueGenericCreateStatic
                0x0000000008008198       0xe4 Middlewares/Third_Party/FreeRTOS/Source/queue.o
                0x0000000008008198                xQueueGenericCreateStatic
 .text.xQueueGenericCreate
                0x000000000800827c       0x7a Middlewares/Third_Party/FreeRTOS/Source/queue.o
                0x000000000800827c                xQueueGenericCreate
 .text.prvInitialiseNewQueue
                0x00000000080082f6       0x46 Middlewares/Third_Party/FreeRTOS/Source/queue.o
 .text.prvInitialiseMutex
                0x000000000800833c       0x34 Middlewares/Third_Party/FreeRTOS/Source/queue.o
 .text.xQueueCreateMutex
                0x0000000008008370       0x30 Middlewares/Third_Party/FreeRTOS/Source/queue.o
                0x0000000008008370                xQueueCreateMutex
 .text.xQueueCreateMutexStatic
                0x00000000080083a0       0x36 Middlewares/Third_Party/FreeRTOS/Source/queue.o
                0x00000000080083a0                xQueueCreateMutexStatic
 .text.xQueueCreateCountingSemaphoreStatic
                0x00000000080083d6       0x6a Middlewares/Third_Party/FreeRTOS/Source/queue.o
                0x00000000080083d6                xQueueCreateCountingSemaphoreStatic
 .text.xQueueCreateCountingSemaphore
                0x0000000008008440       0x62 Middlewares/Third_Party/FreeRTOS/Source/queue.o
                0x0000000008008440                xQueueCreateCountingSemaphore
 *fill*         0x00000000080084a2        0x2 
 .text.xQueueGenericSend
                0x00000000080084a4      0x1f4 Middlewares/Third_Party/FreeRTOS/Source/queue.o
                0x00000000080084a4                xQueueGenericSend
 .text.xQueueGenericSendFromISR
                0x0000000008008698      0x128 Middlewares/Third_Party/FreeRTOS/Source/queue.o
                0x0000000008008698                xQueueGenericSendFromISR
 .text.xQueueGiveFromISR
                0x00000000080087c0      0x112 Middlewares/Third_Party/FreeRTOS/Source/queue.o
                0x00000000080087c0                xQueueGiveFromISR
 *fill*         0x00000000080088d2        0x2 
 .text.xQueueReceive
                0x00000000080088d4      0x1b8 Middlewares/Third_Party/FreeRTOS/Source/queue.o
                0x00000000080088d4                xQueueReceive
 .text.xQueueSemaphoreTake
                0x0000000008008a8c      0x210 Middlewares/Third_Party/FreeRTOS/Source/queue.o
                0x0000000008008a8c                xQueueSemaphoreTake
 .text.xQueueReceiveFromISR
                0x0000000008008c9c       0xfa Middlewares/Third_Party/FreeRTOS/Source/queue.o
                0x0000000008008c9c                xQueueReceiveFromISR
 .text.vQueueDelete
                0x0000000008008d96       0x44 Middlewares/Third_Party/FreeRTOS/Source/queue.o
                0x0000000008008d96                vQueueDelete
 .text.prvGetDisinheritPriorityAfterTimeout
                0x0000000008008dda       0x30 Middlewares/Third_Party/FreeRTOS/Source/queue.o
 .text.prvCopyDataToQueue
                0x0000000008008e0a       0xd4 Middlewares/Third_Party/FreeRTOS/Source/queue.o
 .text.prvCopyDataFromQueue
                0x0000000008008ede       0x4c Middlewares/Third_Party/FreeRTOS/Source/queue.o
 .text.prvUnlockQueue
                0x0000000008008f2a       0xa4 Middlewares/Third_Party/FreeRTOS/Source/queue.o
 .text.prvIsQueueEmpty
                0x0000000008008fce       0x2c Middlewares/Third_Party/FreeRTOS/Source/queue.o
 .text.prvIsQueueFull
                0x0000000008008ffa       0x30 Middlewares/Third_Party/FreeRTOS/Source/queue.o
 *fill*         0x000000000800902a        0x2 
 .text.vQueueAddToRegistry
                0x000000000800902c       0x50 Middlewares/Third_Party/FreeRTOS/Source/queue.o
                0x000000000800902c                vQueueAddToRegistry
 .text.vQueueUnregisterQueue
                0x000000000800907c       0x54 Middlewares/Third_Party/FreeRTOS/Source/queue.o
                0x000000000800907c                vQueueUnregisterQueue
 .text.vQueueWaitForMessageRestricted
                0x00000000080090d0       0x68 Middlewares/Third_Party/FreeRTOS/Source/queue.o
                0x00000000080090d0                vQueueWaitForMessageRestricted
 .text.xTaskCreateStatic
                0x0000000008009138       0xb2 Middlewares/Third_Party/FreeRTOS/Source/tasks.o
                0x0000000008009138                xTaskCreateStatic
 .text.xTaskCreate
                0x00000000080091ea       0x8a Middlewares/Third_Party/FreeRTOS/Source/tasks.o
                0x00000000080091ea                xTaskCreate
 .text.prvInitialiseNewTask
                0x0000000008009274      0x10c Middlewares/Third_Party/FreeRTOS/Source/tasks.o
 .text.prvAddNewTaskToReadyList
                0x0000000008009380       0xe0 Middlewares/Third_Party/FreeRTOS/Source/tasks.o
 .text.vTaskDelay
                0x0000000008009460       0x68 Middlewares/Third_Party/FreeRTOS/Source/tasks.o
                0x0000000008009460                vTaskDelay
 .text.vTaskStartScheduler
                0x00000000080094c8       0xc8 Middlewares/Third_Party/FreeRTOS/Source/tasks.o
                0x00000000080094c8                vTaskStartScheduler
 .text.vTaskSuspendAll
                0x0000000008009590       0x1c Middlewares/Third_Party/FreeRTOS/Source/tasks.o
                0x0000000008009590                vTaskSuspendAll
 .text.xTaskResumeAll
                0x00000000080095ac      0x138 Middlewares/Third_Party/FreeRTOS/Source/tasks.o
                0x00000000080095ac                xTaskResumeAll
 .text.xTaskGetTickCount
                0x00000000080096e4       0x20 Middlewares/Third_Party/FreeRTOS/Source/tasks.o
                0x00000000080096e4                xTaskGetTickCount
 .text.xTaskIncrementTick
                0x0000000008009704      0x17c Middlewares/Third_Party/FreeRTOS/Source/tasks.o
                0x0000000008009704                xTaskIncrementTick
 .text.vTaskSwitchContext
                0x0000000008009880       0xb8 Middlewares/Third_Party/FreeRTOS/Source/tasks.o
                0x0000000008009880                vTaskSwitchContext
 .text.vTaskPlaceOnEventList
                0x0000000008009938       0x48 Middlewares/Third_Party/FreeRTOS/Source/tasks.o
                0x0000000008009938                vTaskPlaceOnEventList
 .text.vTaskPlaceOnEventListRestricted
                0x0000000008009980       0x54 Middlewares/Third_Party/FreeRTOS/Source/tasks.o
                0x0000000008009980                vTaskPlaceOnEventListRestricted
 .text.xTaskRemoveFromEventList
                0x00000000080099d4       0xc4 Middlewares/Third_Party/FreeRTOS/Source/tasks.o
                0x00000000080099d4                xTaskRemoveFromEventList
 .text.vTaskInternalSetTimeOutState
                0x0000000008009a98       0x2c Middlewares/Third_Party/FreeRTOS/Source/tasks.o
                0x0000000008009a98                vTaskInternalSetTimeOutState
 .text.xTaskCheckForTimeOut
                0x0000000008009ac4       0xc0 Middlewares/Third_Party/FreeRTOS/Source/tasks.o
                0x0000000008009ac4                xTaskCheckForTimeOut
 .text.vTaskMissedYield
                0x0000000008009b84       0x18 Middlewares/Third_Party/FreeRTOS/Source/tasks.o
                0x0000000008009b84                vTaskMissedYield
 .text.prvIdleTask
                0x0000000008009b9c       0x30 Middlewares/Third_Party/FreeRTOS/Source/tasks.o
 .text.prvInitialiseTaskLists
                0x0000000008009bcc       0x80 Middlewares/Third_Party/FreeRTOS/Source/tasks.o
 .text.prvCheckTasksWaitingTermination
                0x0000000008009c4c       0x58 Middlewares/Third_Party/FreeRTOS/Source/tasks.o
 .text.prvDeleteTCB
                0x0000000008009ca4       0x5c Middlewares/Third_Party/FreeRTOS/Source/tasks.o
 .text.prvResetNextTaskUnblockTime
                0x0000000008009d00       0x4c Middlewares/Third_Party/FreeRTOS/Source/tasks.o
 .text.xTaskGetSchedulerState
                0x0000000008009d4c       0x3c Middlewares/Third_Party/FreeRTOS/Source/tasks.o
                0x0000000008009d4c                xTaskGetSchedulerState
 .text.xTaskPriorityInherit
                0x0000000008009d88       0xdc Middlewares/Third_Party/FreeRTOS/Source/tasks.o
                0x0000000008009d88                xTaskPriorityInherit
 .text.xTaskPriorityDisinherit
                0x0000000008009e64       0xd8 Middlewares/Third_Party/FreeRTOS/Source/tasks.o
                0x0000000008009e64                xTaskPriorityDisinherit
 .text.vTaskPriorityDisinheritAfterTimeout
                0x0000000008009f3c      0x108 Middlewares/Third_Party/FreeRTOS/Source/tasks.o
                0x0000000008009f3c                vTaskPriorityDisinheritAfterTimeout
 .text.pvTaskIncrementMutexHeldCount
                0x000000000800a044       0x28 Middlewares/Third_Party/FreeRTOS/Source/tasks.o
                0x000000000800a044                pvTaskIncrementMutexHeldCount
 .text.prvAddCurrentTaskToDelayedList
                0x000000000800a06c       0xa8 Middlewares/Third_Party/FreeRTOS/Source/tasks.o
 .text.xTimerCreateTimerTask
                0x000000000800a114       0x90 Middlewares/Third_Party/FreeRTOS/Source/timers.o
                0x000000000800a114                xTimerCreateTimerTask
 .text.xTimerGenericCommand
                0x000000000800a1a4       0x98 Middlewares/Third_Party/FreeRTOS/Source/timers.o
                0x000000000800a1a4                xTimerGenericCommand
 .text.prvProcessExpiredTimer
                0x000000000800a23c       0x80 Middlewares/Third_Party/FreeRTOS/Source/timers.o
 .text.prvTimerTask
                0x000000000800a2bc       0x24 Middlewares/Third_Party/FreeRTOS/Source/timers.o
 .text.prvProcessTimerOrBlockTask
                0x000000000800a2e0       0x9c Middlewares/Third_Party/FreeRTOS/Source/timers.o
 .text.prvGetNextExpireTime
                0x000000000800a37c       0x48 Middlewares/Third_Party/FreeRTOS/Source/timers.o
 .text.prvSampleTimeNow
                0x000000000800a3c4       0x40 Middlewares/Third_Party/FreeRTOS/Source/timers.o
 .text.prvInsertTimerInActiveList
                0x000000000800a404       0x84 Middlewares/Third_Party/FreeRTOS/Source/timers.o
 .text.prvProcessReceivedCommands
                0x000000000800a488      0x160 Middlewares/Third_Party/FreeRTOS/Source/timers.o
 .text.prvSwitchTimerLists
                0x000000000800a5e8       0xc0 Middlewares/Third_Party/FreeRTOS/Source/timers.o
 .text.prvCheckForValidListAndQueue
                0x000000000800a6a8       0x80 Middlewares/Third_Party/FreeRTOS/Source/timers.o
 .text.pxPortInitialiseStack
                0x000000000800a728       0x68 Middlewares/Third_Party/FreeRTOS/Source/portable/GCC/ARM_CM4F/port.o
                0x000000000800a728                pxPortInitialiseStack
 .text.prvTaskExitError
                0x000000000800a790       0x54 Middlewares/Third_Party/FreeRTOS/Source/portable/GCC/ARM_CM4F/port.o
 *fill*         0x000000000800a7e4        0xc 
 .text.SVC_Handler
                0x000000000800a7f0       0x28 Middlewares/Third_Party/FreeRTOS/Source/portable/GCC/ARM_CM4F/port.o
                0x000000000800a7f0                SVC_Handler
 .text.prvPortStartFirstTask
                0x000000000800a818       0x28 Middlewares/Third_Party/FreeRTOS/Source/portable/GCC/ARM_CM4F/port.o
 .text.xPortStartScheduler
                0x000000000800a840      0x13c Middlewares/Third_Party/FreeRTOS/Source/portable/GCC/ARM_CM4F/port.o
                0x000000000800a840                xPortStartScheduler
 .text.vPortEnterCritical
                0x000000000800a97c       0x5c Middlewares/Third_Party/FreeRTOS/Source/portable/GCC/ARM_CM4F/port.o
                0x000000000800a97c                vPortEnterCritical
 .text.vPortExitCritical
                0x000000000800a9d8       0x50 Middlewares/Third_Party/FreeRTOS/Source/portable/GCC/ARM_CM4F/port.o
                0x000000000800a9d8                vPortExitCritical
 *fill*         0x000000000800aa28        0x8 
 .text.PendSV_Handler
                0x000000000800aa30       0x68 Middlewares/Third_Party/FreeRTOS/Source/portable/GCC/ARM_CM4F/port.o
                0x000000000800aa30                PendSV_Handler
 .text.SysTick_Handler
                0x000000000800aa98       0x40 Middlewares/Third_Party/FreeRTOS/Source/portable/GCC/ARM_CM4F/port.o
                0x000000000800aa98                SysTick_Handler
 .text.vPortSetupTimerInterrupt
                0x000000000800aad8       0x48 Middlewares/Third_Party/FreeRTOS/Source/portable/GCC/ARM_CM4F/port.o
                0x000000000800aad8                vPortSetupTimerInterrupt
 .text.vPortEnableVFP
                0x000000000800ab20       0x14 Middlewares/Third_Party/FreeRTOS/Source/portable/GCC/ARM_CM4F/port.o
 .text.vPortValidateInterruptPriority
                0x000000000800ab34       0x7c Middlewares/Third_Party/FreeRTOS/Source/portable/GCC/ARM_CM4F/port.o
                0x000000000800ab34                vPortValidateInterruptPriority
 .text.pvPortMalloc
                0x000000000800abb0      0x184 Middlewares/Third_Party/FreeRTOS/Source/portable/MemMang/heap_4.o
                0x000000000800abb0                pvPortMalloc
 .text.vPortFree
                0x000000000800ad34       0xb0 Middlewares/Third_Party/FreeRTOS/Source/portable/MemMang/heap_4.o
                0x000000000800ad34                vPortFree
 .text.prvHeapInit
                0x000000000800ade4       0xc4 Middlewares/Third_Party/FreeRTOS/Source/portable/MemMang/heap_4.o
 .text.prvInsertBlockIntoFreeList
                0x000000000800aea8       0xb4 Middlewares/Third_Party/FreeRTOS/Source/portable/MemMang/heap_4.o
 .text.__errno  0x000000000800af5c        0xc c:/st/stm32cubeide_1.3.0/stm32cubeide/plugins/com.st.stm32cube.ide.mcu.externaltools.gnu-tools-for-stm32.7-2018-q2-update.win32_1.0.0.201904181610/tools/bin/../lib/gcc/arm-none-eabi/7.3.1/../../../../arm-none-eabi/lib/thumb/v7e-m/fpv4-sp/hard\libc_nano.a(lib_a-errno.o)
                0x000000000800af5c                __errno
 .text.__libc_init_array
                0x000000000800af68       0x48 c:/st/stm32cubeide_1.3.0/stm32cubeide/plugins/com.st.stm32cube.ide.mcu.externaltools.gnu-tools-for-stm32.7-2018-q2-update.win32_1.0.0.201904181610/tools/bin/../lib/gcc/arm-none-eabi/7.3.1/../../../../arm-none-eabi/lib/thumb/v7e-m/fpv4-sp/hard\libc_nano.a(lib_a-init.o)
                0x000000000800af68                __libc_init_array
 .text.memcpy   0x000000000800afb0       0x16 c:/st/stm32cubeide_1.3.0/stm32cubeide/plugins/com.st.stm32cube.ide.mcu.externaltools.gnu-tools-for-stm32.7-2018-q2-update.win32_1.0.0.201904181610/tools/bin/../lib/gcc/arm-none-eabi/7.3.1/../../../../arm-none-eabi/lib/thumb/v7e-m/fpv4-sp/hard\libc_nano.a(lib_a-memcpy-stub.o)
                0x000000000800afb0                memcpy
 .text.memset   0x000000000800afc6       0x10 c:/st/stm32cubeide_1.3.0/stm32cubeide/plugins/com.st.stm32cube.ide.mcu.externaltools.gnu-tools-for-stm32.7-2018-q2-update.win32_1.0.0.201904181610/tools/bin/../lib/gcc/arm-none-eabi/7.3.1/../../../../arm-none-eabi/lib/thumb/v7e-m/fpv4-sp/hard\libc_nano.a(lib_a-memset.o)
                0x000000000800afc6                memset
 .text._vsnprintf_r
                0x000000000800afd6       0x58 c:/st/stm32cubeide_1.3.0/stm32cubeide/plugins/com.st.stm32cube.ide.mcu.externaltools.gnu-tools-for-stm32.7-2018-q2-update.win32_1.0.0.201904181610/tools/bin/../lib/gcc/arm-none-eabi/7.3.1/../../../../arm-none-eabi/lib/thumb/v7e-m/fpv4-sp/hard\libc_nano.a(lib_a-vsnprintf.o)
                0x000000000800afd6                _vsniprintf_r
                0x000000000800afd6                _vsnprintf_r
 *fill*         0x000000000800b02e        0x2 
 .text.vsnprintf
                0x000000000800b030       0x1c c:/st/stm32cubeide_1.3.0/stm32cubeide/plugins/com.st.stm32cube.ide.mcu.externaltools.gnu-tools-for-stm32.7-2018-q2-update.win32_1.0.0.201904181610/tools/bin/../lib/gcc/arm-none-eabi/7.3.1/../../../../arm-none-eabi/lib/thumb/v7e-m/fpv4-sp/hard\libc_nano.a(lib_a-vsnprintf.o)
                0x000000000800b030                vsniprintf
                0x000000000800b030                vsnprintf
 .text.__ssputs_r
                0x000000000800b04c       0xb4 c:/st/stm32cubeide_1.3.0/stm32cubeide/plugins/com.st.stm32cube.ide.mcu.externaltools.gnu-tools-for-stm32.7-2018-q2-update.win32_1.0.0.201904181610/tools/bin/../lib/gcc/arm-none-eabi/7.3.1/../../../../arm-none-eabi/lib/thumb/v7e-m/fpv4-sp/hard\libc_nano.a(lib_a-nano-svfprintf.o)
                0x000000000800b04c                __ssputs_r
 .text._svfprintf_r
                0x000000000800b100      0x1f0 c:/st/stm32cubeide_1.3.0/stm32cubeide/plugins/com.st.stm32cube.ide.mcu.externaltools.gnu-tools-for-stm32.7-2018-q2-update.win32_1.0.0.201904181610/tools/bin/../lib/gcc/arm-none-eabi/7.3.1/../../../../arm-none-eabi/lib/thumb/v7e-m/fpv4-sp/hard\libc_nano.a(lib_a-nano-svfprintf.o)
                0x000000000800b100                _svfiprintf_r
                0x000000000800b100                _svfprintf_r
 .text._printf_common
                0x000000000800b2f0       0xea c:/st/stm32cubeide_1.3.0/stm32cubeide/plugins/com.st.stm32cube.ide.mcu.externaltools.gnu-tools-for-stm32.7-2018-q2-update.win32_1.0.0.201904181610/tools/bin/../lib/gcc/arm-none-eabi/7.3.1/../../../../arm-none-eabi/lib/thumb/v7e-m/fpv4-sp/hard\libc_nano.a(lib_a-nano-vfprintf_i.o)
                0x000000000800b2f0                _printf_common
 *fill*         0x000000000800b3da        0x2 
 .text._printf_i
                0x000000000800b3dc      0x224 c:/st/stm32cubeide_1.3.0/stm32cubeide/plugins/com.st.stm32cube.ide.mcu.externaltools.gnu-tools-for-stm32.7-2018-q2-update.win32_1.0.0.201904181610/tools/bin/../lib/gcc/arm-none-eabi/7.3.1/../../../../arm-none-eabi/lib/thumb/v7e-m/fpv4-sp/hard\libc_nano.a(lib_a-nano-vfprintf_i.o)
                0x000000000800b3dc                _printf_i
 .text.memmove  0x000000000800b600       0x32 c:/st/stm32cubeide_1.3.0/stm32cubeide/plugins/com.st.stm32cube.ide.mcu.externaltools.gnu-tools-for-stm32.7-2018-q2-update.win32_1.0.0.201904181610/tools/bin/../lib/gcc/arm-none-eabi/7.3.1/../../../../arm-none-eabi/lib/thumb/v7e-m/fpv4-sp/hard\libc_nano.a(lib_a-memmove.o)
                0x000000000800b600                memmove
 *fill*         0x000000000800b632        0x2 
 .text._free_r  0x000000000800b634       0x9c c:/st/stm32cubeide_1.3.0/stm32cubeide/plugins/com.st.stm32cube.ide.mcu.externaltools.gnu-tools-for-stm32.7-2018-q2-update.win32_1.0.0.201904181610/tools/bin/../lib/gcc/arm-none-eabi/7.3.1/../../../../arm-none-eabi/lib/thumb/v7e-m/fpv4-sp/hard\libc_nano.a(lib_a-nano-freer.o)
                0x000000000800b634                _free_r
 .text._malloc_r
                0x000000000800b6d0       0xb4 c:/st/stm32cubeide_1.3.0/stm32cubeide/plugins/com.st.stm32cube.ide.mcu.externaltools.gnu-tools-for-stm32.7-2018-q2-update.win32_1.0.0.201904181610/tools/bin/../lib/gcc/arm-none-eabi/7.3.1/../../../../arm-none-eabi/lib/thumb/v7e-m/fpv4-sp/hard\libc_nano.a(lib_a-nano-mallocr.o)
                0x000000000800b6d0                _malloc_r
 .text._realloc_r
                0x000000000800b784       0x4c c:/st/stm32cubeide_1.3.0/stm32cubeide/plugins/com.st.stm32cube.ide.mcu.externaltools.gnu-tools-for-stm32.7-2018-q2-update.win32_1.0.0.201904181610/tools/bin/../lib/gcc/arm-none-eabi/7.3.1/../../../../arm-none-eabi/lib/thumb/v7e-m/fpv4-sp/hard\libc_nano.a(lib_a-nano-reallocr.o)
                0x000000000800b784                _realloc_r
 .text._sbrk_r  0x000000000800b7d0       0x20 c:/st/stm32cubeide_1.3.0/stm32cubeide/plugins/com.st.stm32cube.ide.mcu.externaltools.gnu-tools-for-stm32.7-2018-q2-update.win32_1.0.0.201904181610/tools/bin/../lib/gcc/arm-none-eabi/7.3.1/../../../../arm-none-eabi/lib/thumb/v7e-m/fpv4-sp/hard\libc_nano.a(lib_a-sbrkr.o)
                0x000000000800b7d0                _sbrk_r
 .text.__malloc_lock
                0x000000000800b7f0        0x2 c:/st/stm32cubeide_1.3.0/stm32cubeide/plugins/com.st.stm32cube.ide.mcu.externaltools.gnu-tools-for-stm32.7-2018-q2-update.win32_1.0.0.201904181610/tools/bin/../lib/gcc/arm-none-eabi/7.3.1/../../../../arm-none-eabi/lib/thumb/v7e-m/fpv4-sp/hard\libc_nano.a(lib_a-mlock.o)
                0x000000000800b7f0                __malloc_lock
 .text.__malloc_unlock
                0x000000000800b7f2        0x2 c:/st/stm32cubeide_1.3.0/stm32cubeide/plugins/com.st.stm32cube.ide.mcu.externaltools.gnu-tools-for-stm32.7-2018-q2-update.win32_1.0.0.201904181610/tools/bin/../lib/gcc/arm-none-eabi/7.3.1/../../../../arm-none-eabi/lib/thumb/v7e-m/fpv4-sp/hard\libc_nano.a(lib_a-mlock.o)
                0x000000000800b7f2                __malloc_unlock
 .text._malloc_usable_size_r
                0x000000000800b7f4       0x10 c:/st/stm32cubeide_1.3.0/stm32cubeide/plugins/com.st.stm32cube.ide.mcu.externaltools.gnu-tools-for-stm32.7-2018-q2-update.win32_1.0.0.201904181610/tools/bin/../lib/gcc/arm-none-eabi/7.3.1/../../../../arm-none-eabi/lib/thumb/v7e-m/fpv4-sp/hard\libc_nano.a(lib_a-nano-msizer.o)
                0x000000000800b7f4                _malloc_usable_size_r
 *(.glue_7)
 .glue_7        0x000000000800b804        0x0 linker stubs
 *(.glue_7t)
 .glue_7t       0x000000000800b804        0x0 linker stubs
 *(.eh_frame)
 .eh_frame      0x000000000800b804        0x0 c:/st/stm32cubeide_1.3.0/stm32cubeide/plugins/com.st.stm32cube.ide.mcu.externaltools.gnu-tools-for-stm32.7-2018-q2-update.win32_1.0.0.201904181610/tools/bin/../lib/gcc/arm-none-eabi/7.3.1/thumb/v7e-m/fpv4-sp/hard/crtbegin.o
 *(.init)
 .init          0x000000000800b804        0x4 c:/st/stm32cubeide_1.3.0/stm32cubeide/plugins/com.st.stm32cube.ide.mcu.externaltools.gnu-tools-for-stm32.7-2018-q2-update.win32_1.0.0.201904181610/tools/bin/../lib/gcc/arm-none-eabi/7.3.1/thumb/v7e-m/fpv4-sp/hard/crti.o
                0x000000000800b804                _init
 .init          0x000000000800b808        0x8 c:/st/stm32cubeide_1.3.0/stm32cubeide/plugins/com.st.stm32cube.ide.mcu.externaltools.gnu-tools-for-stm32.7-2018-q2-update.win32_1.0.0.201904181610/tools/bin/../lib/gcc/arm-none-eabi/7.3.1/thumb/v7e-m/fpv4-sp/hard/crtn.o
 *(.fini)
 .fini          0x000000000800b810        0x4 c:/st/stm32cubeide_1.3.0/stm32cubeide/plugins/com.st.stm32cube.ide.mcu.externaltools.gnu-tools-for-stm32.7-2018-q2-update.win32_1.0.0.201904181610/tools/bin/../lib/gcc/arm-none-eabi/7.3.1/thumb/v7e-m/fpv4-sp/hard/crti.o
                0x000000000800b810                _fini
 .fini          0x000000000800b814        0x8 c:/st/stm32cubeide_1.3.0/stm32cubeide/plugins/com.st.stm32cube.ide.mcu.externaltools.gnu-tools-for-stm32.7-2018-q2-update.win32_1.0.0.201904181610/tools/bin/../lib/gcc/arm-none-eabi/7.3.1/thumb/v7e-m/fpv4-sp/hard/crtn.o
                0x000000000800b81c                . = ALIGN (0x4)
                0x000000000800b81c                _etext = .

.vfp11_veneer   0x000000000800b81c        0x0
 .vfp11_veneer  0x000000000800b81c        0x0 linker stubs

.v4_bx          0x000000000800b81c        0x0
 .v4_bx         0x000000000800b81c        0x0 linker stubs

.iplt           0x000000000800b81c        0x0
 .iplt          0x000000000800b81c        0x0 c:/st/stm32cubeide_1.3.0/stm32cubeide/plugins/com.st.stm32cube.ide.mcu.externaltools.gnu-tools-for-stm32.7-2018-q2-update.win32_1.0.0.201904181610/tools/bin/../lib/gcc/arm-none-eabi/7.3.1/thumb/v7e-m/fpv4-sp/hard/crtbegin.o

.rodata         0x000000000800b81c      0x388
                0x000000000800b81c                . = ALIGN (0x4)
 *(.rodata)
 .rodata        0x000000000800b81c      0x1d5 Core/Src/main.o
 *fill*         0x000000000800b9f1        0x3 
 .rodata        0x000000000800b9f4       0x44 Middlewares/Third_Party/FatFs/src/ff.o
 .rodata        0x000000000800ba38       0x10 Middlewares/Third_Party/FatFs/src/option/syscall.o
 .rodata        0x000000000800ba48        0x5 Middlewares/Third_Party/FreeRTOS/Source/tasks.o
 *fill*         0x000000000800ba4d        0x3 
 .rodata        0x000000000800ba50        0xd Middlewares/Third_Party/FreeRTOS/Source/timers.o
 *(.rodata*)
 *fill*         0x000000000800ba5d        0x3 
 .rodata.SD_read_attributes
                0x000000000800ba60       0x24 Core/Src/main.o
                0x000000000800ba60                SD_read_attributes
 .rodata.other_thread_attributes
                0x000000000800ba84       0x24 Core/Src/main.o
                0x000000000800ba84                other_thread_attributes
 .rodata.sdMutex_attributes
                0x000000000800baa8       0x10 Core/Src/main.o
                0x000000000800baa8                sdMutex_attributes
 .rodata.AHBPrescTable
                0x000000000800bab8       0x10 Core/Src/system_stm32f3xx.o
                0x000000000800bab8                AHBPrescTable
 .rodata.APBPrescTable
                0x000000000800bac8        0x8 Core/Src/system_stm32f3xx.o
                0x000000000800bac8                APBPrescTable
 .rodata.aPLLMULFactorTable
                0x000000000800bad0       0x10 Drivers/STM32F3xx_HAL_Driver/Src/stm32f3xx_hal_rcc.o
                0x000000000800bad0                aPLLMULFactorTable
 .rodata.aPredivFactorTable
                0x000000000800bae0       0x10 Drivers/STM32F3xx_HAL_Driver/Src/stm32f3xx_hal_rcc.o
                0x000000000800bae0                aPredivFactorTable
 .rodata.ExCvt  0x000000000800baf0       0x80 Middlewares/Third_Party/FatFs/src/ff.o
 .rodata._svfprintf_r.str1.1
                0x000000000800bb70       0x11 c:/st/stm32cubeide_1.3.0/stm32cubeide/plugins/com.st.stm32cube.ide.mcu.externaltools.gnu-tools-for-stm32.7-2018-q2-update.win32_1.0.0.201904181610/tools/bin/../lib/gcc/arm-none-eabi/7.3.1/../../../../arm-none-eabi/lib/thumb/v7e-m/fpv4-sp/hard\libc_nano.a(lib_a-nano-svfprintf.o)
 .rodata._printf_i.str1.1
                0x000000000800bb81       0x22 c:/st/stm32cubeide_1.3.0/stm32cubeide/plugins/com.st.stm32cube.ide.mcu.externaltools.gnu-tools-for-stm32.7-2018-q2-update.win32_1.0.0.201904181610/tools/bin/../lib/gcc/arm-none-eabi/7.3.1/../../../../arm-none-eabi/lib/thumb/v7e-m/fpv4-sp/hard\libc_nano.a(lib_a-nano-vfprintf_i.o)
                0x000000000800bba4                . = ALIGN (0x4)
 *fill*         0x000000000800bba3        0x1 

.rel.dyn        0x000000000800bba4        0x0
 .rel.iplt      0x000000000800bba4        0x0 c:/st/stm32cubeide_1.3.0/stm32cubeide/plugins/com.st.stm32cube.ide.mcu.externaltools.gnu-tools-for-stm32.7-2018-q2-update.win32_1.0.0.201904181610/tools/bin/../lib/gcc/arm-none-eabi/7.3.1/thumb/v7e-m/fpv4-sp/hard/crtbegin.o

.ARM.extab      0x000000000800bba4        0x0
                0x000000000800bba4                . = ALIGN (0x4)
 *(.ARM.extab* .gnu.linkonce.armextab.*)
                0x000000000800bba4                . = ALIGN (0x4)

.ARM            0x000000000800bba4        0x0
                0x000000000800bba4                . = ALIGN (0x4)
                0x000000000800bba4                __exidx_start = .
 *(.ARM.exidx*)
                0x000000000800bba4                __exidx_end = .
                0x000000000800bba4                . = ALIGN (0x4)

.preinit_array  0x000000000800bba4        0x0
                0x000000000800bba4                . = ALIGN (0x4)
                0x000000000800bba4                PROVIDE (__preinit_array_start = .)
 *(.preinit_array*)
                0x000000000800bba4                PROVIDE (__preinit_array_end = .)
                0x000000000800bba4                . = ALIGN (0x4)

.init_array     0x000000000800bba4        0x4
                0x000000000800bba4                . = ALIGN (0x4)
                0x000000000800bba4                PROVIDE (__init_array_start = .)
 *(SORT_BY_NAME(.init_array.*))
 *(.init_array*)
 .init_array    0x000000000800bba4        0x4 c:/st/stm32cubeide_1.3.0/stm32cubeide/plugins/com.st.stm32cube.ide.mcu.externaltools.gnu-tools-for-stm32.7-2018-q2-update.win32_1.0.0.201904181610/tools/bin/../lib/gcc/arm-none-eabi/7.3.1/thumb/v7e-m/fpv4-sp/hard/crtbegin.o
                0x000000000800bba8                PROVIDE (__init_array_end = .)
                0x000000000800bba8                . = ALIGN (0x4)

.fini_array     0x000000000800bba8        0x4
                0x000000000800bba8                . = ALIGN (0x4)
                [!provide]                        PROVIDE (__fini_array_start = .)
 *(SORT_BY_NAME(.fini_array.*))
 *(.fini_array*)
 .fini_array    0x000000000800bba8        0x4 c:/st/stm32cubeide_1.3.0/stm32cubeide/plugins/com.st.stm32cube.ide.mcu.externaltools.gnu-tools-for-stm32.7-2018-q2-update.win32_1.0.0.201904181610/tools/bin/../lib/gcc/arm-none-eabi/7.3.1/thumb/v7e-m/fpv4-sp/hard/crtbegin.o
                [!provide]                        PROVIDE (__fini_array_end = .)
                0x000000000800bbac                . = ALIGN (0x4)
                0x000000000800bbac                _sidata = LOADADDR (.data)

.data           0x0000000020000000       0x8c load address 0x000000000800bbac
                0x0000000020000000                . = ALIGN (0x4)
                0x0000000020000000                _sdata = .
 *(.data)
 *(.data*)
 .data.SystemCoreClock
                0x0000000020000000        0x4 Core/Src/system_stm32f3xx.o
                0x0000000020000000                SystemCoreClock
 .data.uwTickPrio
                0x0000000020000004        0x4 Drivers/STM32F3xx_HAL_Driver/Src/stm32f3xx_hal.o
                0x0000000020000004                uwTickPrio
 .data.uwTickFreq
                0x0000000020000008        0x1 Drivers/STM32F3xx_HAL_Driver/Src/stm32f3xx_hal.o
                0x0000000020000008                uwTickFreq
 *fill*         0x0000000020000009        0x3 
 .data.USER_Driver
                0x000000002000000c       0x14 FATFS/Target/user_diskio.o
                0x000000002000000c                USER_Driver
 .data.Stat     0x0000000020000020        0x1 FATFS/Target/user_diskio_spi.o
 *fill*         0x0000000020000021        0x3 
 .data.uxCriticalNesting
                0x0000000020000024        0x4 Middlewares/Third_Party/FreeRTOS/Source/portable/GCC/ARM_CM4F/port.o
 .data._impure_ptr
                0x0000000020000028        0x4 c:/st/stm32cubeide_1.3.0/stm32cubeide/plugins/com.st.stm32cube.ide.mcu.externaltools.gnu-tools-for-stm32.7-2018-q2-update.win32_1.0.0.201904181610/tools/bin/../lib/gcc/arm-none-eabi/7.3.1/../../../../arm-none-eabi/lib/thumb/v7e-m/fpv4-sp/hard\libc_nano.a(lib_a-impure.o)
                0x0000000020000028                _impure_ptr
 .data.impure_data
                0x000000002000002c       0x60 c:/st/stm32cubeide_1.3.0/stm32cubeide/plugins/com.st.stm32cube.ide.mcu.externaltools.gnu-tools-for-stm32.7-2018-q2-update.win32_1.0.0.201904181610/tools/bin/../lib/gcc/arm-none-eabi/7.3.1/../../../../arm-none-eabi/lib/thumb/v7e-m/fpv4-sp/hard\libc_nano.a(lib_a-impure.o)
                0x000000002000008c                . = ALIGN (0x4)
                0x000000002000008c                _edata = .

.igot.plt       0x000000002000008c        0x0 load address 0x000000000800bc38
 .igot.plt      0x000000002000008c        0x0 c:/st/stm32cubeide_1.3.0/stm32cubeide/plugins/com.st.stm32cube.ide.mcu.externaltools.gnu-tools-for-stm32.7-2018-q2-update.win32_1.0.0.201904181610/tools/bin/../lib/gcc/arm-none-eabi/7.3.1/thumb/v7e-m/fpv4-sp/hard/crtbegin.o
                0x000000002000008c                . = ALIGN (0x4)

.bss            0x000000002000008c     0x25b0 load address 0x000000000800bc38
                0x000000002000008c                _sbss = .
                0x000000002000008c                __bss_start__ = _sbss
 *(.bss)
 .bss           0x000000002000008c       0x1c c:/st/stm32cubeide_1.3.0/stm32cubeide/plugins/com.st.stm32cube.ide.mcu.externaltools.gnu-tools-for-stm32.7-2018-q2-update.win32_1.0.0.201904181610/tools/bin/../lib/gcc/arm-none-eabi/7.3.1/thumb/v7e-m/fpv4-sp/hard/crtbegin.o
 *(.bss*)
 .bss.buffer.10453
                0x00000000200000a8      0x100 Core/Src/main.o
 .bss.__sbrk_heap_end
                0x00000000200001a8        0x4 Core/Src/sysmem.o
 .bss.CardType  0x00000000200001ac        0x1 FATFS/Target/user_diskio_spi.o
 *fill*         0x00000000200001ad        0x3 
 .bss.FatFs     0x00000000200001b0        0x4 Middlewares/Third_Party/FatFs/src/ff.o
 .bss.Fsid      0x00000000200001b4        0x2 Middlewares/Third_Party/FatFs/src/ff.o
 *fill*         0x00000000200001b6        0x2 
 .bss.Files     0x00000000200001b8       0x18 Middlewares/Third_Party/FatFs/src/ff.o
 .bss.disk      0x00000000200001d0        0xc Middlewares/Third_Party/FatFs/src/ff_gen_drv.o
                0x00000000200001d0                disk
 .bss.os_semaphore_cb_SEM.9742
                0x00000000200001dc       0x50 Middlewares/Third_Party/FatFs/src/option/syscall.o
 .bss.KernelState
                0x000000002000022c        0x4 Middlewares/Third_Party/FreeRTOS/Source/CMSIS_RTOS_V2/cmsis_os2.o
 .bss.Idle_TCB  0x0000000020000230       0x5c Middlewares/Third_Party/FreeRTOS/Source/CMSIS_RTOS_V2/cmsis_os2.o
 .bss.Idle_Stack
                0x000000002000028c      0x200 Middlewares/Third_Party/FreeRTOS/Source/CMSIS_RTOS_V2/cmsis_os2.o
 .bss.Timer_TCB
                0x000000002000048c       0x5c Middlewares/Third_Party/FreeRTOS/Source/CMSIS_RTOS_V2/cmsis_os2.o
 .bss.Timer_Stack
                0x00000000200004e8      0x400 Middlewares/Third_Party/FreeRTOS/Source/CMSIS_RTOS_V2/cmsis_os2.o
 .bss.pxCurrentTCB
                0x00000000200008e8        0x4 Middlewares/Third_Party/FreeRTOS/Source/tasks.o
                0x00000000200008e8                pxCurrentTCB
 .bss.pxReadyTasksLists
                0x00000000200008ec      0x460 Middlewares/Third_Party/FreeRTOS/Source/tasks.o
 .bss.xDelayedTaskList1
                0x0000000020000d4c       0x14 Middlewares/Third_Party/FreeRTOS/Source/tasks.o
 .bss.xDelayedTaskList2
                0x0000000020000d60       0x14 Middlewares/Third_Party/FreeRTOS/Source/tasks.o
 .bss.pxDelayedTaskList
                0x0000000020000d74        0x4 Middlewares/Third_Party/FreeRTOS/Source/tasks.o
 .bss.pxOverflowDelayedTaskList
                0x0000000020000d78        0x4 Middlewares/Third_Party/FreeRTOS/Source/tasks.o
 .bss.xPendingReadyList
                0x0000000020000d7c       0x14 Middlewares/Third_Party/FreeRTOS/Source/tasks.o
 .bss.xTasksWaitingTermination
                0x0000000020000d90       0x14 Middlewares/Third_Party/FreeRTOS/Source/tasks.o
 .bss.uxDeletedTasksWaitingCleanUp
                0x0000000020000da4        0x4 Middlewares/Third_Party/FreeRTOS/Source/tasks.o
 .bss.xSuspendedTaskList
                0x0000000020000da8       0x14 Middlewares/Third_Party/FreeRTOS/Source/tasks.o
 .bss.uxCurrentNumberOfTasks
                0x0000000020000dbc        0x4 Middlewares/Third_Party/FreeRTOS/Source/tasks.o
 .bss.xTickCount
                0x0000000020000dc0        0x4 Middlewares/Third_Party/FreeRTOS/Source/tasks.o
 .bss.uxTopReadyPriority
                0x0000000020000dc4        0x4 Middlewares/Third_Party/FreeRTOS/Source/tasks.o
 .bss.xSchedulerRunning
                0x0000000020000dc8        0x4 Middlewares/Third_Party/FreeRTOS/Source/tasks.o
 .bss.uxPendedTicks
                0x0000000020000dcc        0x4 Middlewares/Third_Party/FreeRTOS/Source/tasks.o
 .bss.xYieldPending
                0x0000000020000dd0        0x4 Middlewares/Third_Party/FreeRTOS/Source/tasks.o
 .bss.xNumOfOverflows
                0x0000000020000dd4        0x4 Middlewares/Third_Party/FreeRTOS/Source/tasks.o
 .bss.uxTaskNumber
                0x0000000020000dd8        0x4 Middlewares/Third_Party/FreeRTOS/Source/tasks.o
 .bss.xNextTaskUnblockTime
                0x0000000020000ddc        0x4 Middlewares/Third_Party/FreeRTOS/Source/tasks.o
 .bss.xIdleTaskHandle
                0x0000000020000de0        0x4 Middlewares/Third_Party/FreeRTOS/Source/tasks.o
 .bss.uxSchedulerSuspended
                0x0000000020000de4        0x4 Middlewares/Third_Party/FreeRTOS/Source/tasks.o
 .bss.xActiveTimerList1
                0x0000000020000de8       0x14 Middlewares/Third_Party/FreeRTOS/Source/timers.o
 .bss.xActiveTimerList2
                0x0000000020000dfc       0x14 Middlewares/Third_Party/FreeRTOS/Source/timers.o
 .bss.pxCurrentTimerList
                0x0000000020000e10        0x4 Middlewares/Third_Party/FreeRTOS/Source/timers.o
 .bss.pxOverflowTimerList
                0x0000000020000e14        0x4 Middlewares/Third_Party/FreeRTOS/Source/timers.o
 .bss.xTimerQueue
                0x0000000020000e18        0x4 Middlewares/Third_Party/FreeRTOS/Source/timers.o
 .bss.xTimerTaskHandle
                0x0000000020000e1c        0x4 Middlewares/Third_Party/FreeRTOS/Source/timers.o
 .bss.xLastTime.6727
                0x0000000020000e20        0x4 Middlewares/Third_Party/FreeRTOS/Source/timers.o
 .bss.ucStaticTimerQueueStorage.6778
                0x0000000020000e24       0xa0 Middlewares/Third_Party/FreeRTOS/Source/timers.o
 .bss.xStaticTimerQueue.6777
                0x0000000020000ec4       0x50 Middlewares/Third_Party/FreeRTOS/Source/timers.o
 .bss.ucMaxSysCallPriority
                0x0000000020000f14        0x1 Middlewares/Third_Party/FreeRTOS/Source/portable/GCC/ARM_CM4F/port.o
 *fill*         0x0000000020000f15        0x3 
 .bss.ulMaxPRIGROUPValue
                0x0000000020000f18        0x4 Middlewares/Third_Party/FreeRTOS/Source/portable/GCC/ARM_CM4F/port.o
 .bss.ucHeap    0x0000000020000f1c      0xc00 Middlewares/Third_Party/FreeRTOS/Source/portable/MemMang/heap_4.o
 .bss.xStart    0x0000000020001b1c        0x8 Middlewares/Third_Party/FreeRTOS/Source/portable/MemMang/heap_4.o
 .bss.pxEnd     0x0000000020001b24        0x4 Middlewares/Third_Party/FreeRTOS/Source/portable/MemMang/heap_4.o
 .bss.xFreeBytesRemaining
                0x0000000020001b28        0x4 Middlewares/Third_Party/FreeRTOS/Source/portable/MemMang/heap_4.o
 .bss.xMinimumEverFreeBytesRemaining
                0x0000000020001b2c        0x4 Middlewares/Third_Party/FreeRTOS/Source/portable/MemMang/heap_4.o
 .bss.xBlockAllocatedBit
                0x0000000020001b30        0x4 Middlewares/Third_Party/FreeRTOS/Source/portable/MemMang/heap_4.o
 .bss.__malloc_free_list
                0x0000000020001b34        0x4 c:/st/stm32cubeide_1.3.0/stm32cubeide/plugins/com.st.stm32cube.ide.mcu.externaltools.gnu-tools-for-stm32.7-2018-q2-update.win32_1.0.0.201904181610/tools/bin/../lib/gcc/arm-none-eabi/7.3.1/../../../../arm-none-eabi/lib/thumb/v7e-m/fpv4-sp/hard\libc_nano.a(lib_a-nano-mallocr.o)
                0x0000000020001b34                __malloc_free_list
 .bss.__malloc_sbrk_start
                0x0000000020001b38        0x4 c:/st/stm32cubeide_1.3.0/stm32cubeide/plugins/com.st.stm32cube.ide.mcu.externaltools.gnu-tools-for-stm32.7-2018-q2-update.win32_1.0.0.201904181610/tools/bin/../lib/gcc/arm-none-eabi/7.3.1/../../../../arm-none-eabi/lib/thumb/v7e-m/fpv4-sp/hard\libc_nano.a(lib_a-nano-mallocr.o)
                0x0000000020001b38                __malloc_sbrk_start
 *(COMMON)
 COMMON         0x0000000020001b3c      0x5fc Core/Src/main.o
                0x0000000020001b3c                other_threadHandle
                0x0000000020001b40                hspi2
                0x0000000020001ba4                SD_readHandle
                0x0000000020001ba8                SD_readControlBlock
                0x0000000020001c04                other_threadBuffer
                0x0000000020001e04                SD_readBuffer
                0x0000000020002004                other_threadControlBlock
                0x0000000020002060                sdMutexHandle
                0x0000000020002064                huart2
                0x00000000200020e8                sdMutexControlBlock
 COMMON         0x0000000020002138       0x4c Core/Src/stm32f3xx_hal_timebase_tim.o
                0x0000000020002138                htim6
 COMMON         0x0000000020002184        0x4 Drivers/STM32F3xx_HAL_Driver/Src/stm32f3xx_hal.o
                0x0000000020002184                uwTick
 COMMON         0x0000000020002188      0x468 FATFS/App/fatfs.o
                0x0000000020002188                USERPath
                0x000000002000218c                retUSER
                0x0000000020002190                USERFile
                0x00000000200023bc                USERFatFS
 COMMON         0x00000000200025f0        0x8 FATFS/Target/user_diskio_spi.o
                0x00000000200025f0                spiTimerTickStart
                0x00000000200025f4                spiTimerTickDelay
 COMMON         0x00000000200025f8       0x40 Middlewares/Third_Party/FreeRTOS/Source/queue.o
                0x00000000200025f8                xQueueRegistry
 COMMON         0x0000000020002638        0x4 c:/st/stm32cubeide_1.3.0/stm32cubeide/plugins/com.st.stm32cube.ide.mcu.externaltools.gnu-tools-for-stm32.7-2018-q2-update.win32_1.0.0.201904181610/tools/bin/../lib/gcc/arm-none-eabi/7.3.1/../../../../arm-none-eabi/lib/thumb/v7e-m/fpv4-sp/hard\libc_nano.a(lib_a-reent.o)
                0x0000000020002638                errno
                0x000000002000263c                . = ALIGN (0x4)
                0x000000002000263c                _ebss = .
                0x000000002000263c                __bss_end__ = _ebss

._user_heap_stack
                0x000000002000263c      0x604 load address 0x000000000800bc38
                0x0000000020002640                . = ALIGN (0x8)
 *fill*         0x000000002000263c        0x4 
                [!provide]                        PROVIDE (end = .)
                0x0000000020002640                PROVIDE (_end = .)
                0x0000000020002840                . = (. + _Min_Heap_Size)
 *fill*         0x0000000020002640      0x200 
                0x0000000020002c40                . = (. + _Min_Stack_Size)
 *fill*         0x0000000020002840      0x400 
                0x0000000020002c40                . = ALIGN (0x8)

/DISCARD/
 libc.a(*)
 libm.a(*)
 libgcc.a(*)

.ARM.attributes
                0x0000000000000000       0x30
 *(.ARM.attributes)
 .ARM.attributes
                0x0000000000000000       0x22 c:/st/stm32cubeide_1.3.0/stm32cubeide/plugins/com.st.stm32cube.ide.mcu.externaltools.gnu-tools-for-stm32.7-2018-q2-update.win32_1.0.0.201904181610/tools/bin/../lib/gcc/arm-none-eabi/7.3.1/thumb/v7e-m/fpv4-sp/hard/crti.o
 .ARM.attributes
                0x0000000000000022       0x34 c:/st/stm32cubeide_1.3.0/stm32cubeide/plugins/com.st.stm32cube.ide.mcu.externaltools.gnu-tools-for-stm32.7-2018-q2-update.win32_1.0.0.201904181610/tools/bin/../lib/gcc/arm-none-eabi/7.3.1/thumb/v7e-m/fpv4-sp/hard/crtbegin.o
 .ARM.attributes
                0x0000000000000056       0x39 Core/Src/main.o
 .ARM.attributes
                0x000000000000008f       0x39 Core/Src/stm32f3xx_hal_msp.o
 .ARM.attributes
                0x00000000000000c8       0x39 Core/Src/stm32f3xx_hal_timebase_tim.o
 .ARM.attributes
                0x0000000000000101       0x39 Core/Src/stm32f3xx_it.o
 .ARM.attributes
                0x000000000000013a       0x39 Core/Src/sysmem.o
 .ARM.attributes
                0x0000000000000173       0x39 Core/Src/system_stm32f3xx.o
 .ARM.attributes
                0x00000000000001ac       0x21 Core/Startup/startup_stm32f303retx.o
 .ARM.attributes
                0x00000000000001cd       0x39 Drivers/STM32F3xx_HAL_Driver/Src/stm32f3xx_hal.o
 .ARM.attributes
                0x0000000000000206       0x39 Drivers/STM32F3xx_HAL_Driver/Src/stm32f3xx_hal_cortex.o
 .ARM.attributes
                0x000000000000023f       0x39 Drivers/STM32F3xx_HAL_Driver/Src/stm32f3xx_hal_gpio.o
 .ARM.attributes
                0x0000000000000278       0x39 Drivers/STM32F3xx_HAL_Driver/Src/stm32f3xx_hal_rcc.o
 .ARM.attributes
                0x00000000000002b1       0x39 Drivers/STM32F3xx_HAL_Driver/Src/stm32f3xx_hal_rcc_ex.o
 .ARM.attributes
                0x00000000000002ea       0x39 Drivers/STM32F3xx_HAL_Driver/Src/stm32f3xx_hal_spi.o
 .ARM.attributes
                0x0000000000000323       0x39 Drivers/STM32F3xx_HAL_Driver/Src/stm32f3xx_hal_tim.o
 .ARM.attributes
                0x000000000000035c       0x39 Drivers/STM32F3xx_HAL_Driver/Src/stm32f3xx_hal_tim_ex.o
 .ARM.attributes
                0x0000000000000395       0x39 Drivers/STM32F3xx_HAL_Driver/Src/stm32f3xx_hal_uart.o
 .ARM.attributes
                0x00000000000003ce       0x39 FATFS/App/fatfs.o
 .ARM.attributes
                0x0000000000000407       0x39 FATFS/Target/user_diskio.o
 .ARM.attributes
                0x0000000000000440       0x39 FATFS/Target/user_diskio_spi.o
 .ARM.attributes
                0x0000000000000479       0x39 Middlewares/Third_Party/FatFs/src/diskio.o
 .ARM.attributes
                0x00000000000004b2       0x39 Middlewares/Third_Party/FatFs/src/ff.o
 .ARM.attributes
                0x00000000000004eb       0x39 Middlewares/Third_Party/FatFs/src/ff_gen_drv.o
 .ARM.attributes
                0x0000000000000524       0x39 Middlewares/Third_Party/FatFs/src/option/syscall.o
 .ARM.attributes
                0x000000000000055d       0x39 Middlewares/Third_Party/FreeRTOS/Source/CMSIS_RTOS_V2/cmsis_os2.o
 .ARM.attributes
                0x0000000000000596       0x39 Middlewares/Third_Party/FreeRTOS/Source/list.o
 .ARM.attributes
                0x00000000000005cf       0x39 Middlewares/Third_Party/FreeRTOS/Source/queue.o
 .ARM.attributes
                0x0000000000000608       0x39 Middlewares/Third_Party/FreeRTOS/Source/tasks.o
 .ARM.attributes
                0x0000000000000641       0x39 Middlewares/Third_Party/FreeRTOS/Source/timers.o
 .ARM.attributes
                0x000000000000067a       0x39 Middlewares/Third_Party/FreeRTOS/Source/portable/GCC/ARM_CM4F/port.o
 .ARM.attributes
                0x00000000000006b3       0x39 Middlewares/Third_Party/FreeRTOS/Source/portable/MemMang/heap_4.o
 .ARM.attributes
                0x00000000000006ec       0x34 c:/st/stm32cubeide_1.3.0/stm32cubeide/plugins/com.st.stm32cube.ide.mcu.externaltools.gnu-tools-for-stm32.7-2018-q2-update.win32_1.0.0.201904181610/tools/bin/../lib/gcc/arm-none-eabi/7.3.1/../../../../arm-none-eabi/lib/thumb/v7e-m/fpv4-sp/hard\libc_nano.a(lib_a-errno.o)
 .ARM.attributes
                0x0000000000000720       0x34 c:/st/stm32cubeide_1.3.0/stm32cubeide/plugins/com.st.stm32cube.ide.mcu.externaltools.gnu-tools-for-stm32.7-2018-q2-update.win32_1.0.0.201904181610/tools/bin/../lib/gcc/arm-none-eabi/7.3.1/../../../../arm-none-eabi/lib/thumb/v7e-m/fpv4-sp/hard\libc_nano.a(lib_a-impure.o)
 .ARM.attributes
                0x0000000000000754       0x34 c:/st/stm32cubeide_1.3.0/stm32cubeide/plugins/com.st.stm32cube.ide.mcu.externaltools.gnu-tools-for-stm32.7-2018-q2-update.win32_1.0.0.201904181610/tools/bin/../lib/gcc/arm-none-eabi/7.3.1/../../../../arm-none-eabi/lib/thumb/v7e-m/fpv4-sp/hard\libc_nano.a(lib_a-init.o)
 .ARM.attributes
                0x0000000000000788       0x34 c:/st/stm32cubeide_1.3.0/stm32cubeide/plugins/com.st.stm32cube.ide.mcu.externaltools.gnu-tools-for-stm32.7-2018-q2-update.win32_1.0.0.201904181610/tools/bin/../lib/gcc/arm-none-eabi/7.3.1/../../../../arm-none-eabi/lib/thumb/v7e-m/fpv4-sp/hard\libc_nano.a(lib_a-memcpy-stub.o)
 .ARM.attributes
                0x00000000000007bc       0x34 c:/st/stm32cubeide_1.3.0/stm32cubeide/plugins/com.st.stm32cube.ide.mcu.externaltools.gnu-tools-for-stm32.7-2018-q2-update.win32_1.0.0.201904181610/tools/bin/../lib/gcc/arm-none-eabi/7.3.1/../../../../arm-none-eabi/lib/thumb/v7e-m/fpv4-sp/hard\libc_nano.a(lib_a-memset.o)
 .ARM.attributes
                0x00000000000007f0       0x1b c:/st/stm32cubeide_1.3.0/stm32cubeide/plugins/com.st.stm32cube.ide.mcu.externaltools.gnu-tools-for-stm32.7-2018-q2-update.win32_1.0.0.201904181610/tools/bin/../lib/gcc/arm-none-eabi/7.3.1/../../../../arm-none-eabi/lib/thumb/v7e-m/fpv4-sp/hard\libc_nano.a(lib_a-strlen.o)
 .ARM.attributes
                0x000000000000080b       0x34 c:/st/stm32cubeide_1.3.0/stm32cubeide/plugins/com.st.stm32cube.ide.mcu.externaltools.gnu-tools-for-stm32.7-2018-q2-update.win32_1.0.0.201904181610/tools/bin/../lib/gcc/arm-none-eabi/7.3.1/../../../../arm-none-eabi/lib/thumb/v7e-m/fpv4-sp/hard\libc_nano.a(lib_a-vsnprintf.o)
 .ARM.attributes
                0x000000000000083f       0x34 c:/st/stm32cubeide_1.3.0/stm32cubeide/plugins/com.st.stm32cube.ide.mcu.externaltools.gnu-tools-for-stm32.7-2018-q2-update.win32_1.0.0.201904181610/tools/bin/../lib/gcc/arm-none-eabi/7.3.1/../../../../arm-none-eabi/lib/thumb/v7e-m/fpv4-sp/hard\libc_nano.a(lib_a-nano-svfprintf.o)
 .ARM.attributes
                0x0000000000000873       0x34 c:/st/stm32cubeide_1.3.0/stm32cubeide/plugins/com.st.stm32cube.ide.mcu.externaltools.gnu-tools-for-stm32.7-2018-q2-update.win32_1.0.0.201904181610/tools/bin/../lib/gcc/arm-none-eabi/7.3.1/../../../../arm-none-eabi/lib/thumb/v7e-m/fpv4-sp/hard\libc_nano.a(lib_a-nano-vfprintf_i.o)
 .ARM.attributes
                0x00000000000008a7       0x20 c:/st/stm32cubeide_1.3.0/stm32cubeide/plugins/com.st.stm32cube.ide.mcu.externaltools.gnu-tools-for-stm32.7-2018-q2-update.win32_1.0.0.201904181610/tools/bin/../lib/gcc/arm-none-eabi/7.3.1/../../../../arm-none-eabi/lib/thumb/v7e-m/fpv4-sp/hard\libc_nano.a(lib_a-memchr.o)
 .ARM.attributes
                0x00000000000008c7       0x34 c:/st/stm32cubeide_1.3.0/stm32cubeide/plugins/com.st.stm32cube.ide.mcu.externaltools.gnu-tools-for-stm32.7-2018-q2-update.win32_1.0.0.201904181610/tools/bin/../lib/gcc/arm-none-eabi/7.3.1/../../../../arm-none-eabi/lib/thumb/v7e-m/fpv4-sp/hard\libc_nano.a(lib_a-memmove.o)
 .ARM.attributes
                0x00000000000008fb       0x34 c:/st/stm32cubeide_1.3.0/stm32cubeide/plugins/com.st.stm32cube.ide.mcu.externaltools.gnu-tools-for-stm32.7-2018-q2-update.win32_1.0.0.201904181610/tools/bin/../lib/gcc/arm-none-eabi/7.3.1/../../../../arm-none-eabi/lib/thumb/v7e-m/fpv4-sp/hard\libc_nano.a(lib_a-nano-freer.o)
 .ARM.attributes
                0x000000000000092f       0x34 c:/st/stm32cubeide_1.3.0/stm32cubeide/plugins/com.st.stm32cube.ide.mcu.externaltools.gnu-tools-for-stm32.7-2018-q2-update.win32_1.0.0.201904181610/tools/bin/../lib/gcc/arm-none-eabi/7.3.1/../../../../arm-none-eabi/lib/thumb/v7e-m/fpv4-sp/hard\libc_nano.a(lib_a-nano-mallocr.o)
 .ARM.attributes
                0x0000000000000963       0x34 c:/st/stm32cubeide_1.3.0/stm32cubeide/plugins/com.st.stm32cube.ide.mcu.externaltools.gnu-tools-for-stm32.7-2018-q2-update.win32_1.0.0.201904181610/tools/bin/../lib/gcc/arm-none-eabi/7.3.1/../../../../arm-none-eabi/lib/thumb/v7e-m/fpv4-sp/hard\libc_nano.a(lib_a-nano-reallocr.o)
 .ARM.attributes
                0x0000000000000997       0x34 c:/st/stm32cubeide_1.3.0/stm32cubeide/plugins/com.st.stm32cube.ide.mcu.externaltools.gnu-tools-for-stm32.7-2018-q2-update.win32_1.0.0.201904181610/tools/bin/../lib/gcc/arm-none-eabi/7.3.1/../../../../arm-none-eabi/lib/thumb/v7e-m/fpv4-sp/hard\libc_nano.a(lib_a-sbrkr.o)
 .ARM.attributes
                0x00000000000009cb       0x34 c:/st/stm32cubeide_1.3.0/stm32cubeide/plugins/com.st.stm32cube.ide.mcu.externaltools.gnu-tools-for-stm32.7-2018-q2-update.win32_1.0.0.201904181610/tools/bin/../lib/gcc/arm-none-eabi/7.3.1/../../../../arm-none-eabi/lib/thumb/v7e-m/fpv4-sp/hard\libc_nano.a(lib_a-mlock.o)
 .ARM.attributes
                0x00000000000009ff       0x34 c:/st/stm32cubeide_1.3.0/stm32cubeide/plugins/com.st.stm32cube.ide.mcu.externaltools.gnu-tools-for-stm32.7-2018-q2-update.win32_1.0.0.201904181610/tools/bin/../lib/gcc/arm-none-eabi/7.3.1/../../../../arm-none-eabi/lib/thumb/v7e-m/fpv4-sp/hard\libc_nano.a(lib_a-nano-msizer.o)
 .ARM.attributes
                0x0000000000000a33       0x34 c:/st/stm32cubeide_1.3.0/stm32cubeide/plugins/com.st.stm32cube.ide.mcu.externaltools.gnu-tools-for-stm32.7-2018-q2-update.win32_1.0.0.201904181610/tools/bin/../lib/gcc/arm-none-eabi/7.3.1/../../../../arm-none-eabi/lib/thumb/v7e-m/fpv4-sp/hard\libc_nano.a(lib_a-reent.o)
 .ARM.attributes
                0x0000000000000a67       0x22 c:/st/stm32cubeide_1.3.0/stm32cubeide/plugins/com.st.stm32cube.ide.mcu.externaltools.gnu-tools-for-stm32.7-2018-q2-update.win32_1.0.0.201904181610/tools/bin/../lib/gcc/arm-none-eabi/7.3.1/thumb/v7e-m/fpv4-sp/hard/crtn.o
OUTPUT(ThreadsAndSD.elf elf32-littlearm)

.debug_info     0x0000000000000000    0x213b1
 .debug_info    0x0000000000000000     0x2612 Core/Src/main.o
 .debug_info    0x0000000000002612      0xe36 Core/Src/stm32f3xx_hal_msp.o
 .debug_info    0x0000000000003448      0xac6 Core/Src/stm32f3xx_hal_timebase_tim.o
 .debug_info    0x0000000000003f0e      0x75b Core/Src/stm32f3xx_it.o
 .debug_info    0x0000000000004669      0x985 Core/Src/sysmem.o
 .debug_info    0x0000000000004fee      0x45c Core/Src/system_stm32f3xx.o
 .debug_info    0x000000000000544a       0x22 Core/Startup/startup_stm32f303retx.o
 .debug_info    0x000000000000546c      0x812 Drivers/STM32F3xx_HAL_Driver/Src/stm32f3xx_hal.o
 .debug_info    0x0000000000005c7e      0xdc9 Drivers/STM32F3xx_HAL_Driver/Src/stm32f3xx_hal_cortex.o
 .debug_info    0x0000000000006a47      0x7c1 Drivers/STM32F3xx_HAL_Driver/Src/stm32f3xx_hal_gpio.o
 .debug_info    0x0000000000007208     0x181f Drivers/STM32F3xx_HAL_Driver/Src/stm32f3xx_hal_rcc.o
 .debug_info    0x0000000000008a27      0x708 Drivers/STM32F3xx_HAL_Driver/Src/stm32f3xx_hal_rcc_ex.o
 .debug_info    0x000000000000912f     0x167f Drivers/STM32F3xx_HAL_Driver/Src/stm32f3xx_hal_spi.o
 .debug_info    0x000000000000a7ae     0x2901 Drivers/STM32F3xx_HAL_Driver/Src/stm32f3xx_hal_tim.o
 .debug_info    0x000000000000d0af     0x144c Drivers/STM32F3xx_HAL_Driver/Src/stm32f3xx_hal_tim_ex.o
 .debug_info    0x000000000000e4fb     0x16a2 Drivers/STM32F3xx_HAL_Driver/Src/stm32f3xx_hal_uart.o
 .debug_info    0x000000000000fb9d      0x5b1 FATFS/App/fatfs.o
 .debug_info    0x000000000001014e      0xc21 FATFS/Target/user_diskio.o
 .debug_info    0x0000000000010d6f      0xc17 FATFS/Target/user_diskio_spi.o
 .debug_info    0x0000000000011986      0x4c6 Middlewares/Third_Party/FatFs/src/diskio.o
 .debug_info    0x0000000000011e4c     0x21e3 Middlewares/Third_Party/FatFs/src/ff.o
 .debug_info    0x000000000001402f      0x464 Middlewares/Third_Party/FatFs/src/ff_gen_drv.o
 .debug_info    0x0000000000014493      0xcaa Middlewares/Third_Party/FatFs/src/option/syscall.o
 .debug_info    0x000000000001513d     0x403a Middlewares/Third_Party/FreeRTOS/Source/CMSIS_RTOS_V2/cmsis_os2.o
 .debug_info    0x0000000000019177      0xac5 Middlewares/Third_Party/FreeRTOS/Source/list.o
 .debug_info    0x0000000000019c3c     0x22e8 Middlewares/Third_Party/FreeRTOS/Source/queue.o
 .debug_info    0x000000000001bf24     0x294f Middlewares/Third_Party/FreeRTOS/Source/tasks.o
 .debug_info    0x000000000001e873     0x1a21 Middlewares/Third_Party/FreeRTOS/Source/timers.o
 .debug_info    0x0000000000020294      0x533 Middlewares/Third_Party/FreeRTOS/Source/portable/GCC/ARM_CM4F/port.o
 .debug_info    0x00000000000207c7      0xbea Middlewares/Third_Party/FreeRTOS/Source/portable/MemMang/heap_4.o

.debug_abbrev   0x0000000000000000     0x3ff1
 .debug_abbrev  0x0000000000000000      0x36e Core/Src/main.o
 .debug_abbrev  0x000000000000036e      0x195 Core/Src/stm32f3xx_hal_msp.o
 .debug_abbrev  0x0000000000000503      0x19d Core/Src/stm32f3xx_hal_timebase_tim.o
 .debug_abbrev  0x00000000000006a0      0x15a Core/Src/stm32f3xx_it.o
 .debug_abbrev  0x00000000000007fa      0x19b Core/Src/sysmem.o
 .debug_abbrev  0x0000000000000995      0x12b Core/Src/system_stm32f3xx.o
 .debug_abbrev  0x0000000000000ac0       0x12 Core/Startup/startup_stm32f303retx.o
 .debug_abbrev  0x0000000000000ad2      0x1c7 Drivers/STM32F3xx_HAL_Driver/Src/stm32f3xx_hal.o
 .debug_abbrev  0x0000000000000c99      0x2fa Drivers/STM32F3xx_HAL_Driver/Src/stm32f3xx_hal_cortex.o
 .debug_abbrev  0x0000000000000f93      0x1c0 Drivers/STM32F3xx_HAL_Driver/Src/stm32f3xx_hal_gpio.o
 .debug_abbrev  0x0000000000001153      0x28c Drivers/STM32F3xx_HAL_Driver/Src/stm32f3xx_hal_rcc.o
 .debug_abbrev  0x00000000000013df      0x219 Drivers/STM32F3xx_HAL_Driver/Src/stm32f3xx_hal_rcc_ex.o
 .debug_abbrev  0x00000000000015f8      0x228 Drivers/STM32F3xx_HAL_Driver/Src/stm32f3xx_hal_spi.o
 .debug_abbrev  0x0000000000001820      0x230 Drivers/STM32F3xx_HAL_Driver/Src/stm32f3xx_hal_tim.o
 .debug_abbrev  0x0000000000001a50      0x236 Drivers/STM32F3xx_HAL_Driver/Src/stm32f3xx_hal_tim_ex.o
 .debug_abbrev  0x0000000000001c86      0x215 Drivers/STM32F3xx_HAL_Driver/Src/stm32f3xx_hal_uart.o
 .debug_abbrev  0x0000000000001e9b      0x17d FATFS/App/fatfs.o
 .debug_abbrev  0x0000000000002018      0x1f1 FATFS/Target/user_diskio.o
 .debug_abbrev  0x0000000000002209      0x29c FATFS/Target/user_diskio_spi.o
 .debug_abbrev  0x00000000000024a5      0x16f Middlewares/Third_Party/FatFs/src/diskio.o