Archive member included to satisfy reference by file (symbol)

c:/st/stm32cubeide_1.4.0/stm32cubeide/plugins/com.st.stm32cube.ide.mcu.externaltools.gnu-tools-for-stm32.7-2018-q2-update.win32_1.4.0.202007081208/tools/bin/../lib/gcc/arm-none-eabi/7.3.1/../../../../arm-none-eabi/lib/thumb/v7e-m/fpv4-sp/hard\libc_nano.a(lib_a-errno.o)
                              Core/Src/syscalls.o (__errno)
c:/st/stm32cubeide_1.4.0/stm32cubeide/plugins/com.st.stm32cube.ide.mcu.externaltools.gnu-tools-for-stm32.7-2018-q2-update.win32_1.4.0.202007081208/tools/bin/../lib/gcc/arm-none-eabi/7.3.1/../../../../arm-none-eabi/lib/thumb/v7e-m/fpv4-sp/hard\libc_nano.a(lib_a-exit.o)
                              c:/st/stm32cubeide_1.4.0/stm32cubeide/plugins/com.st.stm32cube.ide.mcu.externaltools.gnu-tools-for-stm32.7-2018-q2-update.win32_1.4.0.202007081208/tools/bin/../lib/gcc/arm-none-eabi/7.3.1/../../../../arm-none-eabi/lib/thumb/v7e-m/fpv4-sp/hard/crt0.o (exit)
c:/st/stm32cubeide_1.4.0/stm32cubeide/plugins/com.st.stm32cube.ide.mcu.externaltools.gnu-tools-for-stm32.7-2018-q2-update.win32_1.4.0.202007081208/tools/bin/../lib/gcc/arm-none-eabi/7.3.1/../../../../arm-none-eabi/lib/thumb/v7e-m/fpv4-sp/hard\libc_nano.a(lib_a-impure.o)
                              c:/st/stm32cubeide_1.4.0/stm32cubeide/plugins/com.st.stm32cube.ide.mcu.externaltools.gnu-tools-for-stm32.7-2018-q2-update.win32_1.4.0.202007081208/tools/bin/../lib/gcc/arm-none-eabi/7.3.1/../../../../arm-none-eabi/lib/thumb/v7e-m/fpv4-sp/hard\libc_nano.a(lib_a-exit.o) (_global_impure_ptr)
c:/st/stm32cubeide_1.4.0/stm32cubeide/plugins/com.st.stm32cube.ide.mcu.externaltools.gnu-tools-for-stm32.7-2018-q2-update.win32_1.4.0.202007081208/tools/bin/../lib/gcc/arm-none-eabi/7.3.1/../../../../arm-none-eabi/lib/thumb/v7e-m/fpv4-sp/hard\libc_nano.a(lib_a-init.o)
                              c:/st/stm32cubeide_1.4.0/stm32cubeide/plugins/com.st.stm32cube.ide.mcu.externaltools.gnu-tools-for-stm32.7-2018-q2-update.win32_1.4.0.202007081208/tools/bin/../lib/gcc/arm-none-eabi/7.3.1/../../../../arm-none-eabi/lib/thumb/v7e-m/fpv4-sp/hard/crt0.o (__libc_init_array)
c:/st/stm32cubeide_1.4.0/stm32cubeide/plugins/com.st.stm32cube.ide.mcu.externaltools.gnu-tools-for-stm32.7-2018-q2-update.win32_1.4.0.202007081208/tools/bin/../lib/gcc/arm-none-eabi/7.3.1/../../../../arm-none-eabi/lib/thumb/v7e-m/fpv4-sp/hard\libc_nano.a(lib_a-memset.o)
                              c:/st/stm32cubeide_1.4.0/stm32cubeide/plugins/com.st.stm32cube.ide.mcu.externaltools.gnu-tools-for-stm32.7-2018-q2-update.win32_1.4.0.202007081208/tools/bin/../lib/gcc/arm-none-eabi/7.3.1/../../../../arm-none-eabi/lib/thumb/v7e-m/fpv4-sp/hard/crt0.o (memset)

Allocating common symbols
Common symbol       size              file

timeStruct          0x14              Core/Src/main.o
uwTick              0x4               Drivers/STM32F3xx_HAL_Driver/Src/stm32f3xx_hal.o
pFlash              0x20              Drivers/STM32F3xx_HAL_Driver/Src/stm32f3xx_hal_flash.o
hrtc                0x20              Core/Src/main.o

Discarded input sections

 .text          0x0000000000000000        0x0 c:/st/stm32cubeide_1.4.0/stm32cubeide/plugins/com.st.stm32cube.ide.mcu.externaltools.gnu-tools-for-stm32.7-2018-q2-update.win32_1.4.0.202007081208/tools/bin/../lib/gcc/arm-none-eabi/7.3.1/thumb/v7e-m/fpv4-sp/hard/crti.o
 .data          0x0000000000000000        0x0 c:/st/stm32cubeide_1.4.0/stm32cubeide/plugins/com.st.stm32cube.ide.mcu.externaltools.gnu-tools-for-stm32.7-2018-q2-update.win32_1.4.0.202007081208/tools/bin/../lib/gcc/arm-none-eabi/7.3.1/thumb/v7e-m/fpv4-sp/hard/crti.o
 .bss           0x0000000000000000        0x0 c:/st/stm32cubeide_1.4.0/stm32cubeide/plugins/com.st.stm32cube.ide.mcu.externaltools.gnu-tools-for-stm32.7-2018-q2-update.win32_1.4.0.202007081208/tools/bin/../lib/gcc/arm-none-eabi/7.3.1/thumb/v7e-m/fpv4-sp/hard/crti.o
 .data          0x0000000000000000        0x4 c:/st/stm32cubeide_1.4.0/stm32cubeide/plugins/com.st.stm32cube.ide.mcu.externaltools.gnu-tools-for-stm32.7-2018-q2-update.win32_1.4.0.202007081208/tools/bin/../lib/gcc/arm-none-eabi/7.3.1/thumb/v7e-m/fpv4-sp/hard/crtbegin.o
 .text          0x0000000000000000       0x74 c:/st/stm32cubeide_1.4.0/stm32cubeide/plugins/com.st.stm32cube.ide.mcu.externaltools.gnu-tools-for-stm32.7-2018-q2-update.win32_1.4.0.202007081208/tools/bin/../lib/gcc/arm-none-eabi/7.3.1/../../../../arm-none-eabi/lib/thumb/v7e-m/fpv4-sp/hard/crt0.o
 .data          0x0000000000000000        0x0 c:/st/stm32cubeide_1.4.0/stm32cubeide/plugins/com.st.stm32cube.ide.mcu.externaltools.gnu-tools-for-stm32.7-2018-q2-update.win32_1.4.0.202007081208/tools/bin/../lib/gcc/arm-none-eabi/7.3.1/../../../../arm-none-eabi/lib/thumb/v7e-m/fpv4-sp/hard/crt0.o
[...]
Memory Configuration

Name             Origin             Length             Attributes
CCMRAM           0x0000000010000000 0x0000000000004000 xrw
RAM              0x0000000020000000 0x0000000000010000 xrw
FLASH            0x0000000008000000 0x0000000000080000 xr
*default*        0x0000000000000000 0xffffffffffffffff

Linker script and memory map

LOAD c:/st/stm32cubeide_1.4.0/stm32cubeide/plugins/com.st.stm32cube.ide.mcu.externaltools.gnu-tools-for-stm32.7-2018-q2-update.win32_1.4.0.202007081208/tools/bin/../lib/gcc/arm-none-eabi/7.3.1/thumb/v7e-m/fpv4-sp/hard/crti.o
LOAD c:/st/stm32cubeide_1.4.0/stm32cubeide/plugins/com.st.stm32cube.ide.mcu.externaltools.gnu-tools-for-stm32.7-2018-q2-update.win32_1.4.0.202007081208/tools/bin/../lib/gcc/arm-none-eabi/7.3.1/thumb/v7e-m/fpv4-sp/hard/crtbegin.o
LOAD c:/st/stm32cubeide_1.4.0/stm32cubeide/plugins/com.st.stm32cube.ide.mcu.externaltools.gnu-tools-for-stm32.7-2018-q2-update.win32_1.4.0.202007081208/tools/bin/../lib/gcc/arm-none-eabi/7.3.1/../../../../arm-none-eabi/lib/thumb/v7e-m/fpv4-sp/hard/crt0.o
LOAD Core/Src/main.o
LOAD Core/Src/stm32f3xx_hal_msp.o
LOAD Core/Src/stm32f3xx_it.o
LOAD Core/Src/syscalls.o
LOAD Core/Src/sysmem.o
LOAD Core/Src/system_stm32f3xx.o
LOAD Core/Startup/startup_stm32f303retx.o
LOAD Drivers/STM32F3xx_HAL_Driver/Src/stm32f3xx_hal.o
LOAD Drivers/STM32F3xx_HAL_Driver/Src/stm32f3xx_hal_cortex.o
LOAD Drivers/STM32F3xx_HAL_Driver/Src/stm32f3xx_hal_dma.o
LOAD Drivers/STM32F3xx_HAL_Driver/Src/stm32f3xx_hal_exti.o
LOAD Drivers/STM32F3xx_HAL_Driver/Src/stm32f3xx_hal_flash.o
LOAD Drivers/STM32F3xx_HAL_Driver/Src/stm32f3xx_hal_flash_ex.o
LOAD Drivers/STM32F3xx_HAL_Driver/Src/stm32f3xx_hal_gpio.o
LOAD Drivers/STM32F3xx_HAL_Driver/Src/stm32f3xx_hal_i2c.o
LOAD Drivers/STM32F3xx_HAL_Driver/Src/stm32f3xx_hal_i2c_ex.o
LOAD Drivers/STM32F3xx_HAL_Driver/Src/stm32f3xx_hal_pwr.o
LOAD Drivers/STM32F3xx_HAL_Driver/Src/stm32f3xx_hal_pwr_ex.o
LOAD Drivers/STM32F3xx_HAL_Driver/Src/stm32f3xx_hal_rcc.o
LOAD Drivers/STM32F3xx_HAL_Driver/Src/stm32f3xx_hal_rcc_ex.o
LOAD Drivers/STM32F3xx_HAL_Driver/Src/stm32f3xx_hal_rtc.o
LOAD Drivers/STM32F3xx_HAL_Driver/Src/stm32f3xx_hal_rtc_ex.o
LOAD Drivers/STM32F3xx_HAL_Driver/Src/stm32f3xx_hal_tim.o
LOAD Drivers/STM32F3xx_HAL_Driver/Src/stm32f3xx_hal_tim_ex.o
START GROUP
LOAD c:/st/stm32cubeide_1.4.0/stm32cubeide/plugins/com.st.stm32cube.ide.mcu.externaltools.gnu-tools-for-stm32.7-2018-q2-update.win32_1.4.0.202007081208/tools/bin/../lib/gcc/arm-none-eabi/7.3.1/../../../../arm-none-eabi/lib/thumb/v7e-m/fpv4-sp/hard\libc_nano.a
LOAD c:/st/stm32cubeide_1.4.0/stm32cubeide/plugins/com.st.stm32cube.ide.mcu.externaltools.gnu-tools-for-stm32.7-2018-q2-update.win32_1.4.0.202007081208/tools/bin/../lib/gcc/arm-none-eabi/7.3.1/../../../../arm-none-eabi/lib/thumb/v7e-m/fpv4-sp/hard\libm.a
END GROUP
START GROUP
LOAD c:/st/stm32cubeide_1.4.0/stm32cubeide/plugins/com.st.stm32cube.ide.mcu.externaltools.gnu-tools-for-stm32.7-2018-q2-update.win32_1.4.0.202007081208/tools/bin/../lib/gcc/arm-none-eabi/7.3.1/thumb/v7e-m/fpv4-sp/hard\libgcc.a
LOAD c:/st/stm32cubeide_1.4.0/stm32cubeide/plugins/com.st.stm32cube.ide.mcu.externaltools.gnu-tools-for-stm32.7-2018-q2-update.win32_1.4.0.202007081208/tools/bin/../lib/gcc/arm-none-eabi/7.3.1/../../../../arm-none-eabi/lib/thumb/v7e-m/fpv4-sp/hard\libc_nano.a
END GROUP
START GROUP
LOAD c:/st/stm32cubeide_1.4.0/stm32cubeide/plugins/com.st.stm32cube.ide.mcu.externaltools.gnu-tools-for-stm32.7-2018-q2-update.win32_1.4.0.202007081208/tools/bin/../lib/gcc/arm-none-eabi/7.3.1/thumb/v7e-m/fpv4-sp/hard\libgcc.a
LOAD c:/st/stm32cubeide_1.4.0/stm32cubeide/plugins/com.st.stm32cube.ide.mcu.externaltools.gnu-tools-for-stm32.7-2018-q2-update.win32_1.4.0.202007081208/tools/bin/../lib/gcc/arm-none-eabi/7.3.1/../../../../arm-none-eabi/lib/thumb/v7e-m/fpv4-sp/hard\libc_nano.a
LOAD c:/st/stm32cubeide_1.4.0/stm32cubeide/plugins/com.st.stm32cube.ide.mcu.externaltools.gnu-tools-for-stm32.7-2018-q2-update.win32_1.4.0.202007081208/tools/bin/../lib/gcc/arm-none-eabi/7.3.1/../../../../arm-none-eabi/lib/thumb/v7e-m/fpv4-sp/hard\libnosys.a
END GROUP
START GROUP
LOAD c:/st/stm32cubeide_1.4.0/stm32cubeide/plugins/com.st.stm32cube.ide.mcu.externaltools.gnu-tools-for-stm32.7-2018-q2-update.win32_1.4.0.202007081208/tools/bin/../lib/gcc/arm-none-eabi/7.3.1/thumb/v7e-m/fpv4-sp/hard\libgcc.a
LOAD c:/st/stm32cubeide_1.4.0/stm32cubeide/plugins/com.st.stm32cube.ide.mcu.externaltools.gnu-tools-for-stm32.7-2018-q2-update.win32_1.4.0.202007081208/tools/bin/../lib/gcc/arm-none-eabi/7.3.1/../../../../arm-none-eabi/lib/thumb/v7e-m/fpv4-sp/hard\libc_nano.a
LOAD c:/st/stm32cubeide_1.4.0/stm32cubeide/plugins/com.st.stm32cube.ide.mcu.externaltools.gnu-tools-for-stm32.7-2018-q2-update.win32_1.4.0.202007081208/tools/bin/../lib/gcc/arm-none-eabi/7.3.1/../../../../arm-none-eabi/lib/thumb/v7e-m/fpv4-sp/hard\libnosys.a
END GROUP
LOAD c:/st/stm32cubeide_1.4.0/stm32cubeide/plugins/com.st.stm32cube.ide.mcu.externaltools.gnu-tools-for-stm32.7-2018-q2-update.win32_1.4.0.202007081208/tools/bin/../lib/gcc/arm-none-eabi/7.3.1/thumb/v7e-m/fpv4-sp/hard/crtend.o
LOAD c:/st/stm32cubeide_1.4.0/stm32cubeide/plugins/com.st.stm32cube.ide.mcu.externaltools.gnu-tools-for-stm32.7-2018-q2-update.win32_1.4.0.202007081208/tools/bin/../lib/gcc/arm-none-eabi/7.3.1/thumb/v7e-m/fpv4-sp/hard/crtn.o
                0x0000000020010000                _estack = (ORIGIN (RAM) + LENGTH (RAM))
                0x0000000000000200                _Min_Heap_Size = 0x200
                0x0000000000000400                _Min_Stack_Size = 0x400

.isr_vector     0x0000000008000000      0x194
                0x0000000008000000                . = ALIGN (0x4)
 *(.isr_vector)
 .isr_vector    0x0000000008000000      0x194 Core/Startup/startup_stm32f303retx.o
                0x0000000008000000                g_pfnVectors
                0x0000000008000194                . = ALIGN (0x4)

.text           0x0000000008000194     0x26c4
                0x0000000008000194                . = ALIGN (0x4)
 *(.text)
 .text          0x0000000008000194       0x40 c:/st/stm32cubeide_1.4.0/stm32cubeide/plugins/com.st.stm32cube.ide.mcu.externaltools.gnu-tools-for-stm32.7-2018-q2-update.win32_1.4.0.202007081208/tools/bin/../lib/gcc/arm-none-eabi/7.3.1/thumb/v7e-m/fpv4-sp/hard/crtbegin.o
 *(.text*)
 .text.main     0x00000000080001d4       0x54 Core/Src/main.o
                0x00000000080001d4                main
 .text.SystemClock_Config
                0x0000000008000228       0xc6 Core/Src/main.o
                0x0000000008000228                SystemClock_Config
 *fill*         0x00000000080002ee        0x2 
 .text.MX_RTC_Init
                0x00000000080002f0       0xb4 Core/Src/main.o
 .text.MX_GPIO_Init
                0x00000000080003a4       0x7c Core/Src/main.o
 .text.Error_Handler
                0x0000000008000420        0xe Core/Src/main.o
                0x0000000008000420                Error_Handler
 *fill*         0x000000000800042e        0x2 
 .text.HAL_MspInit
                0x0000000008000430       0x48 Core/Src/stm32f3xx_hal_msp.o
                0x0000000008000430                HAL_MspInit
 .text.HAL_RTC_MspInit
                0x0000000008000478       0x4c Core/Src/stm32f3xx_hal_msp.o
                0x0000000008000478                HAL_RTC_MspInit
 .text.NMI_Handler
                0x00000000080004c4        0xe Core/Src/stm32f3xx_it.o
                0x00000000080004c4                NMI_Handler
 .text.HardFault_Handler
                0x00000000080004d2        0x6 Core/Src/stm32f3xx_it.o
                0x00000000080004d2                HardFault_Handler
 .text.MemManage_Handler
                0x00000000080004d8        0x6 Core/Src/stm32f3xx_it.o
                0x00000000080004d8                MemManage_Handler
 .text.BusFault_Handler
                0x00000000080004de        0x6 Core/Src/stm32f3xx_it.o
                0x00000000080004de                BusFault_Handler
 .text.UsageFault_Handler
                0x00000000080004e4        0x6 Core/Src/stm32f3xx_it.o
                0x00000000080004e4                UsageFault_Handler
 .text.SVC_Handler
                0x00000000080004ea        0xe Core/Src/stm32f3xx_it.o
                0x00000000080004ea                SVC_Handler
 .text.DebugMon_Handler
                0x00000000080004f8        0xe Core/Src/stm32f3xx_it.o
                0x00000000080004f8                DebugMon_Handler
 .text.PendSV_Handler
                0x0000000008000506        0xe Core/Src/stm32f3xx_it.o
                0x0000000008000506                PendSV_Handler
 .text.SysTick_Handler
                0x0000000008000514        0xc Core/Src/stm32f3xx_it.o
                0x0000000008000514                SysTick_Handler
 .text.SystemInit
                0x0000000008000520       0x24 Core/Src/system_stm32f3xx.o
                0x0000000008000520                SystemInit
 .text.Reset_Handler
                0x0000000008000544       0x50 Core/Startup/startup_stm32f303retx.o
                0x0000000008000544                Reset_Handler
 .text.Default_Handler
                0x0000000008000594        0x2 Core/Startup/startup_stm32f303retx.o
                0x0000000008000594                RTC_Alarm_IRQHandler
                0x0000000008000594                TIM8_TRG_COM_IRQHandler
                0x0000000008000594                TIM8_CC_IRQHandler
                0x0000000008000594                SPI4_IRQHandler
                0x0000000008000594                TIM1_CC_IRQHandler
                0x0000000008000594                USB_HP_IRQHandler
                0x0000000008000594                PVD_IRQHandler
                0x0000000008000594                TAMP_STAMP_IRQHandler
                0x0000000008000594                EXTI3_IRQHandler
                0x0000000008000594                I2C3_ER_IRQHandler
                0x0000000008000594                USB_HP_CAN_TX_IRQHandler
                0x0000000008000594                EXTI0_IRQHandler
                0x0000000008000594                I2C2_EV_IRQHandler
                0x0000000008000594                FPU_IRQHandler
                0x0000000008000594                TIM1_UP_TIM16_IRQHandler
                0x0000000008000594                ADC1_2_IRQHandler
                0x0000000008000594                SPI1_IRQHandler
                0x0000000008000594                CAN_SCE_IRQHandler
                0x0000000008000594                TIM6_DAC_IRQHandler
                0x0000000008000594                TIM8_UP_IRQHandler
                0x0000000008000594                DMA2_Channel2_IRQHandler
                0x0000000008000594                DMA1_Channel4_IRQHandler
                0x0000000008000594                TIM20_TRG_COM_IRQHandler
                0x0000000008000594                USART3_IRQHandler
                0x0000000008000594                DMA1_Channel7_IRQHandler
                0x0000000008000594                UART5_IRQHandler
                0x0000000008000594                ADC3_IRQHandler
                0x0000000008000594                TIM4_IRQHandler
                0x0000000008000594                CAN_RX1_IRQHandler
                0x0000000008000594                DMA2_Channel1_IRQHandler
                0x0000000008000594                I2C1_EV_IRQHandler
                0x0000000008000594                DMA1_Channel6_IRQHandler
                0x0000000008000594                UART4_IRQHandler
                0x0000000008000594                DMA2_Channel4_IRQHandler
                0x0000000008000594                TIM3_IRQHandler
                0x0000000008000594                RCC_IRQHandler
                0x0000000008000594                TIM20_UP_IRQHandler
                0x0000000008000594                DMA1_Channel1_IRQHandler
                0x0000000008000594                Default_Handler
                0x0000000008000594                USBWakeUp_RMP_IRQHandler
                0x0000000008000594                EXTI15_10_IRQHandler
                0x0000000008000594                TIM7_IRQHandler
                0x0000000008000594                I2C3_EV_IRQHandler
                0x0000000008000594                EXTI9_5_IRQHandler
                0x0000000008000594                RTC_WKUP_IRQHandler
                0x0000000008000594                SPI2_IRQHandler
                0x0000000008000594                USB_LP_CAN_RX0_IRQHandler
                0x0000000008000594                DMA2_Channel5_IRQHandler
                0x0000000008000594                DMA1_Channel5_IRQHandler
                0x0000000008000594                USB_LP_IRQHandler
                0x0000000008000594                EXTI4_IRQHandler
                0x0000000008000594                TIM1_TRG_COM_TIM17_IRQHandler
                0x0000000008000594                DMA1_Channel3_IRQHandler
                0x0000000008000594                ADC4_IRQHandler
                0x0000000008000594                WWDG_IRQHandler
                0x0000000008000594                TIM2_IRQHandler
                0x0000000008000594                COMP7_IRQHandler
                0x0000000008000594                COMP1_2_3_IRQHandler
                0x0000000008000594                EXTI1_IRQHandler
                0x0000000008000594                USART2_IRQHandler
                0x0000000008000594                COMP4_5_6_IRQHandler
                0x0000000008000594                TIM20_BRK_IRQHandler
                0x0000000008000594                I2C2_ER_IRQHandler
                0x0000000008000594                DMA1_Channel2_IRQHandler
                0x0000000008000594                TIM8_BRK_IRQHandler
                0x0000000008000594                FLASH_IRQHandler
                0x0000000008000594                TIM20_CC_IRQHandler
                0x0000000008000594                USART1_IRQHandler
                0x0000000008000594                SPI3_IRQHandler
                0x0000000008000594                I2C1_ER_IRQHandler
                0x0000000008000594                FMC_IRQHandler
                0x0000000008000594                USBWakeUp_IRQHandler
                0x0000000008000594                DMA2_Channel3_IRQHandler
                0x0000000008000594                EXTI2_TSC_IRQHandler
                0x0000000008000594                TIM1_BRK_TIM15_IRQHandler
 *fill*         0x0000000008000596        0x2 
 .text.HAL_Init
                0x0000000008000598       0x2c Drivers/STM32F3xx_HAL_Driver/Src/stm32f3xx_hal.o
                0x0000000008000598                HAL_Init
 .text.HAL_InitTick
                0x00000000080005c4       0x60 Drivers/STM32F3xx_HAL_Driver/Src/stm32f3xx_hal.o
                0x00000000080005c4                HAL_InitTick
 .text.HAL_IncTick
                0x0000000008000624       0x28 Drivers/STM32F3xx_HAL_Driver/Src/stm32f3xx_hal.o
                0x0000000008000624                HAL_IncTick
 .text.HAL_GetTick
                0x000000000800064c       0x18 Drivers/STM32F3xx_HAL_Driver/Src/stm32f3xx_hal.o
                0x000000000800064c                HAL_GetTick
 .text.HAL_Delay
                0x0000000008000664       0x44 Drivers/STM32F3xx_HAL_Driver/Src/stm32f3xx_hal.o
                0x0000000008000664                HAL_Delay
 .text.__NVIC_SetPriorityGrouping
                0x00000000080006a8       0x48 Drivers/STM32F3xx_HAL_Driver/Src/stm32f3xx_hal_cortex.o
 .text.__NVIC_GetPriorityGrouping
                0x00000000080006f0       0x1c Drivers/STM32F3xx_HAL_Driver/Src/stm32f3xx_hal_cortex.o
 .text.__NVIC_SetPriority
                0x000000000800070c       0x54 Drivers/STM32F3xx_HAL_Driver/Src/stm32f3xx_hal_cortex.o
 .text.NVIC_EncodePriority
                0x0000000008000760       0x66 Drivers/STM32F3xx_HAL_Driver/Src/stm32f3xx_hal_cortex.o
 *fill*         0x00000000080007c6        0x2 
 .text.SysTick_Config
                0x00000000080007c8       0x44 Drivers/STM32F3xx_HAL_Driver/Src/stm32f3xx_hal_cortex.o
 .text.HAL_NVIC_SetPriorityGrouping
                0x000000000800080c       0x16 Drivers/STM32F3xx_HAL_Driver/Src/stm32f3xx_hal_cortex.o
                0x000000000800080c                HAL_NVIC_SetPriorityGrouping
 .text.HAL_NVIC_SetPriority
                0x0000000008000822       0x38 Drivers/STM32F3xx_HAL_Driver/Src/stm32f3xx_hal_cortex.o
                0x0000000008000822                HAL_NVIC_SetPriority
 .text.HAL_SYSTICK_Config
                0x000000000800085a       0x18 Drivers/STM32F3xx_HAL_Driver/Src/stm32f3xx_hal_cortex.o
                0x000000000800085a                HAL_SYSTICK_Config
 *fill*         0x0000000008000872        0x2 
 .text.HAL_GPIO_Init
                0x0000000008000874      0x314 Drivers/STM32F3xx_HAL_Driver/Src/stm32f3xx_hal_gpio.o
                0x0000000008000874                HAL_GPIO_Init
 .text.HAL_GPIO_WritePin
                0x0000000008000b88       0x30 Drivers/STM32F3xx_HAL_Driver/Src/stm32f3xx_hal_gpio.o
                0x0000000008000b88                HAL_GPIO_WritePin
 .text.HAL_GPIO_TogglePin
                0x0000000008000bb8       0x34 Drivers/STM32F3xx_HAL_Driver/Src/stm32f3xx_hal_gpio.o
                0x0000000008000bb8                HAL_GPIO_TogglePin
 .text.HAL_RCC_OscConfig
                0x0000000008000bec      0xe2c Drivers/STM32F3xx_HAL_Driver/Src/stm32f3xx_hal_rcc.o
                0x0000000008000bec                HAL_RCC_OscConfig
 .text.HAL_RCC_ClockConfig
                0x0000000008001a18      0x2f8 Drivers/STM32F3xx_HAL_Driver/Src/stm32f3xx_hal_rcc.o
                0x0000000008001a18                HAL_RCC_ClockConfig
 .text.HAL_RCC_GetSysClockFreq
                0x0000000008001d10       0xd4 Drivers/STM32F3xx_HAL_Driver/Src/stm32f3xx_hal_rcc.o
                0x0000000008001d10                HAL_RCC_GetSysClockFreq
 .text.HAL_RCCEx_PeriphCLKConfig
                0x0000000008001de4      0x43c Drivers/STM32F3xx_HAL_Driver/Src/stm32f3xx_hal_rcc_ex.o
                0x0000000008001de4                HAL_RCCEx_PeriphCLKConfig
 .text.HAL_RTC_Init
                0x0000000008002220      0x122 Drivers/STM32F3xx_HAL_Driver/Src/stm32f3xx_hal_rtc.o
                0x0000000008002220                HAL_RTC_Init
 .text.HAL_RTC_SetTime
                0x0000000008002342      0x17a Drivers/STM32F3xx_HAL_Driver/Src/stm32f3xx_hal_rtc.o
                0x0000000008002342                HAL_RTC_SetTime
 .text.HAL_RTC_GetTime
                0x00000000080024bc       0xbc Drivers/STM32F3xx_HAL_Driver/Src/stm32f3xx_hal_rtc.o
                0x00000000080024bc                HAL_RTC_GetTime
 .text.HAL_RTC_SetDate
                0x0000000008002578      0x14e Drivers/STM32F3xx_HAL_Driver/Src/stm32f3xx_hal_rtc.o
                0x0000000008002578                HAL_RTC_SetDate
 .text.HAL_RTC_WaitForSynchro
                0x00000000080026c6       0x50 Drivers/STM32F3xx_HAL_Driver/Src/stm32f3xx_hal_rtc.o
                0x00000000080026c6                HAL_RTC_WaitForSynchro
 .text.RTC_EnterInitMode
                0x0000000008002716       0x58 Drivers/STM32F3xx_HAL_Driver/Src/stm32f3xx_hal_rtc.o
                0x0000000008002716                RTC_EnterInitMode
 .text.RTC_ByteToBcd2
                0x000000000800276e       0x3c Drivers/STM32F3xx_HAL_Driver/Src/stm32f3xx_hal_rtc.o
                0x000000000800276e                RTC_ByteToBcd2
 .text.RTC_Bcd2ToByte
                0x00000000080027aa       0x3c Drivers/STM32F3xx_HAL_Driver/Src/stm32f3xx_hal_rtc.o
                0x00000000080027aa                RTC_Bcd2ToByte
 *fill*         0x00000000080027e6        0x2 
 .text.__libc_init_array
                0x00000000080027e8       0x48 c:/st/stm32cubeide_1.4.0/stm32cubeide/plugins/com.st.stm32cube.ide.mcu.externaltools.gnu-tools-for-stm32.7-2018-q2-update.win32_1.4.0.202007081208/tools/bin/../lib/gcc/arm-none-eabi/7.3.1/../../../../arm-none-eabi/lib/thumb/v7e-m/fpv4-sp/hard\libc_nano.a(lib_a-init.o)
                0x00000000080027e8                __libc_init_array
 .text.memset   0x0000000008002830       0x10 c:/st/stm32cubeide_1.4.0/stm32cubeide/plugins/com.st.stm32cube.ide.mcu.externaltools.gnu-tools-for-stm32.7-2018-q2-update.win32_1.4.0.202007081208/tools/bin/../lib/gcc/arm-none-eabi/7.3.1/../../../../arm-none-eabi/lib/thumb/v7e-m/fpv4-sp/hard\libc_nano.a(lib_a-memset.o)
                0x0000000008002830                memset
 *(.glue_7)
 .glue_7        0x0000000008002840        0x0 linker stubs
 *(.glue_7t)
 .glue_7t       0x0000000008002840        0x0 linker stubs
 *(.eh_frame)
 .eh_frame      0x0000000008002840        0x0 c:/st/stm32cubeide_1.4.0/stm32cubeide/plugins/com.st.stm32cube.ide.mcu.externaltools.gnu-tools-for-stm32.7-2018-q2-update.win32_1.4.0.202007081208/tools/bin/../lib/gcc/arm-none-eabi/7.3.1/thumb/v7e-m/fpv4-sp/hard/crtbegin.o
 *(.init)
 .init          0x0000000008002840        0x4 c:/st/stm32cubeide_1.4.0/stm32cubeide/plugins/com.st.stm32cube.ide.mcu.externaltools.gnu-tools-for-stm32.7-2018-q2-update.win32_1.4.0.202007081208/tools/bin/../lib/gcc/arm-none-eabi/7.3.1/thumb/v7e-m/fpv4-sp/hard/crti.o
                0x0000000008002840                _init
 .init          0x0000000008002844        0x8 c:/st/stm32cubeide_1.4.0/stm32cubeide/plugins/com.st.stm32cube.ide.mcu.externaltools.gnu-tools-for-stm32.7-2018-q2-update.win32_1.4.0.202007081208/tools/bin/../lib/gcc/arm-none-eabi/7.3.1/thumb/v7e-m/fpv4-sp/hard/crtn.o
 *(.fini)
 .fini          0x000000000800284c        0x4 c:/st/stm32cubeide_1.4.0/stm32cubeide/plugins/com.st.stm32cube.ide.mcu.externaltools.gnu-tools-for-stm32.7-2018-q2-update.win32_1.4.0.202007081208/tools/bin/../lib/gcc/arm-none-eabi/7.3.1/thumb/v7e-m/fpv4-sp/hard/crti.o
                0x000000000800284c                _fini
 .fini          0x0000000008002850        0x8 c:/st/stm32cubeide_1.4.0/stm32cubeide/plugins/com.st.stm32cube.ide.mcu.externaltools.gnu-tools-for-stm32.7-2018-q2-update.win32_1.4.0.202007081208/tools/bin/../lib/gcc/arm-none-eabi/7.3.1/thumb/v7e-m/fpv4-sp/hard/crtn.o
                0x0000000008002858                . = ALIGN (0x4)
                0x0000000008002858                _etext = .

.vfp11_veneer   0x0000000008002858        0x0
 .vfp11_veneer  0x0000000008002858        0x0 linker stubs

.v4_bx          0x0000000008002858        0x0
 .v4_bx         0x0000000008002858        0x0 linker stubs

.iplt           0x0000000008002858        0x0
 .iplt          0x0000000008002858        0x0 c:/st/stm32cubeide_1.4.0/stm32cubeide/plugins/com.st.stm32cube.ide.mcu.externaltools.gnu-tools-for-stm32.7-2018-q2-update.win32_1.4.0.202007081208/tools/bin/../lib/gcc/arm-none-eabi/7.3.1/thumb/v7e-m/fpv4-sp/hard/crtbegin.o

.rodata         0x0000000008002858       0x30
                0x0000000008002858                . = ALIGN (0x4)
 *(.rodata)
 *(.rodata*)
 .rodata.AHBPrescTable
                0x0000000008002858       0x10 Core/Src/system_stm32f3xx.o
                0x0000000008002858                AHBPrescTable
 .rodata.aPLLMULFactorTable
                0x0000000008002868       0x10 Drivers/STM32F3xx_HAL_Driver/Src/stm32f3xx_hal_rcc.o
                0x0000000008002868                aPLLMULFactorTable
 .rodata.aPredivFactorTable
                0x0000000008002878       0x10 Drivers/STM32F3xx_HAL_Driver/Src/stm32f3xx_hal_rcc.o
                0x0000000008002878                aPredivFactorTable
                0x0000000008002888                . = ALIGN (0x4)

.rel.dyn        0x0000000008002888        0x0
 .rel.iplt      0x0000000008002888        0x0 c:/st/stm32cubeide_1.4.0/stm32cubeide/plugins/com.st.stm32cube.ide.mcu.externaltools.gnu-tools-for-stm32.7-2018-q2-update.win32_1.4.0.202007081208/tools/bin/../lib/gcc/arm-none-eabi/7.3.1/thumb/v7e-m/fpv4-sp/hard/crtbegin.o

.ARM.extab      0x0000000008002888        0x0
                0x0000000008002888                . = ALIGN (0x4)
 *(.ARM.extab* .gnu.linkonce.armextab.*)
                0x0000000008002888                . = ALIGN (0x4)

.ARM            0x0000000008002888        0x0
                0x0000000008002888                . = ALIGN (0x4)
                0x0000000008002888                __exidx_start = .
 *(.ARM.exidx*)
                0x0000000008002888                __exidx_end = .
                0x0000000008002888                . = ALIGN (0x4)

.preinit_array  0x0000000008002888        0x0
                0x0000000008002888                . = ALIGN (0x4)
                0x0000000008002888                PROVIDE (__preinit_array_start = .)
 *(.preinit_array*)
                0x0000000008002888                PROVIDE (__preinit_array_end = .)
                0x0000000008002888                . = ALIGN (0x4)

.init_array     0x0000000008002888        0x4
                0x0000000008002888                . = ALIGN (0x4)
                0x0000000008002888                PROVIDE (__init_array_start = .)
 *(SORT_BY_NAME(.init_array.*))
 *(.init_array*)
 .init_array    0x0000000008002888        0x4 c:/st/stm32cubeide_1.4.0/stm32cubeide/plugins/com.st.stm32cube.ide.mcu.externaltools.gnu-tools-for-stm32.7-2018-q2-update.win32_1.4.0.202007081208/tools/bin/../lib/gcc/arm-none-eabi/7.3.1/thumb/v7e-m/fpv4-sp/hard/crtbegin.o
                0x000000000800288c                PROVIDE (__init_array_end = .)
                0x000000000800288c                . = ALIGN (0x4)

.fini_array     0x000000000800288c        0x4
                0x000000000800288c                . = ALIGN (0x4)
                [!provide]                        PROVIDE (__fini_array_start = .)
 *(SORT_BY_NAME(.fini_array.*))
 *(.fini_array*)
 .fini_array    0x000000000800288c        0x4 c:/st/stm32cubeide_1.4.0/stm32cubeide/plugins/com.st.stm32cube.ide.mcu.externaltools.gnu-tools-for-stm32.7-2018-q2-update.win32_1.4.0.202007081208/tools/bin/../lib/gcc/arm-none-eabi/7.3.1/thumb/v7e-m/fpv4-sp/hard/crtbegin.o
                [!provide]                        PROVIDE (__fini_array_end = .)
                0x0000000008002890                . = ALIGN (0x4)
                0x0000000008002890                _sidata = LOADADDR (.data)

.data           0x0000000020000000        0xc load address 0x0000000008002890
                0x0000000020000000                . = ALIGN (0x4)
                0x0000000020000000                _sdata = .
 *(.data)
 *(.data*)
 .data.SystemCoreClock
                0x0000000020000000        0x4 Core/Src/system_stm32f3xx.o
                0x0000000020000000                SystemCoreClock
 .data.uwTickPrio
                0x0000000020000004        0x4 Drivers/STM32F3xx_HAL_Driver/Src/stm32f3xx_hal.o
                0x0000000020000004                uwTickPrio
 .data.uwTickFreq
                0x0000000020000008        0x1 Drivers/STM32F3xx_HAL_Driver/Src/stm32f3xx_hal.o
                0x0000000020000008                uwTickFreq
                0x000000002000000c                . = ALIGN (0x4)
 *fill*         0x0000000020000009        0x3 
                0x000000002000000c                _edata = .

.igot.plt       0x000000002000000c        0x0 load address 0x000000000800289c
 .igot.plt      0x000000002000000c        0x0 c:/st/stm32cubeide_1.4.0/stm32cubeide/plugins/com.st.stm32cube.ide.mcu.externaltools.gnu-tools-for-stm32.7-2018-q2-update.win32_1.4.0.202007081208/tools/bin/../lib/gcc/arm-none-eabi/7.3.1/thumb/v7e-m/fpv4-sp/hard/crtbegin.o
                0x000000002000000c                . = ALIGN (0x4)

.bss            0x000000002000000c       0x54 load address 0x000000000800289c
                0x000000002000000c                _sbss = .
                0x000000002000000c                __bss_start__ = _sbss
 *(.bss)
 .bss           0x000000002000000c       0x1c c:/st/stm32cubeide_1.4.0/stm32cubeide/plugins/com.st.stm32cube.ide.mcu.externaltools.gnu-tools-for-stm32.7-2018-q2-update.win32_1.4.0.202007081208/tools/bin/../lib/gcc/arm-none-eabi/7.3.1/thumb/v7e-m/fpv4-sp/hard/crtbegin.o
 *(.bss*)
 *(COMMON)
 COMMON         0x0000000020000028       0x34 Core/Src/main.o
                0x0000000020000028                timeStruct
                0x000000002000003c                hrtc
 COMMON         0x000000002000005c        0x4 Drivers/STM32F3xx_HAL_Driver/Src/stm32f3xx_hal.o
                0x000000002000005c                uwTick
                0x0000000020000060                . = ALIGN (0x4)
                0x0000000020000060                _ebss = .
                0x0000000020000060                __bss_end__ = _ebss

._user_heap_stack
                0x0000000020000060      0x600 load address 0x000000000800289c
                0x0000000020000060                . = ALIGN (0x8)
                [!provide]                        PROVIDE (end = .)
                0x0000000020000060                PROVIDE (_end = .)
                0x0000000020000260                . = (. + _Min_Heap_Size)
 *fill*         0x0000000020000060      0x200 
                0x0000000020000660                . = (. + _Min_Stack_Size)
 *fill*         0x0000000020000260      0x400 
                0x0000000020000660                . = ALIGN (0x8)

/DISCARD/
 libc.a(*)
 libm.a(*)
 libgcc.a(*)

.ARM.attributes
                0x0000000000000000       0x30
 *(.ARM.attributes)
 .ARM.attributes
                0x0000000000000000       0x22 c:/st/stm32cubeide_1.4.0/stm32cubeide/plugins/com.st.stm32cube.ide.mcu.externaltools.gnu-tools-for-stm32.7-2018-q2-update.win32_1.4.0.202007081208/tools/bin/../lib/gcc/arm-none-eabi/7.3.1/thumb/v7e-m/fpv4-sp/hard/crti.o
 .ARM.attributes
                0x0000000000000022       0x34 c:/st/stm32cubeide_1.4.0/stm32cubeide/plugins/com.st.stm32cube.ide.mcu.externaltools.gnu-tools-for-stm32.7-2018-q2-update.win32_1.4.0.202007081208/tools/bin/../lib/gcc/arm-none-eabi/7.3.1/thumb/v7e-m/fpv4-sp/hard/crtbegin.o
 .ARM.attributes
                0x0000000000000056       0x39 Core/Src/main.o
 .ARM.attributes
                0x000000000000008f       0x39 Core/Src/stm32f3xx_hal_msp.o
 .ARM.attributes
                0x00000000000000c8       0x39 Core/Src/stm32f3xx_it.o
 .ARM.attributes
                0x0000000000000101       0x39 Core/Src/system_stm32f3xx.o
 .ARM.attributes
                0x000000000000013a       0x21 Core/Startup/startup_stm32f303retx.o
 .ARM.attributes
                0x000000000000015b       0x39 Drivers/STM32F3xx_HAL_Driver/Src/stm32f3xx_hal.o
 .ARM.attributes
                0x0000000000000194       0x39 Drivers/STM32F3xx_HAL_Driver/Src/stm32f3xx_hal_cortex.o
 .ARM.attributes
                0x00000000000001cd       0x39 Drivers/STM32F3xx_HAL_Driver/Src/stm32f3xx_hal_gpio.o
 .ARM.attributes
                0x0000000000000206       0x39 Drivers/STM32F3xx_HAL_Driver/Src/stm32f3xx_hal_rcc.o
 .ARM.attributes
                0x000000000000023f       0x39 Drivers/STM32F3xx_HAL_Driver/Src/stm32f3xx_hal_rcc_ex.o
 .ARM.attributes
                0x0000000000000278       0x39 Drivers/STM32F3xx_HAL_Driver/Src/stm32f3xx_hal_rtc.o
 .ARM.attributes
                0x00000000000002b1       0x34 c:/st/stm32cubeide_1.4.0/stm32cubeide/plugins/com.st.stm32cube.ide.mcu.externaltools.gnu-tools-for-stm32.7-2018-q2-update.win32_1.4.0.202007081208/tools/bin/../lib/gcc/arm-none-eabi/7.3.1/../../../../arm-none-eabi/lib/thumb/v7e-m/fpv4-sp/hard\libc_nano.a(lib_a-init.o)
 .ARM.attributes
                0x00000000000002e5       0x34 c:/st/stm32cubeide_1.4.0/stm32cubeide/plugins/com.st.stm32cube.ide.mcu.externaltools.gnu-tools-for-stm32.7-2018-q2-update.win32_1.4.0.202007081208/tools/bin/../lib/gcc/arm-none-eabi/7.3.1/../../../../arm-none-eabi/lib/thumb/v7e-m/fpv4-sp/hard\libc_nano.a(lib_a-memset.o)
 .ARM.attributes
                0x0000000000000319       0x22 c:/st/stm32cubeide_1.4.0/stm32cubeide/plugins/com.st.stm32cube.ide.mcu.externaltools.gnu-tools-for-stm32.7-2018-q2-update.win32_1.4.0.202007081208/tools/bin/../lib/gcc/arm-none-eabi/7.3.1/thumb/v7e-m/fpv4-sp/hard/crtn.o
OUTPUT(RTC_01.elf elf32-littlearm)

.debug_info     0x0000000000000000     0x60d4
 .debug_info    0x0000000000000000      0xa84 Core/Src/main.o
 .debug_info    0x0000000000000a84      0x64c Core/Src/stm32f3xx_hal_msp.o
 .debug_info    0x00000000000010d0      0x20d Core/Src/stm32f3xx_it.o
 .debug_info    0x00000000000012dd      0x45c Core/Src/system_stm32f3xx.o
 .debug_info    0x0000000000001739       0x22 Core/Startup/startup_stm32f303retx.o
 .debug_info    0x000000000000175b      0x812 Drivers/STM32F3xx_HAL_Driver/Src/stm32f3xx_hal.o
 .debug_info    0x0000000000001f6d      0xdc9 Drivers/STM32F3xx_HAL_Driver/Src/stm32f3xx_hal_cortex.o
 .debug_info    0x0000000000002d36      0x7c1 Drivers/STM32F3xx_HAL_Driver/Src/stm32f3xx_hal_gpio.o
 .debug_info    0x00000000000034f7     0x181f Drivers/STM32F3xx_HAL_Driver/Src/stm32f3xx_hal_rcc.o
 .debug_info    0x0000000000004d16      0x708 Drivers/STM32F3xx_HAL_Driver/Src/stm32f3xx_hal_rcc_ex.o
 .debug_info    0x000000000000541e      0xcb6 Drivers/STM32F3xx_HAL_Driver/Src/stm32f3xx_hal_rtc.o

.debug_abbrev   0x0000000000000000     0x1217
 .debug_abbrev  0x0000000000000000      0x19a Core/Src/main.o
 .debug_abbrev  0x000000000000019a      0x1a5 Core/Src/stm32f3xx_hal_msp.o
 .debug_abbrev  0x000000000000033f       0xc6 Core/Src/stm32f3xx_it.o
 .debug_abbrev  0x0000000000000405      0x12b Core/Src/system_stm32f3xx.o
 .debug_abbrev  0x0000000000000530       0x12 Core/Startup/startup_stm32f303retx.o
 .debug_abbrev  0x0000000000000542      0x1c7 Drivers/STM32F3xx_HAL_Driver/Src/stm32f3xx_hal.o
 .debug_abbrev  0x0000000000000709      0x2fa Drivers/STM32F3xx_HAL_Driver/Src/stm32f3xx_hal_cortex.o
 .debug_abbrev  0x0000000000000a03      0x1c0 Drivers/STM32F3xx_HAL_Driver/Src/stm32f3xx_hal_gpio.o
 .debug_abbrev  0x0000000000000bc3      0x28c Drivers/STM32F3xx_HAL_Driver/Src/stm32f3xx_hal_rcc.o
 .debug_abbrev  0x0000000000000e4f      0x219 Drivers/STM32F3xx_HAL_Driver/Src/stm32f3xx_hal_rcc_ex.o
 .debug_abbrev  0x0000000000001068      0x1af Drivers/STM32F3xx_HAL_Driver/Src/stm32f3xx_hal_rtc.o

.debug_aranges  0x0000000000000000      0x510
 .debug_aranges
                0x0000000000000000       0x40 Core/Src/main.o
 .debug_aranges
                0x0000000000000040       0x30 Core/Src/stm32f3xx_hal_msp.o
 .debug_aranges
                0x0000000000000070       0x60 Core/Src/stm32f3xx_it.o
 .debug_aranges
                0x00000000000000d0       0x28 Core/Src/system_stm32f3xx.o
 .debug_aranges
                0x00000000000000f8       0x28 Core/Startup/startup_stm32f303retx.o
 .debug_aranges
                0x0000000000000120       0xe0 Drivers/STM32F3xx_HAL_Driver/Src/stm32f3xx_hal.o
 .debug_aranges
                0x0000000000000200      0x118 Drivers/STM32F3xx_HAL_Driver/Src/stm32f3xx_hal_cortex.o
 .debug_aranges
                0x0000000000000318       0x58 Drivers/STM32F3xx_HAL_Driver/Src/stm32f3xx_hal_gpio.o
 .debug_aranges
                0x0000000000000370       0x88 Drivers/STM32F3xx_HAL_Driver/Src/stm32f3xx_hal_rcc.o
 .debug_aranges
                0x00000000000003f8       0x38 Drivers/STM32F3xx_HAL_Driver/Src/stm32f3xx_hal_rcc_ex.o
 .debug_aranges
                0x0000000000000430       0xe0 Drivers/STM32F3xx_HAL_Driver/Src/stm32f3xx_hal_rtc.o

.debug_ranges   0x0000000000000000      0x468
 .debug_ranges  0x0000000000000000       0x30 Core/Src/main.o
 .debug_ranges  0x0000000000000030       0x20 Core/Src/stm32f3xx_hal_msp.o
 .debug_ranges  0x0000000000000050       0x50 Core/Src/stm32f3xx_it.o
 .debug_ranges  0x00000000000000a0       0x18 Core/Src/system_stm32f3xx.o
 .debug_ranges  0x00000000000000b8       0x20 Core/Startup/startup_stm32f303retx.o
 .debug_ranges  0x00000000000000d8       0xd0 Drivers/STM32F3xx_HAL_Driver/Src/stm32f3xx_hal.o
 .debug_ranges  0x00000000000001a8      0x108 Drivers/STM32F3xx_HAL_Driver/Src/stm32f3xx_hal_cortex.o
 .debug_ranges  0x00000000000002b0       0x48 Drivers/STM32F3xx_HAL_Driver/Src/stm32f3xx_hal_gpio.o
 .debug_ranges  0x00000000000002f8       0x78 Drivers/STM32F3xx_HAL_Driver/Src/stm32f3xx_hal_rcc.o
 .debug_ranges  0x0000000000000370       0x28 Drivers/STM32F3xx_HAL_Driver/Src/stm32f3xx_hal_rcc_ex.o
 .debug_ranges  0x0000000000000398       0xd0 Drivers/STM32F3xx_HAL_Driver/Src/stm32f3xx_hal_rtc.o

.debug_macro    0x0000000000000000    0x1ee57
 .debug_macro   0x0000000000000000      0x1dd Core/Src/main.o
 .debug_macro   0x00000000000001dd      0xa5a Core/Src/main.o
 .debug_macro   0x0000000000000c37      0x151 Core/Src/main.o
 .debug_macro   0x0000000000000d88       0x2e Core/Src/main.o
 .debug_macro   0x0000000000000db6       0x28 Core/Src/main.o
 .debug_macro   0x0000000000000dde       0x22 Core/Src/main.o
 .debug_macro   0x0000000000000e00       0x8e Core/Src/main.o
 .debug_macro   0x0000000000000e8e       0x51 Core/Src/main.o
 .debug_macro   0x0000000000000edf       0xef Core/Src/main.o
 .debug_macro   0x0000000000000fce       0x6a Core/Src/main.o
 .debug_macro   0x0000000000001038      0x1df Core/Src/main.o
 .debug_macro   0x0000000000001217       0x1c Core/Src/main.o
 .debug_macro   0x0000000000001233       0x22 Core/Src/main.o
 .debug_macro   0x0000000000001255       0xdf Core/Src/main.o
 .debug_macro   0x0000000000001334     0x102d Core/Src/main.o
 .debug_macro   0x0000000000002361      0x11f Core/Src/main.o
 .debug_macro   0x0000000000002480    0x15353 Core/Src/main.o
 .debug_macro   0x00000000000177d3       0x43 Core/Src/main.o
 .debug_macro   0x0000000000017816     0x35e9 Core/Src/main.o
 .debug_macro   0x000000000001adff      0x174 Core/Src/main.o
 .debug_macro   0x000000000001af73       0x55 Core/Src/main.o
 .debug_macro   0x000000000001afc8      0x954 Core/Src/main.o
 .debug_macro   0x000000000001b91c      0x84a Core/Src/main.o
 .debug_macro   0x000000000001c166      0x12f Core/Src/main.o
 .debug_macro   0x000000000001c295      0x23a Core/Src/main.o
 .debug_macro   0x000000000001c4cf      0x1ea Core/Src/main.o
 .debug_macro   0x000000000001c6b9      0x1bc Core/Src/main.o
 .debug_macro   0x000000000001c875       0x30 Core/Src/main.o
 .debug_macro   0x000000000001c8a5       0x3c Core/Src/main.o
 .debug_macro   0x000000000001c8e1      0x236 Core/Src/main.o
 .debug_macro   0x000000000001cb17       0xc5 Core/Src/main.o
 .debug_macro   0x000000000001cbdc      0x21d Core/Src/main.o
 .debug_macro   0x000000000001cdf9      0x22c Core/Src/main.o
 .debug_macro   0x000000000001d025       0x5b Core/Src/main.o
 .debug_macro   0x000000000001d080       0xa5 Core/Src/main.o
 .debug_macro   0x000000000001d125       0x81 Core/Src/main.o
 .debug_macro   0x000000000001d1a6       0xd3 Core/Src/main.o
 .debug_macro   0x000000000001d279      0x30c Core/Src/main.o
 .debug_macro   0x000000000001d585      0x3df Core/Src/main.o
 .debug_macro   0x000000000001d964       0xeb Core/Src/main.o
 .debug_macro   0x000000000001da4f      0x347 Core/Src/main.o
 .debug_macro   0x000000000001dd96       0x10 Core/Src/main.o
 .debug_macro   0x000000000001dda6      0x1d7 Core/Src/stm32f3xx_hal_msp.o
 .debug_macro   0x000000000001df7d      0x1e1 Core/Src/stm32f3xx_it.o
 .debug_macro   0x000000000001e15e      0x1c8 Core/Src/system_stm32f3xx.o
 .debug_macro   0x000000000001e326      0x1ec Drivers/STM32F3xx_HAL_Driver/Src/stm32f3xx_hal.o
 .debug_macro   0x000000000001e512      0x1c8 Drivers/STM32F3xx_HAL_Driver/Src/stm32f3xx_hal_cortex.o
 .debug_macro   0x000000000001e6da      0x200 Drivers/STM32F3xx_HAL_Driver/Src/stm32f3xx_hal_gpio.o
 .debug_macro   0x000000000001e8da      0x1ec Drivers/STM32F3xx_HAL_Driver/Src/stm32f3xx_hal_rcc.o
 .debug_macro   0x000000000001eac6      0x1c8 Drivers/STM32F3xx_HAL_Driver/Src/stm32f3xx_hal_rcc_ex.o
 .debug_macro   0x000000000001ec8e      0x1c9 Drivers/STM32F3xx_HAL_Driver/Src/stm32f3xx_hal_rtc.o

.debug_line     0x0000000000000000     0x5abc
 .debug_line    0x0000000000000000      0x737 Core/Src/main.o
 .debug_line    0x0000000000000737      0x6fc Core/Src/stm32f3xx_hal_msp.o
 .debug_line    0x0000000000000e33      0x75d Core/Src/stm32f3xx_it.o
 .debug_line    0x0000000000001590      0x6d8 Core/Src/system_stm32f3xx.o
 .debug_line    0x0000000000001c68       0x88 Core/Startup/startup_stm32f303retx.o
 .debug_line    0x0000000000001cf0      0x894 Drivers/STM32F3xx_HAL_Driver/Src/stm32f3xx_hal.o
 .debug_line    0x0000000000002584      0x9c9 Drivers/STM32F3xx_HAL_Driver/Src/stm32f3xx_hal_cortex.o
 .debug_line    0x0000000000002f4d      0x86f Drivers/STM32F3xx_HAL_Driver/Src/stm32f3xx_hal_gpio.o
 .debug_line    0x00000000000037bc      0xe0f Drivers/STM32F3xx_HAL_Driver/Src/stm32f3xx_hal_rcc.o
 .debug_line    0x00000000000045cb      0xa37 Drivers/STM32F3xx_HAL_Driver/Src/stm32f3xx_hal_rcc_ex.o
 .debug_line    0x0000000000005002      0xaba Drivers/STM32F3xx_HAL_Driver/Src/stm32f3xx_hal_rtc.o

.debug_str      0x0000000000000000    0xbc8ca
 .debug_str     0x0000000000000000    0xbb394 Core/Src/main.o
                                      0xbba75 (size before relaxing)
 .debug_str     0x00000000000bb394       0x5c Core/Src/stm32f3xx_hal_msp.o
                                      0xbb63b (size before relaxing)
 .debug_str     0x00000000000bb3f0       0xbd Core/Src/stm32f3xx_it.o
                                      0xbb435 (size before relaxing)
 .debug_str     0x00000000000bb4ad       0xb3 Core/Src/system_stm32f3xx.o
                                      0xbb455 (size before relaxing)
 .debug_str     0x00000000000bb560       0x36 Core/Startup/startup_stm32f303retx.o
                                         0x67 (size before relaxing)
 .debug_str     0x00000000000bb596      0x67e Drivers/STM32F3xx_HAL_Driver/Src/stm32f3xx_hal.o
                                      0xbbc5c (size before relaxing)
 .debug_str     0x00000000000bbc14      0x3c7 Drivers/STM32F3xx_HAL_Driver/Src/stm32f3xx_hal_cortex.o
                                      0xbbd6a (size before relaxing)
 .debug_str     0x00000000000bbfdb      0x283 Drivers/STM32F3xx_HAL_Driver/Src/stm32f3xx_hal_gpio.o
                                      0xbb733 (size before relaxing)
 .debug_str     0x00000000000bc25e      0x2f5 Drivers/STM32F3xx_HAL_Driver/Src/stm32f3xx_hal_rcc.o
                                      0xbb8c7 (size before relaxing)
 .debug_str     0x00000000000bc553       0xd8 Drivers/STM32F3xx_HAL_Driver/Src/stm32f3xx_hal_rcc_ex.o
                                      0xbb711 (size before relaxing)
 .debug_str     0x00000000000bc62b      0x29f Drivers/STM32F3xx_HAL_Driver/Src/stm32f3xx_hal_rtc.o
                                      0xbb94b (size before relaxing)

.comment        0x0000000000000000       0x7b
 .comment       0x0000000000000000       0x7b Core/Src/main.o
                                         0x7c (size before relaxing)
 .comment       0x000000000000007b       0x7c Core/Src/stm32f3xx_hal_msp.o
 .comment       0x000000000000007b       0x7c Core/Src/stm32f3xx_it.o
 .comment       0x000000000000007b       0x7c Core/Src/system_stm32f3xx.o
 .comment       0x000000000000007b       0x7c Drivers/STM32F3xx_HAL_Driver/Src/stm32f3xx_hal.o
 .comment       0x000000000000007b       0x7c Drivers/STM32F3xx_HAL_Driver/Src/stm32f3xx_hal_cortex.o
 .comment       0x000000000000007b       0x7c Drivers/STM32F3xx_HAL_Driver/Src/stm32f3xx_hal_gpio.o
 .comment       0x000000000000007b       0x7c Drivers/STM32F3xx_HAL_Driver/Src/stm32f3xx_hal_rcc.o
 .comment       0x000000000000007b       0x7c Drivers/STM32F3xx_HAL_Driver/Src/stm32f3xx_hal_rcc_ex.o
 .comment       0x000000000000007b       0x7c Drivers/STM32F3xx_HAL_Driver/Src/stm32f3xx_hal_rtc.o

.debug_frame    0x0000000000000000     0x12a0
 .debug_frame   0x0000000000000000       0xbc Core/Src/main.o
 .debug_frame   0x00000000000000bc       0x84 Core/Src/stm32f3xx_hal_msp.o
 .debug_frame   0x0000000000000140      0x10c Core/Src/stm32f3xx_it.o
 .debug_frame   0x000000000000024c       0x58 Core/Src/system_stm32f3xx.o
 .debug_frame   0x00000000000002a4      0x334 Drivers/STM32F3xx_HAL_Driver/Src/stm32f3xx_hal.o
 .debug_frame   0x00000000000005d8      0x498 Drivers/STM32F3xx_HAL_Driver/Src/stm32f3xx_hal_cortex.o
 .debug_frame   0x0000000000000a70      0x14c Drivers/STM32F3xx_HAL_Driver/Src/stm32f3xx_hal_gpio.o
 .debug_frame   0x0000000000000bbc      0x214 Drivers/STM32F3xx_HAL_Driver/Src/stm32f3xx_hal_rcc.o
 .debug_frame   0x0000000000000dd0       0xb4 Drivers/STM32F3xx_HAL_Driver/Src/stm32f3xx_hal_rcc_ex.o
 .debug_frame   0x0000000000000e84      0x3d0 Drivers/STM32F3xx_HAL_Driver/Src/stm32f3xx_hal_rtc.o
 .debug_frame   0x0000000000001254       0x2c c:/st/stm32cubeide_1.4.0/stm32cubeide/plugins/com.st.stm32cube.ide.mcu.externaltools.gnu-tools-for-stm32.7-2018-q2-update.win32_1.4.0.202007081208/tools/bin/../lib/gcc/arm-none-eabi/7.3.1/../../../../arm-none-eabi/lib/thumb/v7e-m/fpv4-sp/hard\libc_nano.a(lib_a-init.o)
 .debug_frame   0x0000000000001280       0x20 c:/st/stm32cubeide_1.4.0/stm32cubeide/plugins/com.st.stm32cube.ide.mcu.externaltools.gnu-tools-for-stm32.7-2018-q2-update.win32_1.4.0.202007081208/tools/bin/../lib/gcc/arm-none-eabi/7.3.1/../../../../arm-none-eabi/lib/thumb/v7e-m/fpv4-sp/hard\libc_nano.a(lib_a-memset.o)
